Component: ARM Compiler 5.06 update 6 (build 750) Tool: armlink [4d35ed]

==============================================================================

Section Cross References

    startup_stm32f103xb.o(RESET) refers to startup_stm32f103xb.o(STACK) for __initial_sp
    startup_stm32f103xb.o(RESET) refers to startup_stm32f103xb.o(.text) for Reset_Handler
    startup_stm32f103xb.o(RESET) refers to stm32f1xx_it.o(i.NMI_Handler) for NMI_Handler
    startup_stm32f103xb.o(RESET) refers to stm32f1xx_it.o(i.HardFault_Handler) for HardFault_Handler
    startup_stm32f103xb.o(RESET) refers to stm32f1xx_it.o(i.MemManage_Handler) for MemManage_Handler
    startup_stm32f103xb.o(RESET) refers to stm32f1xx_it.o(i.BusFault_Handler) for BusFault_Handler
    startup_stm32f103xb.o(RESET) refers to stm32f1xx_it.o(i.UsageFault_Handler) for UsageFault_Handler
    startup_stm32f103xb.o(RESET) refers to stm32f1xx_it.o(i.SVC_Handler) for SVC_Handler
    startup_stm32f103xb.o(RESET) refers to stm32f1xx_it.o(i.DebugMon_Handler) for DebugMon_Handler
    startup_stm32f103xb.o(RESET) refers to stm32f1xx_it.o(i.PendSV_Handler) for PendSV_Handler
    startup_stm32f103xb.o(RESET) refers to stm32f1xx_it.o(i.SysTick_Handler) for SysTick_Handler
    startup_stm32f103xb.o(RESET) refers to stm32f1xx_it.o(i.DMA1_Channel1_IRQHandler) for DMA1_Channel1_IRQHandler
    startup_stm32f103xb.o(RESET) refers to stm32f1xx_it.o(i.ADC1_2_IRQHandler) for ADC1_2_IRQHandler
    startup_stm32f103xb.o(RESET) refers to stm32f1xx_it.o(i.TIM2_IRQHandler) for TIM2_IRQHandler
    startup_stm32f103xb.o(RESET) refers to stm32f1xx_it.o(i.TIM3_IRQHandler) for TIM3_IRQHandler
    startup_stm32f103xb.o(RESET) refers to stm32f1xx_it.o(i.USART1_IRQHandler) for USART1_IRQHandler
    startup_stm32f103xb.o(RESET) refers to stm32f1xx_it.o(i.USART3_IRQHandler) for USART3_IRQHandler
    startup_stm32f103xb.o(.text) refers to system_stm32f1xx.o(i.SystemInit) for SystemInit
    startup_stm32f103xb.o(.text) refers to entry.o(.ARM.Collect$$$$00000000) for __main
    stm32f1xx_hal_adc.o(i.ADC_ConversionStop_Disable) refers to stm32f1xx_hal.o(i.HAL_GetTick) for HAL_GetTick
    stm32f1xx_hal_adc.o(i.ADC_DMAConvCplt) refers to stm32f1xx_hal_adc.o(i.HAL_ADC_ConvCpltCallback) for HAL_ADC_ConvCpltCallback
    stm32f1xx_hal_adc.o(i.ADC_DMAError) refers to stm32f1xx_hal_adc.o(i.HAL_ADC_ErrorCallback) for HAL_ADC_ErrorCallback
    stm32f1xx_hal_adc.o(i.ADC_DMAHalfConvCplt) refers to stm32f1xx_hal_adc.o(i.HAL_ADC_ConvHalfCpltCallback) for HAL_ADC_ConvHalfCpltCallback
    stm32f1xx_hal_adc.o(i.ADC_Enable) refers to stm32f1xx_hal.o(i.HAL_GetTick) for HAL_GetTick
    stm32f1xx_hal_adc.o(i.ADC_Enable) refers to system_stm32f1xx.o(.data) for SystemCoreClock
    stm32f1xx_hal_adc.o(i.HAL_ADC_ConfigChannel) refers to system_stm32f1xx.o(.data) for SystemCoreClock
    stm32f1xx_hal_adc.o(i.HAL_ADC_DeInit) refers to stm32f1xx_hal_adc.o(i.ADC_ConversionStop_Disable) for ADC_ConversionStop_Disable
    stm32f1xx_hal_adc.o(i.HAL_ADC_DeInit) refers to stm32f1xx_hal_msp.o(i.HAL_ADC_MspDeInit) for HAL_ADC_MspDeInit
    stm32f1xx_hal_adc.o(i.HAL_ADC_IRQHandler) refers to stm32f1xx_hal_adc.o(i.HAL_ADC_ConvCpltCallback) for HAL_ADC_ConvCpltCallback
    stm32f1xx_hal_adc.o(i.HAL_ADC_IRQHandler) refers to stm32f1xx_hal_adc_ex.o(i.HAL_ADCEx_InjectedConvCpltCallback) for HAL_ADCEx_InjectedConvCpltCallback
    stm32f1xx_hal_adc.o(i.HAL_ADC_IRQHandler) refers to stm32f1xx_hal_adc.o(i.HAL_ADC_LevelOutOfWindowCallback) for HAL_ADC_LevelOutOfWindowCallback
    stm32f1xx_hal_adc.o(i.HAL_ADC_Init) refers to stm32f1xx_hal_msp.o(i.HAL_ADC_MspInit) for HAL_ADC_MspInit
    stm32f1xx_hal_adc.o(i.HAL_ADC_Init) refers to stm32f1xx_hal_adc.o(i.ADC_ConversionStop_Disable) for ADC_ConversionStop_Disable
    stm32f1xx_hal_adc.o(i.HAL_ADC_PollForConversion) refers to stm32f1xx_hal.o(i.HAL_GetTick) for HAL_GetTick
    stm32f1xx_hal_adc.o(i.HAL_ADC_PollForConversion) refers to stm32f1xx_hal_rcc_ex.o(i.HAL_RCCEx_GetPeriphCLKFreq) for HAL_RCCEx_GetPeriphCLKFreq
    stm32f1xx_hal_adc.o(i.HAL_ADC_PollForConversion) refers to system_stm32f1xx.o(.data) for SystemCoreClock
    stm32f1xx_hal_adc.o(i.HAL_ADC_PollForEvent) refers to stm32f1xx_hal.o(i.HAL_GetTick) for HAL_GetTick
    stm32f1xx_hal_adc.o(i.HAL_ADC_Start) refers to stm32f1xx_hal_adc.o(i.ADC_Enable) for ADC_Enable
    stm32f1xx_hal_adc.o(i.HAL_ADC_Start_DMA) refers to stm32f1xx_hal_adc.o(i.ADC_Enable) for ADC_Enable
    stm32f1xx_hal_adc.o(i.HAL_ADC_Start_DMA) refers to stm32f1xx_hal_dma.o(i.HAL_DMA_Start_IT) for HAL_DMA_Start_IT
    stm32f1xx_hal_adc.o(i.HAL_ADC_Start_DMA) refers to stm32f1xx_hal_adc.o(i.ADC_DMAConvCplt) for ADC_DMAConvCplt
    stm32f1xx_hal_adc.o(i.HAL_ADC_Start_DMA) refers to stm32f1xx_hal_adc.o(i.ADC_DMAHalfConvCplt) for ADC_DMAHalfConvCplt
    stm32f1xx_hal_adc.o(i.HAL_ADC_Start_DMA) refers to stm32f1xx_hal_adc.o(i.ADC_DMAError) for ADC_DMAError
    stm32f1xx_hal_adc.o(i.HAL_ADC_Start_IT) refers to stm32f1xx_hal_adc.o(i.ADC_Enable) for ADC_Enable
[...]
    i.HAL_UART_ErrorCallback                 0x08002734   Section        0  stm32f1xx_hal_uart.o(i.HAL_UART_ErrorCallback)
    i.HAL_UART_IRQHandler                    0x08002738   Section        0  stm32f1xx_hal_uart.o(i.HAL_UART_IRQHandler)
    i.HAL_UART_Init                          0x08002848   Section        0  stm32f1xx_hal_uart.o(i.HAL_UART_Init)
    i.HAL_UART_MspInit                       0x080028ac   Section        0  stm32f1xx_hal_msp.o(i.HAL_UART_MspInit)
    i.HAL_UART_Receive                       0x08002994   Section        0  stm32f1xx_hal_uart.o(i.HAL_UART_Receive)
    i.HAL_UART_RxCpltCallback                0x08002a4e   Section        0  stm32f1xx_hal_uart.o(i.HAL_UART_RxCpltCallback)
    i.HAL_UART_Transmit                      0x08002a50   Section        0  stm32f1xx_hal_uart.o(i.HAL_UART_Transmit)
    i.HAL_UART_TxCpltCallback                0x08002b0a   Section        0  stm32f1xx_hal_uart.o(i.HAL_UART_TxCpltCallback)
    i.HardFault_Handler                      0x08002b0c   Section        0  stm32f1xx_it.o(i.HardFault_Handler)
    i.MX_ADC1_Init                           0x08002b10   Section        0  main.o(i.MX_ADC1_Init)
    MX_ADC1_Init                             0x08002b11   Thumb Code   118  main.o(i.MX_ADC1_Init)
    i.MX_FATFS_Init                          0x08002b90   Section        0  fatfs.o(i.MX_FATFS_Init)
    i.MX_GPIO_Init                           0x08002bac   Section        0  main.o(i.MX_GPIO_Init)
    MX_GPIO_Init                             0x08002bad   Thumb Code   144  main.o(i.MX_GPIO_Init)
    i.MX_SPI1_Init                           0x08002c48   Section        0  main.o(i.MX_SPI1_Init)
    MX_SPI1_Init                             0x08002c49   Thumb Code    58  main.o(i.MX_SPI1_Init)
    i.MX_TIM1_Init                           0x08002c8c   Section        0  main.o(i.MX_TIM1_Init)
    MX_TIM1_Init                             0x08002c8d   Thumb Code   196  main.o(i.MX_TIM1_Init)
    i.MX_TIM2_Init                           0x08002d58   Section        0  main.o(i.MX_TIM2_Init)
    MX_TIM2_Init                             0x08002d59   Thumb Code    86  main.o(i.MX_TIM2_Init)
    i.MX_TIM3_Init                           0x08002db4   Section        0  main.o(i.MX_TIM3_Init)
    MX_TIM3_Init                             0x08002db5   Thumb Code    86  main.o(i.MX_TIM3_Init)
    i.MemManage_Handler                      0x08002e14   Section        0  stm32f1xx_it.o(i.MemManage_Handler)
    i.NMI_Handler                            0x08002e16   Section        0  stm32f1xx_it.o(i.NMI_Handler)
    i.NVIC_SetPriority                       0x08002e18   Section        0  stm32f1xx_hal_cortex.o(i.NVIC_SetPriority)
    NVIC_SetPriority                         0x08002e19   Thumb Code    32  stm32f1xx_hal_cortex.o(i.NVIC_SetPriority)
    i.PendSV_Handler                         0x08002e38   Section        0  stm32f1xx_it.o(i.PendSV_Handler)
    i.SDTimer_Handler                        0x08002e3c   Section        0  stm32f1xx_it.o(i.SDTimer_Handler)
    i.SD_PowerOn                             0x08002e5c   Section        0  fatfs_sd.o(i.SD_PowerOn)
    SD_PowerOn                               0x08002e5d   Thumb Code   108  fatfs_sd.o(i.SD_PowerOn)
    i.SD_ReadyWait                           0x08002ecc   Section        0  fatfs_sd.o(i.SD_ReadyWait)
    SD_ReadyWait                             0x08002ecd   Thumb Code    28  fatfs_sd.o(i.SD_ReadyWait)
    i.SD_RxDataBlock                         0x08002eec   Section        0  fatfs_sd.o(i.SD_RxDataBlock)
    SD_RxDataBlock                           0x08002eed   Thumb Code    68  fatfs_sd.o(i.SD_RxDataBlock)
    i.SD_SendCmd                             0x08002f34   Section        0  fatfs_sd.o(i.SD_SendCmd)
    SD_SendCmd                               0x08002f35   Thumb Code   102  fatfs_sd.o(i.SD_SendCmd)
    i.SD_TxDataBlock                         0x08002f9a   Section        0  fatfs_sd.o(i.SD_TxDataBlock)
    SD_TxDataBlock                           0x08002f9b   Thumb Code   110  fatfs_sd.o(i.SD_TxDataBlock)
    i.SD_disk_initialize                     0x08003008   Section        0  fatfs_sd.o(i.SD_disk_initialize)
    i.SD_disk_ioctl                          0x08003140   Section        0  fatfs_sd.o(i.SD_disk_ioctl)
    i.SD_disk_read                           0x08003284   Section        0  fatfs_sd.o(i.SD_disk_read)
    i.SD_disk_status                         0x0800330c   Section        0  fatfs_sd.o(i.SD_disk_status)
    i.SD_disk_write                          0x0800331c   Section        0  fatfs_sd.o(i.SD_disk_write)
    i.SELECT                                 0x080033c4   Section        0  fatfs_sd.o(i.SELECT)
    SELECT                                   0x080033c5   Thumb Code    10  fatfs_sd.o(i.SELECT)
    i.SPI_CheckFlag_BSY                      0x080033d4   Section        0  stm32f1xx_hal_spi.o(i.SPI_CheckFlag_BSY)
    SPI_CheckFlag_BSY                        0x080033d5   Thumb Code    32  stm32f1xx_hal_spi.o(i.SPI_CheckFlag_BSY)
    i.SPI_RxByte                             0x080033f4   Section        0  fatfs_sd.o(i.SPI_RxByte)
    SPI_RxByte                               0x080033f5   Thumb Code    48  fatfs_sd.o(i.SPI_RxByte)
    i.SPI_TxByte                             0x08003428   Section        0  fatfs_sd.o(i.SPI_TxByte)
    SPI_TxByte                               0x08003429   Thumb Code    28  fatfs_sd.o(i.SPI_TxByte)
    i.SPI_WaitFlagStateUntilTimeout          0x08003448   Section        0  stm32f1xx_hal_spi.o(i.SPI_WaitFlagStateUntilTimeout)
    SPI_WaitFlagStateUntilTimeout            0x08003449   Thumb Code   150  stm32f1xx_hal_spi.o(i.SPI_WaitFlagStateUntilTimeout)
    i.SVC_Handler                            0x080034de   Section        0  stm32f1xx_it.o(i.SVC_Handler)
    i.SysTick_Handler                        0x080034e0   Section        0  stm32f1xx_it.o(i.SysTick_Handler)
    i.SystemClock_Config                     0x08003504   Section        0  main.o(i.SystemClock_Config)
    i.SystemInit                             0x08003574   Section        0  system_stm32f1xx.o(i.SystemInit)
    i.TIM2_IRQHandler                        0x080035bc   Section        0  stm32f1xx_it.o(i.TIM2_IRQHandler)
    i.TIM3_IRQHandler                        0x08003654   Section        0  stm32f1xx_it.o(i.TIM3_IRQHandler)
    i.TIM_Base_SetConfig                     0x08003674   Section        0  stm32f1xx_hal_tim.o(i.TIM_Base_SetConfig)
    i.TIM_CCxChannelCmd                      0x080036e0   Section        0  stm32f1xx_hal_tim.o(i.TIM_CCxChannelCmd)
    i.TIM_ETR_SetConfig                      0x080036f6   Section        0  stm32f1xx_hal_tim.o(i.TIM_ETR_SetConfig)
    TIM_ETR_SetConfig                        0x080036f7   Thumb Code    20  stm32f1xx_hal_tim.o(i.TIM_ETR_SetConfig)
    i.TIM_ITRx_SetConfig                     0x0800370a   Section        0  stm32f1xx_hal_tim.o(i.TIM_ITRx_SetConfig)
    TIM_ITRx_SetConfig                       0x0800370b   Thumb Code    16  stm32f1xx_hal_tim.o(i.TIM_ITRx_SetConfig)
    i.TIM_OC1_SetConfig                      0x0800371c   Section        0  stm32f1xx_hal_tim.o(i.TIM_OC1_SetConfig)
    TIM_OC1_SetConfig                        0x0800371d   Thumb Code    82  stm32f1xx_hal_tim.o(i.TIM_OC1_SetConfig)
    i.TIM_OC2_SetConfig                      0x08003774   Section        0  stm32f1xx_hal_tim.o(i.TIM_OC2_SetConfig)
    i.TIM_OC3_SetConfig                      0x080037d0   Section        0  stm32f1xx_hal_tim.o(i.TIM_OC3_SetConfig)
    TIM_OC3_SetConfig                        0x080037d1   Thumb Code    84  stm32f1xx_hal_tim.o(i.TIM_OC3_SetConfig)
    i.TIM_OC4_SetConfig                      0x08003828   Section        0  stm32f1xx_hal_tim.o(i.TIM_OC4_SetConfig)
    TIM_OC4_SetConfig                        0x08003829   Thumb Code    64  stm32f1xx_hal_tim.o(i.TIM_OC4_SetConfig)
    i.TIM_TI1_ConfigInputStage               0x0800386c   Section        0  stm32f1xx_hal_tim.o(i.TIM_TI1_ConfigInputStage)
    TIM_TI1_ConfigInputStage                 0x0800386d   Thumb Code    34  stm32f1xx_hal_tim.o(i.TIM_TI1_ConfigInputStage)
    i.TIM_TI2_ConfigInputStage               0x0800388e   Section        0  stm32f1xx_hal_tim.o(i.TIM_TI2_ConfigInputStage)
    TIM_TI2_ConfigInputStage                 0x0800388f   Thumb Code    36  stm32f1xx_hal_tim.o(i.TIM_TI2_ConfigInputStage)
    i.UART_DMAAbortOnError                   0x080038b2   Section        0  stm32f1xx_hal_uart.o(i.UART_DMAAbortOnError)
    UART_DMAAbortOnError                     0x080038b3   Thumb Code    16  stm32f1xx_hal_uart.o(i.UART_DMAAbortOnError)
    i.UART_EndRxTransfer                     0x080038c2   Section        0  stm32f1xx_hal_uart.o(i.UART_EndRxTransfer)
    UART_EndRxTransfer                       0x080038c3   Thumb Code    28  stm32f1xx_hal_uart.o(i.UART_EndRxTransfer)
    i.UART_Receive_IT                        0x080038de   Section        0  stm32f1xx_hal_uart.o(i.UART_Receive_IT)
    UART_Receive_IT                          0x080038df   Thumb Code   150  stm32f1xx_hal_uart.o(i.UART_Receive_IT)
    i.UART_SetConfig                         0x08003974   Section        0  stm32f1xx_hal_uart.o(i.UART_SetConfig)
    UART_SetConfig                           0x08003975   Thumb Code   364  stm32f1xx_hal_uart.o(i.UART_SetConfig)
    i.UART_Transmit_IT                       0x08003ae4   Section        0  stm32f1xx_hal_uart.o(i.UART_Transmit_IT)
    UART_Transmit_IT                         0x08003ae5   Thumb Code    98  stm32f1xx_hal_uart.o(i.UART_Transmit_IT)
    i.UART_WaitOnFlagUntilTimeout            0x08003b46   Section        0  stm32f1xx_hal_uart.o(i.UART_WaitOnFlagUntilTimeout)
    UART_WaitOnFlagUntilTimeout              0x08003b47   Thumb Code    98  stm32f1xx_hal_uart.o(i.UART_WaitOnFlagUntilTimeout)
    i.USART1_IRQHandler                      0x08003ba8   Section        0  stm32f1xx_it.o(i.USART1_IRQHandler)
    i.USART3_IRQHandler                      0x08003be8   Section        0  stm32f1xx_it.o(i.USART3_IRQHandler)
    i.USER_initialize                        0x08003bf4   Section        0  user_diskio.o(i.USER_initialize)
    i.USER_ioctl                             0x08003bf8   Section        0  user_diskio.o(i.USER_ioctl)
    i.USER_read                              0x08003bfc   Section        0  user_diskio.o(i.USER_read)
    i.USER_status                            0x08003c00   Section        0  user_diskio.o(i.USER_status)
    i.USER_write                             0x08003c04   Section        0  user_diskio.o(i.USER_write)
    i.UsageFault_Handler                     0x08003c08   Section        0  stm32f1xx_it.o(i.UsageFault_Handler)
    i.__0sprintf                             0x08003c0c   Section        0  printfa.o(i.__0sprintf)
    i.__scatterload_copy                     0x08003c34   Section       14  handlers.o(i.__scatterload_copy)
    i.__scatterload_null                     0x08003c42   Section        2  handlers.o(i.__scatterload_null)
    i.__scatterload_zeroinit                 0x08003c44   Section       14  handlers.o(i.__scatterload_zeroinit)
    i._fp_digits                             0x08003c54   Section        0  printfa.o(i._fp_digits)
    _fp_digits                               0x08003c55   Thumb Code   366  printfa.o(i._fp_digits)
    i._printf_core                           0x08003dd8   Section        0  printfa.o(i._printf_core)
    _printf_core                             0x08003dd9   Thumb Code  1744  printfa.o(i._printf_core)
    i._printf_post_padding                   0x080044b4   Section        0  printfa.o(i._printf_post_padding)
    _printf_post_padding                     0x080044b5   Thumb Code    36  printfa.o(i._printf_post_padding)
    i._printf_pre_padding                    0x080044d8   Section        0  printfa.o(i._printf_pre_padding)
    _printf_pre_padding                      0x080044d9   Thumb Code    46  printfa.o(i._printf_pre_padding)
    i._sputc                                 0x08004506   Section        0  printfa.o(i._sputc)
    _sputc                                   0x08004507   Thumb Code    10  printfa.o(i._sputc)
    i.change_page                            0x08004510   Section        0  main.o(i.change_page)
    i.check_fs                               0x08004528   Section        0  ff.o(i.check_fs)
    check_fs                                 0x08004529   Thumb Code    90  ff.o(i.check_fs)
    i.chk_chr                                0x08004588   Section        0  ff.o(i.chk_chr)
    chk_chr                                  0x08004589   Thumb Code    16  ff.o(i.chk_chr)
    i.chk_lock                               0x08004598   Section        0  ff.o(i.chk_lock)
    chk_lock                                 0x08004599   Thumb Code   100  ff.o(i.chk_lock)
    i.clear_lock                             0x08004600   Section        0  ff.o(i.clear_lock)
    clear_lock                               0x08004601   Thumb Code    32  ff.o(i.clear_lock)
    i.clmt_clust                             0x08004624   Section        0  ff.o(i.clmt_clust)
    clmt_clust                               0x08004625   Thumb Code    46  ff.o(i.clmt_clust)
    i.clust2sect                             0x08004652   Section        0  ff.o(i.clust2sect)
    i.create_chain                           0x0800466e   Section        0  ff.o(i.create_chain)
    create_chain                             0x0800466f   Thumb Code   164  ff.o(i.create_chain)
    i.create_name                            0x08004714   Section        0  ff.o(i.create_name)
    create_name                              0x08004715   Thumb Code   456  ff.o(i.create_name)
    i.dec_lock                               0x080048f4   Section        0  ff.o(i.dec_lock)
    dec_lock                                 0x080048f5   Thumb Code    54  ff.o(i.dec_lock)
    i.dir_find                               0x08004930   Section        0  ff.o(i.dir_find)
    dir_find                                 0x08004931   Thumb Code   300  ff.o(i.dir_find)
    i.dir_next                               0x08004a60   Section        0  ff.o(i.dir_next)
    dir_next                                 0x08004a61   Thumb Code   284  ff.o(i.dir_next)
    i.dir_register                           0x08004b7c   Section        0  ff.o(i.dir_register)
    dir_register                             0x08004b7d   Thumb Code   432  ff.o(i.dir_register)
    i.dir_sdi                                0x08004d30   Section        0  ff.o(i.dir_sdi)
    dir_sdi                                  0x08004d31   Thumb Code   154  ff.o(i.dir_sdi)
    i.disk_initialize                        0x08004dcc   Section        0  diskio.o(i.disk_initialize)
    i.disk_ioctl                             0x08004df4   Section        0  diskio.o(i.disk_ioctl)
    i.disk_read                              0x08004e10   Section        0  diskio.o(i.disk_read)
    i.disk_status                            0x08004e2c   Section        0  diskio.o(i.disk_status)
    i.disk_write                             0x08004e44   Section        0  diskio.o(i.disk_write)
    i.f_close                                0x08004e60   Section        0  ff.o(i.f_close)
    i.f_getfree                              0x08004e8a   Section        0  ff.o(i.f_getfree)
    i.f_lseek                                0x08004f4c   Section        0  ff.o(i.f_lseek)
    i.f_mount                                0x08005194   Section        0  ff.o(i.f_mount)
    i.f_open                                 0x080051f4   Section        0  ff.o(i.f_open)
    i.f_printf                               0x080053d8   Section        0  ff.o(i.f_printf)
    i.f_sync                                 0x080055bc   Section        0  ff.o(i.f_sync)
    i.f_write                                0x0800565e   Section        0  ff.o(i.f_write)
    i.ff_convert                             0x08005810   Section        0  ccsbcs.o(i.ff_convert)
    i.ff_wtoupper                            0x08005848   Section        0  ccsbcs.o(i.ff_wtoupper)
    i.find_volume                            0x0800586c   Section        0  ff.o(i.find_volume)
    find_volume                              0x0800586d   Thumb Code   604  ff.o(i.find_volume)
    i.follow_path                            0x08005ad4   Section        0  ff.o(i.follow_path)
    follow_path                              0x08005ad5   Thumb Code   106  ff.o(i.follow_path)
    i.gen_numname                            0x08005b40   Section        0  ff.o(i.gen_numname)
    gen_numname                              0x08005b41   Thumb Code   120  ff.o(i.gen_numname)
    i.get_fat                                0x08005bbc   Section        0  ff.o(i.get_fat)
    i.get_fattime                            0x08005ca2   Section        0  fatfs.o(i.get_fattime)
    i.get_ldnumber                           0x08005ca6   Section        0  ff.o(i.get_ldnumber)
    get_ldnumber                             0x08005ca7   Thumb Code    60  ff.o(i.get_ldnumber)
    i.inc_lock                               0x08005ce4   Section        0  ff.o(i.inc_lock)
    inc_lock                                 0x08005ce5   Thumb Code   144  ff.o(i.inc_lock)
    i.ld_clust                               0x08005d78   Section        0  ff.o(i.ld_clust)
    ld_clust                                 0x08005d79   Thumb Code    22  ff.o(i.ld_clust)
    i.main                                   0x08005d90   Section        0  main.o(i.main)
    i.mem_cpy                                0x08006658   Section        0  ff.o(i.mem_cpy)
    mem_cpy                                  0x08006659   Thumb Code    16  ff.o(i.mem_cpy)
    i.mem_set                                0x08006668   Section        0  ff.o(i.mem_set)
    mem_set                                  0x08006669   Thumb Code    14  ff.o(i.mem_set)
    i.move_window                            0x08006676   Section        0  ff.o(i.move_window)
    move_window                              0x08006677   Thumb Code    56  ff.o(i.move_window)
    i.put_fat                                0x080066ae   Section        0  ff.o(i.put_fat)
    i.putc_bfd                               0x080067cc   Section        0  ff.o(i.putc_bfd)
    putc_bfd                                 0x080067cd   Thumb Code    70  ff.o(i.putc_bfd)
    i.remove_chain                           0x08006812   Section        0  ff.o(i.remove_chain)
    remove_chain                             0x08006813   Thumb Code   102  ff.o(i.remove_chain)
    i.sdcard_write                           0x08006878   Section        0  main.o(i.sdcard_write)
    i.send_data_to_variable_point            0x08006938   Section        0  main.o(i.send_data_to_variable_point)
    i.st_clust                               0x08006960   Section        0  ff.o(i.st_clust)
    st_clust                                 0x08006961   Thumb Code    16  ff.o(i.st_clust)
    i.sum_sfn                                0x08006970   Section        0  ff.o(i.sum_sfn)
    sum_sfn                                  0x08006971   Thumb Code    26  ff.o(i.sum_sfn)
    i.sync_fs                                0x0800698a   Section        0  ff.o(i.sync_fs)
    sync_fs                                  0x0800698b   Thumb Code   168  ff.o(i.sync_fs)
    i.sync_window                            0x08006a32   Section        0  ff.o(i.sync_window)
    sync_window                              0x08006a33   Thumb Code    82  ff.o(i.sync_window)
    i.temp_val_calculate                     0x08006a84   Section        0  main.o(i.temp_val_calculate)
    i.validate                               0x08006b40   Section        0  ff.o(i.validate)
    validate                                 0x08006b41   Thumb Code    42  ff.o(i.validate)
    .constdata                               0x08006b6a   Section      186  ff.o(.constdata)
    ExCvt                                    0x08006b6a   Data         128  ff.o(.constdata)
    LfnOfs                                   0x08006bea   Data          13  ff.o(.constdata)
    vst                                      0x08006bf8   Data          22  ff.o(.constdata)
    cst                                      0x08006c0e   Data          22  ff.o(.constdata)
    .constdata                               0x08006c24   Section     1216  ccsbcs.o(.constdata)
    Tbl                                      0x08006c24   Data         256  ccsbcs.o(.constdata)
    tbl_lower                                0x08006d24   Data         480  ccsbcs.o(.constdata)
    tbl_upper                                0x08006f04   Data         480  ccsbcs.o(.constdata)
    .constdata                               0x080070e4   Section       16  system_stm32f1xx.o(.constdata)
    .constdata                               0x080070f4   Section        8  system_stm32f1xx.o(.constdata)
    .data                                    0x20000000   Section       12  stm32f1xx_hal.o(.data)
    .data                                    0x2000000c   Section        3  fatfs_sd.o(.data)
    Stat                                     0x2000000c   Data           1  fatfs_sd.o(.data)
    PowerFlag                                0x2000000d   Data           1  fatfs_sd.o(.data)
    CardType                                 0x2000000e   Data           1  fatfs_sd.o(.data)
    .data                                    0x20000010   Section      125  main.o(.data)
    .data                                    0x20000090   Section       20  user_diskio.o(.data)
    .data                                    0x200000a4   Section        5  fatfs.o(.data)
    .data                                    0x200000ac   Section       40  stm32f1xx_it.o(.data)
    .data                                    0x200000d4   Section        8  ff.o(.data)
    Fsid                                     0x200000d4   Data           2  ff.o(.data)
    FatFs                                    0x200000d8   Data           4  ff.o(.data)
    .data                                    0x200000dc   Section        4  system_stm32f1xx.o(.data)
    .bss                                     0x200000e0   Section     8776  main.o(.bss)
    .bss                                     0x20002328   Section       68  main.o(.bss)
    .bss                                     0x2000236c   Section       40  stm32f1xx_it.o(.bss)
    .bss                                     0x20002394   Section      536  ff.o(.bss)
    Files                                    0x20002394   Data          24  ff.o(.bss)
    LfnBuf                                   0x200023ac   Data         512  ff.o(.bss)
    .bss                                     0x200025ac   Section       12  ff_gen_drv.o(.bss)
    STACK                                    0x200025b8   Section     1024  startup_stm32f103xb.o(STACK)

    Global Symbols

    Symbol Name                              Value     Ov Type        Size  Object(Section)

    BuildAttributes$$THM_ISAv4$P$D$K$B$S$PE$A:L22UL41UL21$X:L11$S22US41US21$IEEE1$IW$USESV6$~STKCKD$USESV7$~SHL$OTIME$ROPI$EBA8$MICROLIB$REQ8$PRES8$EABIv2 0x00000000   Number         0  anon$$obj.o ABSOLUTE
    __ARM_use_no_argv                        0x00000000   Number         0  main.o ABSOLUTE
    _printf_a                                0x00000000   Number         0  stubs.o ABSOLUTE
    _printf_c                                0x00000000   Number         0  stubs.o ABSOLUTE
    _printf_charcount                        0x00000000   Number         0  stubs.o ABSOLUTE
    _printf_d                                0x00000000   Number         0  stubs.o ABSOLUTE
    _printf_e                                0x00000000   Number         0  stubs.o ABSOLUTE
    _printf_f                                0x00000000   Number         0  stubs.o ABSOLUTE
    _printf_flags                            0x00000000   Number         0  stubs.o ABSOLUTE
    _printf_fp_dec                           0x00000000   Number         0  stubs.o ABSOLUTE
    _printf_fp_hex                           0x00000000   Number         0  stubs.o ABSOLUTE
    _printf_g                                0x00000000   Number         0  stubs.o ABSOLUTE
    _printf_i                                0x00000000   Number         0  stubs.o ABSOLUTE
    _printf_int_dec                          0x00000000   Number         0  stubs.o ABSOLUTE
    _printf_l                                0x00000000   Number         0  stubs.o ABSOLUTE
    _printf_lc                               0x00000000   Number         0  stubs.o ABSOLUTE
    _printf_ll                               0x00000000   Number         0  stubs.o ABSOLUTE
    _printf_lld                              0x00000000   Number         0  stubs.o ABSOLUTE
    _printf_lli                              0x00000000   Number         0  stubs.o ABSOLUTE
    _printf_llo                              0x00000000   Number         0  stubs.o ABSOLUTE
    _printf_llu                              0x00000000   Number         0  stubs.o ABSOLUTE
    _printf_llx                              0x00000000   Number         0  stubs.o ABSOLUTE
    _printf_longlong_dec                     0x00000000   Number         0  stubs.o ABSOLUTE
    _printf_longlong_hex                     0x00000000   Number         0  stubs.o ABSOLUTE
    _printf_longlong_oct                     0x00000000   Number         0  stubs.o ABSOLUTE
    _printf_ls                               0x00000000   Number         0  stubs.o ABSOLUTE
    _printf_mbtowc                           0x00000000   Number         0  stubs.o ABSOLUTE
    _printf_n                                0x00000000   Number         0  stubs.o ABSOLUTE
    _printf_o                                0x00000000   Number         0  stubs.o ABSOLUTE
    _printf_p                                0x00000000   Number         0  stubs.o ABSOLUTE
    _printf_percent                          0x00000000   Number         0  stubs.o ABSOLUTE
    _printf_pre_padding                      0x00000000   Number         0  stubs.o ABSOLUTE
    _printf_return_value                     0x00000000   Number         0  stubs.o ABSOLUTE
    _printf_s                                0x00000000   Number         0  stubs.o ABSOLUTE
    _printf_sizespec                         0x00000000   Number         0  stubs.o ABSOLUTE
    _printf_str                              0x00000000   Number         0  stubs.o ABSOLUTE
    _printf_truncate_signed                  0x00000000   Number         0  stubs.o ABSOLUTE
    _printf_truncate_unsigned                0x00000000   Number         0  stubs.o ABSOLUTE
    _printf_u                                0x00000000   Number         0  stubs.o ABSOLUTE
    _printf_wc                               0x00000000   Number         0  stubs.o ABSOLUTE
    _printf_wctomb                           0x00000000   Number         0  stubs.o ABSOLUTE
    _printf_widthprec                        0x00000000   Number         0  stubs.o ABSOLUTE
    _printf_x                                0x00000000   Number         0  stubs.o ABSOLUTE
    __cpp_initialize__aeabi_                  - Undefined Weak Reference
    __cxa_finalize                            - Undefined Weak Reference
    __decompress                              - Undefined Weak Reference
    _clock_init                               - Undefined Weak Reference
    _microlib_exit                            - Undefined Weak Reference
    __Vectors_Size                           0x000000ec   Number         0  startup_stm32f103xb.o ABSOLUTE
    __Vectors                                0x08000000   Data           4  startup_stm32f103xb.o(RESET)
    __Vectors_End                            0x080000ec   Data           0  startup_stm32f103xb.o(RESET)
    __main                                   0x080000ed   Thumb Code     0  entry.o(.ARM.Collect$$$$00000000)
    _main_stk                                0x080000ed   Thumb Code     0  entry2.o(.ARM.Collect$$$$00000001)
    _main_scatterload                        0x080000f1   Thumb Code     0  entry5.o(.ARM.Collect$$$$00000004)
    __main_after_scatterload                 0x080000f5   Thumb Code     0  entry5.o(.ARM.Collect$$$$00000004)
    _main_clock                              0x080000f5   Thumb Code     0  entry7b.o(.ARM.Collect$$$$00000008)
    _main_cpp_init                           0x080000f5   Thumb Code     0  entry8b.o(.ARM.Collect$$$$0000000A)
    _main_init                               0x080000f5   Thumb Code     0  entry9a.o(.ARM.Collect$$$$0000000B)
    __rt_final_cpp                           0x080000fd   Thumb Code     0  entry10a.o(.ARM.Collect$$$$0000000D)
    __rt_final_exit                          0x080000fd   Thumb Code     0  entry11a.o(.ARM.Collect$$$$0000000F)
    Reset_Handler                            0x08000101   Thumb Code     8  startup_stm32f103xb.o(.text)
    CAN1_RX1_IRQHandler                      0x0800011b   Thumb Code     0  startup_stm32f103xb.o(.text)
    CAN1_SCE_IRQHandler                      0x0800011b   Thumb Code     0  startup_stm32f103xb.o(.text)
    DMA1_Channel2_IRQHandler                 0x0800011b   Thumb Code     0  startup_stm32f103xb.o(.text)
    DMA1_Channel3_IRQHandler                 0x0800011b   Thumb Code     0  startup_stm32f103xb.o(.text)
    DMA1_Channel4_IRQHandler                 0x0800011b   Thumb Code     0  startup_stm32f103xb.o(.text)
    DMA1_Channel5_IRQHandler                 0x0800011b   Thumb Code     0  startup_stm32f103xb.o(.text)
    DMA1_Channel6_IRQHandler                 0x0800011b   Thumb Code     0  startup_stm32f103xb.o(.text)
    DMA1_Channel7_IRQHandler                 0x0800011b   Thumb Code     0  startup_stm32f103xb.o(.text)
    EXTI0_IRQHandler                         0x0800011b   Thumb Code     0  startup_stm32f103xb.o(.text)
    EXTI15_10_IRQHandler                     0x0800011b   Thumb Code     0  startup_stm32f103xb.o(.text)
    EXTI1_IRQHandler                         0x0800011b   Thumb Code     0  startup_stm32f103xb.o(.text)
    EXTI2_IRQHandler                         0x0800011b   Thumb Code     0  startup_stm32f103xb.o(.text)
    EXTI3_IRQHandler                         0x0800011b   Thumb Code     0  startup_stm32f103xb.o(.text)
    EXTI4_IRQHandler                         0x0800011b   Thumb Code     0  startup_stm32f103xb.o(.text)
    EXTI9_5_IRQHandler                       0x0800011b   Thumb Code     0  startup_stm32f103xb.o(.text)
    FLASH_IRQHandler                         0x0800011b   Thumb Code     0  startup_stm32f103xb.o(.text)
    I2C1_ER_IRQHandler                       0x0800011b   Thumb Code     0  startup_stm32f103xb.o(.text)
    I2C1_EV_IRQHandler                       0x0800011b   Thumb Code     0  startup_stm32f103xb.o(.text)
    I2C2_ER_IRQHandler                       0x0800011b   Thumb Code     0  startup_stm32f103xb.o(.text)
    I2C2_EV_IRQHandler                       0x0800011b   Thumb Code     0  startup_stm32f103xb.o(.text)
    PVD_IRQHandler                           0x0800011b   Thumb Code     0  startup_stm32f103xb.o(.text)
    RCC_IRQHandler                           0x0800011b   Thumb Code     0  startup_stm32f103xb.o(.text)
    RTC_Alarm_IRQHandler                     0x0800011b   Thumb Code     0  startup_stm32f103xb.o(.text)
    RTC_IRQHandler                           0x0800011b   Thumb Code     0  startup_stm32f103xb.o(.text)
    SPI1_IRQHandler                          0x0800011b   Thumb Code     0  startup_stm32f103xb.o(.text)
    SPI2_IRQHandler                          0x0800011b   Thumb Code     0  startup_stm32f103xb.o(.text)
    TAMPER_IRQHandler                        0x0800011b   Thumb Code     0  startup_stm32f103xb.o(.text)
    TIM1_BRK_IRQHandler                      0x0800011b   Thumb Code     0  startup_stm32f103xb.o(.text)
    TIM1_CC_IRQHandler                       0x0800011b   Thumb Code     0  startup_stm32f103xb.o(.text)
    TIM1_TRG_COM_IRQHandler                  0x0800011b   Thumb Code     0  startup_stm32f103xb.o(.text)
    TIM1_UP_IRQHandler                       0x0800011b   Thumb Code     0  startup_stm32f103xb.o(.text)
    TIM4_IRQHandler                          0x0800011b   Thumb Code     0  startup_stm32f103xb.o(.text)
    USART2_IRQHandler                        0x0800011b   Thumb Code     0  startup_stm32f103xb.o(.text)
    USBWakeUp_IRQHandler                     0x0800011b   Thumb Code     0  startup_stm32f103xb.o(.text)
    USB_HP_CAN1_TX_IRQHandler                0x0800011b   Thumb Code     0  startup_stm32f103xb.o(.text)
    USB_LP_CAN1_RX0_IRQHandler               0x0800011b   Thumb Code     0  startup_stm32f103xb.o(.text)
    WWDG_IRQHandler                          0x0800011b   Thumb Code     0  startup_stm32f103xb.o(.text)
    __aeabi_llsr                             0x08000125   Thumb Code    32  llushr.o(.text)
    _ll_ushift_r                             0x08000125   Thumb Code     0  llushr.o(.text)
    __aeabi_memset                           0x08000145   Thumb Code    14  memseta.o(.text)
    __aeabi_memset4                          0x08000145   Thumb Code     0  memseta.o(.text)
    __aeabi_memset8                          0x08000145   Thumb Code     0  memseta.o(.text)
    __aeabi_memclr                           0x08000153   Thumb Code     4  memseta.o(.text)
    __aeabi_memclr4                          0x08000153   Thumb Code     0  memseta.o(.text)
    __aeabi_memclr8                          0x08000153   Thumb Code     0  memseta.o(.text)
    _memset$wrapper                          0x08000157   Thumb Code    18  memseta.o(.text)
    __ARM_scalbnf                            0x08000169   Thumb Code    24  fscalb.o(.text)
    scalbnf                                  0x08000169   Thumb Code     0  fscalb.o(.text)
    __aeabi_dadd                             0x08000181   Thumb Code   322  dadd.o(.text)
    __aeabi_dsub                             0x080002c3   Thumb Code     6  dadd.o(.text)
    __aeabi_drsub                            0x080002c9   Thumb Code     6  dadd.o(.text)
    __aeabi_dmul                             0x080002cf   Thumb Code   228  dmul.o(.text)
    __aeabi_ddiv                             0x080003b3   Thumb Code   222  ddiv.o(.text)
    __ARM_scalbn                             0x08000491   Thumb Code    46  dscalb.o(.text)
    scalbn                                   0x08000491   Thumb Code     0  dscalb.o(.text)
    __aeabi_ui2f                             0x080004bf   Thumb Code    10  ffltui.o(.text)
    __aeabi_i2d                              0x080004c9   Thumb Code    34  dflti.o(.text)
    __aeabi_ui2d                             0x080004eb   Thumb Code    26  dfltui.o(.text)
    __aeabi_d2iz                             0x08000505   Thumb Code    62  dfixi.o(.text)
    __aeabi_d2uiz                            0x08000543   Thumb Code    50  dfixui.o(.text)
    __aeabi_f2d                              0x08000575   Thumb Code    38  f2d.o(.text)
    __aeabi_cdcmpeq                          0x0800059d   Thumb Code     0  cdcmple.o(.text)
    __aeabi_cdcmple                          0x0800059d   Thumb Code    48  cdcmple.o(.text)
    __aeabi_cdrcmple                         0x080005cd   Thumb Code    48  cdrcmple.o(.text)
    __aeabi_d2f                              0x080005fd   Thumb Code    56  d2f.o(.text)
    __aeabi_uidiv                            0x08000635   Thumb Code     0  uidiv.o(.text)
    __aeabi_uidivmod                         0x08000635   Thumb Code    44  uidiv.o(.text)
    __aeabi_uldivmod                         0x08000661   Thumb Code    98  uldiv.o(.text)
    __aeabi_llsl                             0x080006c3   Thumb Code    30  llshl.o(.text)
    _ll_shift_l                              0x080006c3   Thumb Code     0  llshl.o(.text)
    __aeabi_lasr                             0x080006e1   Thumb Code    36  llsshr.o(.text)
    _ll_sshift_r                             0x080006e1   Thumb Code     0  llsshr.o(.text)
    __I$use$fp                               0x08000705   Thumb Code     0  iusefp.o(.text)
    _float_round                             0x08000705   Thumb Code    18  fepilogue.o(.text)
    _float_epilogue                          0x08000717   Thumb Code    92  fepilogue.o(.text)
    _double_round                            0x08000773   Thumb Code    30  depilogue.o(.text)
    _double_epilogue                         0x08000791   Thumb Code   156  depilogue.o(.text)
    __aeabi_d2ulz                            0x0800082d   Thumb Code    48  dfixul.o(.text)
    __scatterload                            0x0800085d   Thumb Code    28  init.o(.text)
    __scatterload_rt2                        0x0800085d   Thumb Code     0  init.o(.text)
    ADC1_2_IRQHandler                        0x08000881   Thumb Code     6  stm32f1xx_it.o(i.ADC1_2_IRQHandler)
    ADC_ConversionStop_Disable               0x0800088d   Thumb Code    74  stm32f1xx_hal_adc.o(i.ADC_ConversionStop_Disable)
    ADC_DMAConvCplt                          0x080008d7   Thumb Code    78  stm32f1xx_hal_adc.o(i.ADC_DMAConvCplt)
    ADC_DMAError                             0x08000925   Thumb Code    26  stm32f1xx_hal_adc.o(i.ADC_DMAError)
    ADC_DMAHalfConvCplt                      0x0800093f   Thumb Code    10  stm32f1xx_hal_adc.o(i.ADC_DMAHalfConvCplt)
    ADC_Enable                               0x08000949   Thumb Code   102  stm32f1xx_hal_adc.o(i.ADC_Enable)
    BusFault_Handler                         0x080009b9   Thumb Code     2  stm32f1xx_it.o(i.BusFault_Handler)
    DMA1_Channel1_IRQHandler                 0x080009cd   Thumb Code     6  stm32f1xx_it.o(i.DMA1_Channel1_IRQHandler)
    DebugMon_Handler                         0x08000a03   Thumb Code     2  stm32f1xx_it.o(i.DebugMon_Handler)
    Error_Handler                            0x08000a05   Thumb Code    22  main.o(i.Error_Handler)
    FATFS_LinkDriver                         0x08000a21   Thumb Code     6  ff_gen_drv.o(i.FATFS_LinkDriver)
    FATFS_LinkDriverEx                       0x08000a29   Thumb Code    60  ff_gen_drv.o(i.FATFS_LinkDriverEx)
    HAL_ADCEx_Calibration_Start              0x08000a69   Thumb Code   194  stm32f1xx_hal_adc_ex.o(i.HAL_ADCEx_Calibration_Start)
    HAL_ADCEx_InjectedConvCpltCallback       0x08000b31   Thumb Code     2  stm32f1xx_hal_adc_ex.o(i.HAL_ADCEx_InjectedConvCpltCallback)
    HAL_ADC_ConfigChannel                    0x08000b35   Thumb Code   240  stm32f1xx_hal_adc.o(i.HAL_ADC_ConfigChannel)
    HAL_ADC_ConvCpltCallback                 0x08000c31   Thumb Code     2  stm32f1xx_hal_adc.o(i.HAL_ADC_ConvCpltCallback)
    HAL_ADC_ConvHalfCpltCallback             0x08000c33   Thumb Code     2  stm32f1xx_hal_adc.o(i.HAL_ADC_ConvHalfCpltCallback)
    HAL_ADC_ErrorCallback                    0x08000c35   Thumb Code     2  stm32f1xx_hal_adc.o(i.HAL_ADC_ErrorCallback)
    HAL_ADC_IRQHandler                       0x08000c37   Thumb Code   230  stm32f1xx_hal_adc.o(i.HAL_ADC_IRQHandler)
    HAL_ADC_Init                             0x08000d1d   Thumb Code   270  stm32f1xx_hal_adc.o(i.HAL_ADC_Init)
    HAL_ADC_LevelOutOfWindowCallback         0x08000e39   Thumb Code     2  stm32f1xx_hal_adc.o(i.HAL_ADC_LevelOutOfWindowCallback)
    HAL_ADC_MspInit                          0x08000e3d   Thumb Code   138  stm32f1xx_hal_msp.o(i.HAL_ADC_MspInit)
    HAL_ADC_Start_DMA                        0x08000edd   Thumb Code   246  stm32f1xx_hal_adc.o(i.HAL_ADC_Start_DMA)
    HAL_ADC_Start_IT                         0x08000fe9   Thumb Code   194  stm32f1xx_hal_adc.o(i.HAL_ADC_Start_IT)
    HAL_DMA_Abort_IT                         0x080010b5   Thumb Code   148  stm32f1xx_hal_dma.o(i.HAL_DMA_Abort_IT)
    HAL_DMA_IRQHandler                       0x0800114d   Thumb Code   320  stm32f1xx_hal_dma.o(i.HAL_DMA_IRQHandler)
    HAL_DMA_Init                             0x080012a5   Thumb Code    84  stm32f1xx_hal_dma.o(i.HAL_DMA_Init)
    HAL_DMA_Start_IT                         0x08001301   Thumb Code   112  stm32f1xx_hal_dma.o(i.HAL_DMA_Start_IT)
    HAL_Delay                                0x08001371   Thumb Code    32  stm32f1xx_hal.o(i.HAL_Delay)
    HAL_GPIO_Init                            0x08001395   Thumb Code   422  stm32f1xx_hal_gpio.o(i.HAL_GPIO_Init)
    HAL_GPIO_TogglePin                       0x0800155d   Thumb Code     8  stm32f1xx_hal_gpio.o(i.HAL_GPIO_TogglePin)
    HAL_GPIO_WritePin                        0x08001565   Thumb Code    10  stm32f1xx_hal_gpio.o(i.HAL_GPIO_WritePin)
    HAL_GetTick                              0x08001571   Thumb Code     6  stm32f1xx_hal.o(i.HAL_GetTick)
    HAL_IncTick                              0x0800157d   Thumb Code    12  stm32f1xx_hal.o(i.HAL_IncTick)
    HAL_Init                                 0x0800158d   Thumb Code    32  stm32f1xx_hal.o(i.HAL_Init)
    HAL_InitTick                             0x080015b1   Thumb Code    54  stm32f1xx_hal.o(i.HAL_InitTick)
    HAL_MspInit                              0x080015f1   Thumb Code    52  stm32f1xx_hal_msp.o(i.HAL_MspInit)
    HAL_NVIC_EnableIRQ                       0x0800162d   Thumb Code    22  stm32f1xx_hal_cortex.o(i.HAL_NVIC_EnableIRQ)
    HAL_NVIC_SetPriority                     0x08001645   Thumb Code    60  stm32f1xx_hal_cortex.o(i.HAL_NVIC_SetPriority)
    HAL_NVIC_SetPriorityGrouping             0x08001685   Thumb Code    26  stm32f1xx_hal_cortex.o(i.HAL_NVIC_SetPriorityGrouping)
    HAL_RCCEx_GetPeriphCLKFreq               0x080016a9   Thumb Code   164  stm32f1xx_hal_rcc_ex.o(i.HAL_RCCEx_GetPeriphCLKFreq)
    HAL_RCCEx_PeriphCLKConfig                0x0800176d   Thumb Code   220  stm32f1xx_hal_rcc_ex.o(i.HAL_RCCEx_PeriphCLKConfig)
    HAL_RCC_ClockConfig                      0x08001855   Thumb Code   342  stm32f1xx_hal_rcc.o(i.HAL_RCC_ClockConfig)
    HAL_RCC_GetPCLK1Freq                     0x080019bd   Thumb Code    20  stm32f1xx_hal_rcc.o(i.HAL_RCC_GetPCLK1Freq)
    HAL_RCC_GetPCLK2Freq                     0x080019dd   Thumb Code    20  stm32f1xx_hal_rcc.o(i.HAL_RCC_GetPCLK2Freq)
    HAL_RCC_GetSysClockFreq                  0x080019fd   Thumb Code    74  stm32f1xx_hal_rcc.o(i.HAL_RCC_GetSysClockFreq)
    HAL_RCC_OscConfig                        0x08001a69   Thumb Code   740  stm32f1xx_hal_rcc.o(i.HAL_RCC_OscConfig)
    HAL_SPI_GetState                         0x08001d61   Thumb Code     6  stm32f1xx_hal_spi.o(i.HAL_SPI_GetState)
    HAL_SPI_Init                             0x08001d67   Thumb Code   130  stm32f1xx_hal_spi_ex.o(i.HAL_SPI_Init)
    HAL_SPI_MspInit                          0x08001de9   Thumb Code    98  stm32f1xx_hal_msp.o(i.HAL_SPI_MspInit)
    HAL_SPI_Transmit                         0x08001e59   Thumb Code   356  stm32f1xx_hal_spi.o(i.HAL_SPI_Transmit)
    HAL_SPI_TransmitReceive                  0x08001fbd   Thumb Code   458  stm32f1xx_hal_spi.o(i.HAL_SPI_TransmitReceive)
    HAL_SYSTICK_Config                       0x08002187   Thumb Code    40  stm32f1xx_hal_cortex.o(i.HAL_SYSTICK_Config)
    HAL_TIMEx_BreakCallback                  0x080021af   Thumb Code     2  stm32f1xx_hal_tim_ex.o(i.HAL_TIMEx_BreakCallback)
    HAL_TIMEx_CommutationCallback            0x080021b1   Thumb Code     2  stm32f1xx_hal_tim_ex.o(i.HAL_TIMEx_CommutationCallback)
    HAL_TIMEx_ConfigBreakDeadTime            0x080021b3   Thumb Code    90  stm32f1xx_hal_tim_ex.o(i.HAL_TIMEx_ConfigBreakDeadTime)
    HAL_TIMEx_MasterConfigSynchronization    0x0800220d   Thumb Code    80  stm32f1xx_hal_tim_ex.o(i.HAL_TIMEx_MasterConfigSynchronization)
    HAL_TIM_Base_Init                        0x0800225d   Thumb Code    54  stm32f1xx_hal_tim.o(i.HAL_TIM_Base_Init)
    HAL_TIM_Base_MspInit                     0x08002295   Thumb Code   108  stm32f1xx_hal_msp.o(i.HAL_TIM_Base_MspInit)
    HAL_TIM_Base_Start_IT                    0x0800230d   Thumb Code    24  stm32f1xx_hal_tim.o(i.HAL_TIM_Base_Start_IT)
    HAL_TIM_Base_Stop_IT                     0x08002325   Thumb Code    42  stm32f1xx_hal_tim.o(i.HAL_TIM_Base_Stop_IT)
    HAL_TIM_ConfigClockSource                0x0800234f   Thumb Code   240  stm32f1xx_hal_tim.o(i.HAL_TIM_ConfigClockSource)
    HAL_TIM_IC_CaptureCallback               0x0800243f   Thumb Code     2  stm32f1xx_hal_tim.o(i.HAL_TIM_IC_CaptureCallback)
    HAL_TIM_IRQHandler                       0x08002441   Thumb Code   358  stm32f1xx_hal_tim.o(i.HAL_TIM_IRQHandler)
    HAL_TIM_MspPostInit                      0x080025a9   Thumb Code    64  stm32f1xx_hal_msp.o(i.HAL_TIM_MspPostInit)
    HAL_TIM_OC_DelayElapsedCallback          0x080025f5   Thumb Code     2  stm32f1xx_hal_tim.o(i.HAL_TIM_OC_DelayElapsedCallback)
    HAL_TIM_PWM_ConfigChannel                0x080025f7   Thumb Code   208  stm32f1xx_hal_tim.o(i.HAL_TIM_PWM_ConfigChannel)
    HAL_TIM_PWM_Init                         0x080026c7   Thumb Code    54  stm32f1xx_hal_tim.o(i.HAL_TIM_PWM_Init)
    HAL_TIM_PWM_MspInit                      0x080026fd   Thumb Code     2  stm32f1xx_hal_tim.o(i.HAL_TIM_PWM_MspInit)
    HAL_TIM_PWM_PulseFinishedCallback        0x080026ff   Thumb Code     2  stm32f1xx_hal_tim.o(i.HAL_TIM_PWM_PulseFinishedCallback)
    HAL_TIM_PWM_Start                        0x08002701   Thumb Code    42  stm32f1xx_hal_tim.o(i.HAL_TIM_PWM_Start)
    HAL_TIM_PeriodElapsedCallback            0x08002731   Thumb Code     2  stm32f1xx_hal_tim.o(i.HAL_TIM_PeriodElapsedCallback)
    HAL_TIM_TriggerCallback                  0x08002733   Thumb Code     2  stm32f1xx_hal_tim.o(i.HAL_TIM_TriggerCallback)
    HAL_UART_ErrorCallback                   0x08002735   Thumb Code     2  stm32f1xx_hal_uart.o(i.HAL_UART_ErrorCallback)
    HAL_UART_IRQHandler                      0x08002739   Thumb Code   266  stm32f1xx_hal_uart.o(i.HAL_UART_IRQHandler)
    HAL_UART_Init                            0x08002849   Thumb Code    98  stm32f1xx_hal_uart.o(i.HAL_UART_Init)
    HAL_UART_MspInit                         0x080028ad   Thumb Code   212  stm32f1xx_hal_msp.o(i.HAL_UART_MspInit)
    HAL_UART_Receive                         0x08002995   Thumb Code   186  stm32f1xx_hal_uart.o(i.HAL_UART_Receive)
    HAL_UART_RxCpltCallback                  0x08002a4f   Thumb Code     2  stm32f1xx_hal_uart.o(i.HAL_UART_RxCpltCallback)
    HAL_UART_Transmit                        0x08002a51   Thumb Code   186  stm32f1xx_hal_uart.o(i.HAL_UART_Transmit)
    HAL_UART_TxCpltCallback                  0x08002b0b   Thumb Code     2  stm32f1xx_hal_uart.o(i.HAL_UART_TxCpltCallback)
    HardFault_Handler                        0x08002b0d   Thumb Code     2  stm32f1xx_it.o(i.HardFault_Handler)
    MX_FATFS_Init                            0x08002b91   Thumb Code    18  fatfs.o(i.MX_FATFS_Init)
    MemManage_Handler                        0x08002e15   Thumb Code     2  stm32f1xx_it.o(i.MemManage_Handler)
    NMI_Handler                              0x08002e17   Thumb Code     2  stm32f1xx_it.o(i.NMI_Handler)
    PendSV_Handler                           0x08002e39   Thumb Code     2  stm32f1xx_it.o(i.PendSV_Handler)
    SDTimer_Handler                          0x08002e3d   Thumb Code    26  stm32f1xx_it.o(i.SDTimer_Handler)
    SD_disk_initialize                       0x08003009   Thumb Code   302  fatfs_sd.o(i.SD_disk_initialize)
    SD_disk_ioctl                            0x08003141   Thumb Code   318  fatfs_sd.o(i.SD_disk_ioctl)
    SD_disk_read                             0x08003285   Thumb Code   132  fatfs_sd.o(i.SD_disk_read)
    SD_disk_status                           0x0800330d   Thumb Code    12  fatfs_sd.o(i.SD_disk_status)
    SD_disk_write                            0x0800331d   Thumb Code   164  fatfs_sd.o(i.SD_disk_write)
    SVC_Handler                              0x080034df   Thumb Code     2  stm32f1xx_it.o(i.SVC_Handler)
    SysTick_Handler                          0x080034e1   Thumb Code    32  stm32f1xx_it.o(i.SysTick_Handler)
    SystemClock_Config                       0x08003505   Thumb Code   110  main.o(i.SystemClock_Config)
    SystemInit                               0x08003575   Thumb Code    56  system_stm32f1xx.o(i.SystemInit)
    TIM2_IRQHandler                          0x080035bd   Thumb Code   132  stm32f1xx_it.o(i.TIM2_IRQHandler)
    TIM3_IRQHandler                          0x08003655   Thumb Code    22  stm32f1xx_it.o(i.TIM3_IRQHandler)
    TIM_Base_SetConfig                       0x08003675   Thumb Code    94  stm32f1xx_hal_tim.o(i.TIM_Base_SetConfig)
    TIM_CCxChannelCmd                        0x080036e1   Thumb Code    22  stm32f1xx_hal_tim.o(i.TIM_CCxChannelCmd)
    TIM_OC2_SetConfig                        0x08003775   Thumb Code    86  stm32f1xx_hal_tim.o(i.TIM_OC2_SetConfig)
    USART1_IRQHandler                        0x08003ba9   Thumb Code    52  stm32f1xx_it.o(i.USART1_IRQHandler)
    USART3_IRQHandler                        0x08003be9   Thumb Code     6  stm32f1xx_it.o(i.USART3_IRQHandler)
    USER_initialize                          0x08003bf5   Thumb Code     4  user_diskio.o(i.USER_initialize)
    USER_ioctl                               0x08003bf9   Thumb Code     4  user_diskio.o(i.USER_ioctl)
    USER_read                                0x08003bfd   Thumb Code     4  user_diskio.o(i.USER_read)
    USER_status                              0x08003c01   Thumb Code     4  user_diskio.o(i.USER_status)
    USER_write                               0x08003c05   Thumb Code     4  user_diskio.o(i.USER_write)
    UsageFault_Handler                       0x08003c09   Thumb Code     2  stm32f1xx_it.o(i.UsageFault_Handler)
    __0sprintf                               0x08003c0d   Thumb Code    34  printfa.o(i.__0sprintf)
    __1sprintf                               0x08003c0d   Thumb Code     0  printfa.o(i.__0sprintf)
    __2sprintf                               0x08003c0d   Thumb Code     0  printfa.o(i.__0sprintf)
    __c89sprintf                             0x08003c0d   Thumb Code     0  printfa.o(i.__0sprintf)
    sprintf                                  0x08003c0d   Thumb Code     0  printfa.o(i.__0sprintf)
    __scatterload_copy                       0x08003c35   Thumb Code    14  handlers.o(i.__scatterload_copy)
    __scatterload_null                       0x08003c43   Thumb Code     2  handlers.o(i.__scatterload_null)
    __scatterload_zeroinit                   0x08003c45   Thumb Code    14  handlers.o(i.__scatterload_zeroinit)
    change_page                              0x08004511   Thumb Code    14  main.o(i.change_page)
    clust2sect                               0x08004653   Thumb Code    28  ff.o(i.clust2sect)
    disk_initialize                          0x08004dcd   Thumb Code    36  diskio.o(i.disk_initialize)
    disk_ioctl                               0x08004df5   Thumb Code    22  diskio.o(i.disk_ioctl)
    disk_read                                0x08004e11   Thumb Code    24  diskio.o(i.disk_read)
    disk_status                              0x08004e2d   Thumb Code    18  diskio.o(i.disk_status)
    disk_write                               0x08004e45   Thumb Code    24  diskio.o(i.disk_write)
    f_close                                  0x08004e61   Thumb Code    42  ff.o(i.f_close)
    f_getfree                                0x08004e8b   Thumb Code   194  ff.o(i.f_getfree)
    f_lseek                                  0x08004f4d   Thumb Code   584  ff.o(i.f_lseek)
    f_mount                                  0x08005195   Thumb Code    92  ff.o(i.f_mount)
    f_open                                   0x080051f5   Thumb Code   478  ff.o(i.f_open)
    f_printf                                 0x080053d9   Thumb Code   484  ff.o(i.f_printf)
    f_sync                                   0x080055bd   Thumb Code   162  ff.o(i.f_sync)
    f_write                                  0x0800565f   Thumb Code   434  ff.o(i.f_write)
    ff_convert                               0x08005811   Thumb Code    52  ccsbcs.o(i.ff_convert)
    ff_wtoupper                              0x08005849   Thumb Code    28  ccsbcs.o(i.ff_wtoupper)
    get_fat                                  0x08005bbd   Thumb Code   230  ff.o(i.get_fat)
    get_fattime                              0x08005ca3   Thumb Code     4  fatfs.o(i.get_fattime)
    main                                     0x08005d91   Thumb Code  2198  main.o(i.main)
    put_fat                                  0x080066af   Thumb Code   286  ff.o(i.put_fat)
    sdcard_write                             0x08006879   Thumb Code   158  main.o(i.sdcard_write)
    send_data_to_variable_point              0x08006939   Thumb Code    32  main.o(i.send_data_to_variable_point)
    temp_val_calculate                       0x08006a85   Thumb Code   144  main.o(i.temp_val_calculate)
    AHBPrescTable                            0x080070e4   Data          16  system_stm32f1xx.o(.constdata)
    APBPrescTable                            0x080070f4   Data           8  system_stm32f1xx.o(.constdata)
    Region$$Table$$Base                      0x080070fc   Number         0  anon$$obj.o(Region$$Table)
    Region$$Table$$Limit                     0x0800711c   Number         0  anon$$obj.o(Region$$Table)
    uwTickFreq                               0x20000000   Data           1  stm32f1xx_hal.o(.data)
    uwTickPrio                               0x20000004   Data           4  stm32f1xx_hal.o(.data)
    uwTick                                   0x20000008   Data           4  stm32f1xx_hal.o(.data)
    data_low                                 0x20000010   Data           1  main.o(.data)
    data_high                                0x20000011   Data           1  main.o(.data)
    result1_old                              0x20000014   Data           4  main.o(.data)
    result2_old                              0x20000018   Data           4  main.o(.data)
    read_new1                                0x2000001c   Data           4  main.o(.data)
    read_new2                                0x20000020   Data           4  main.o(.data)
    value2                                   0x20000024   Data           4  main.o(.data)
    value3                                   0x20000028   Data           4  main.o(.data)
    value4                                   0x2000002c   Data           4  main.o(.data)
    first_value_of_result1                   0x20000030   Data           4  main.o(.data)
    first_value_of_result2                   0x20000034   Data           4  main.o(.data)
    first_value_flag                         0x20000038   Data           4  main.o(.data)
    Vbat                                     0x2000003c   Data           4  main.o(.data)
    old_Vbat                                 0x20000040   Data           4  main.o(.data)
    icon_vbat                                0x20000044   Data           4  main.o(.data)
    pfs                                      0x20000048   Data           4  main.o(.data)
    fre_clust                                0x2000004c   Data           4  main.o(.data)
    total                                    0x20000050   Data           4  main.o(.data)
    free                                     0x20000054   Data           4  main.o(.data)
    temp_adc                                 0x20000058   Data           4  main.o(.data)
    vsense                                   0x2000005c   Data           4  main.o(.data)
    temp_val                                 0x20000060   Data           4  main.o(.data)
    Tx_Buffer_Get_Date                       0x20000064   Data           6  main.o(.data)
    Tx_Buffer_Change_Page                    0x2000006a   Data           7  main.o(.data)
    Tx_Buffer_Send_Data                      0x20000071   Data           8  main.o(.data)
    sd_card_header                           0x20000079   Data           9  main.o(.data)
    Tx_Buffer_Temperature                    0x20000082   Data          11  main.o(.data)
    USER_Driver                              0x20000090   Data          20  user_diskio.o(.data)
    retUSER                                  0x200000a4   Data           1  fatfs.o(.data)
    USERPath                                 0x200000a5   Data           4  fatfs.o(.data)
    FatFsCnt                                 0x200000ac   Data           1  stm32f1xx_it.o(.data)
    Rx_Byte                                  0x200000ad   Data           1  stm32f1xx_it.o(.data)
    Rx_DataCnt                               0x200000ae   Data           1  stm32f1xx_it.o(.data)
    Rx_Flag                                  0x200000af   Data           1  stm32f1xx_it.o(.data)
    Timer1                                   0x200000b0   Data           1  stm32f1xx_it.o(.data)
    Timer2                                   0x200000b1   Data           1  stm32f1xx_it.o(.data)
    timer2_counter                           0x200000b4   Data           4  stm32f1xx_it.o(.data)
    value1                                   0x200000b8   Data           4  stm32f1xx_it.o(.data)
    led1_light                               0x200000bc   Data           4  stm32f1xx_it.o(.data)
    led1_dark                                0x200000c0   Data           4  stm32f1xx_it.o(.data)
    led2_light                               0x200000c4   Data           4  stm32f1xx_it.o(.data)
    led2_dark                                0x200000c8   Data           4  stm32f1xx_it.o(.data)
    result1                                  0x200000cc   Data           4  stm32f1xx_it.o(.data)
    result2                                  0x200000d0   Data           4  stm32f1xx_it.o(.data)
    SystemCoreClock                          0x200000dc   Data           4  system_stm32f1xx.o(.data)
    hadc1                                    0x200000e0   Data          48  main.o(.bss)
    hspi1                                    0x20000110   Data          88  main.o(.bss)
    htim1                                    0x20000168   Data          64  main.o(.bss)
    htim2                                    0x200001a8   Data          64  main.o(.bss)
    htim3                                    0x200001e8   Data          64  main.o(.bss)
    huart1                                   0x20000228   Data          64  main.o(.bss)
    huart3                                   0x20000268   Data          64  main.o(.bss)
    fs                                       0x200002a8   Data        4144  main.o(.bss)
    fil                                      0x200012d8   Data        4140  main.o(.bss)
    ADC_BUF                                  0x20002304   Data          16  main.o(.bss)
    temp_val_str                             0x20002314   Data          20  main.o(.bss)
    hdma_adc1                                0x20002328   Data          68  main.o(.bss)
    Rx_Data                                  0x2000236c   Data          40  stm32f1xx_it.o(.bss)
    disk                                     0x200025ac   Data          12  ff_gen_drv.o(.bss)
    __initial_sp                             0x200029b8   Data           0  startup_stm32f103xb.o(STACK)



==============================================================================

Memory Map of the image

  Image Entry point : 0x080000ed

  Load Region LR_IROM1 (Base: 0x08000000, Size: 0x000071fc, Max: 0x00010000, ABSOLUTE)

    Execution Region ER_IROM1 (Exec base: 0x08000000, Load base: 0x08000000, Size: 0x0000711c, Max: 0x00010000, ABSOLUTE)

    Exec Addr    Load Addr    Size         Type   Attr      Idx    E Section Name        Object

    0x08000000   0x08000000   0x000000ec   Data   RO            3    RESET               startup_stm32f103xb.o
    0x080000ec   0x080000ec   0x00000000   Code   RO         4043  * .ARM.Collect$$$$00000000  mc_w.l(entry.o)
    0x080000ec   0x080000ec   0x00000004   Code   RO         4339    .ARM.Collect$$$$00000001  mc_w.l(entry2.o)
    0x080000f0   0x080000f0   0x00000004   Code   RO         4342    .ARM.Collect$$$$00000004  mc_w.l(entry5.o)
    0x080000f4   0x080000f4   0x00000000   Code   RO         4344    .ARM.Collect$$$$00000008  mc_w.l(entry7b.o)
    0x080000f4   0x080000f4   0x00000000   Code   RO         4346    .ARM.Collect$$$$0000000A  mc_w.l(entry8b.o)
    0x080000f4   0x080000f4   0x00000008   Code   RO         4347    .ARM.Collect$$$$0000000B  mc_w.l(entry9a.o)
    0x080000fc   0x080000fc   0x00000000   Code   RO         4349    .ARM.Collect$$$$0000000D  mc_w.l(entry10a.o)
    0x080000fc   0x080000fc   0x00000000   Code   RO         4351    .ARM.Collect$$$$0000000F  mc_w.l(entry11a.o)
    0x080000fc   0x080000fc   0x00000004   Code   RO         4340    .ARM.Collect$$$$00002712  mc_w.l(entry2.o)
    0x08000100   0x08000100   0x00000024   Code   RO            4    .text               startup_stm32f103xb.o
    0x08000124   0x08000124   0x00000020   Code   RO         4046    .text               mc_w.l(llushr.o)
    0x08000144   0x08000144   0x00000024   Code   RO         4048    .text               mc_w.l(memseta.o)
    0x08000168   0x08000168   0x00000018   Code   RO         4311    .text               mf_w.l(fscalb.o)
    0x08000180   0x08000180   0x0000014e   Code   RO         4313    .text               mf_w.l(dadd.o)
    0x080002ce   0x080002ce   0x000000e4   Code   RO         4315    .text               mf_w.l(dmul.o)
    0x080003b2   0x080003b2   0x000000de   Code   RO         4317    .text               mf_w.l(ddiv.o)
    0x08000490   0x08000490   0x0000002e   Code   RO         4319    .text               mf_w.l(dscalb.o)
    0x080004be   0x080004be   0x0000000a   Code   RO         4321    .text               mf_w.l(ffltui.o)
    0x080004c8   0x080004c8   0x00000022   Code   RO         4323    .text               mf_w.l(dflti.o)
    0x080004ea   0x080004ea   0x0000001a   Code   RO         4325    .text               mf_w.l(dfltui.o)
    0x08000504   0x08000504   0x0000003e   Code   RO         4327    .text               mf_w.l(dfixi.o)
    0x08000542   0x08000542   0x00000032   Code   RO         4329    .text               mf_w.l(dfixui.o)
    0x08000574   0x08000574   0x00000026   Code   RO         4331    .text               mf_w.l(f2d.o)
    0x0800059a   0x0800059a   0x00000002   PAD
    0x0800059c   0x0800059c   0x00000030   Code   RO         4333    .text               mf_w.l(cdcmple.o)
    0x080005cc   0x080005cc   0x00000030   Code   RO         4335    .text               mf_w.l(cdrcmple.o)
    0x080005fc   0x080005fc   0x00000038   Code   RO         4337    .text               mf_w.l(d2f.o)
    0x08000634   0x08000634   0x0000002c   Code   RO         4356    .text               mc_w.l(uidiv.o)
    0x08000660   0x08000660   0x00000062   Code   RO         4358    .text               mc_w.l(uldiv.o)
    0x080006c2   0x080006c2   0x0000001e   Code   RO         4360    .text               mc_w.l(llshl.o)
    0x080006e0   0x080006e0   0x00000024   Code   RO         4362    .text               mc_w.l(llsshr.o)
    0x08000704   0x08000704   0x00000000   Code   RO         4364    .text               mc_w.l(iusefp.o)
    0x08000704   0x08000704   0x0000006e   Code   RO         4365    .text               mf_w.l(fepilogue.o)
    0x08000772   0x08000772   0x000000ba   Code   RO         4367    .text               mf_w.l(depilogue.o)
    0x0800082c   0x0800082c   0x00000030   Code   RO         4369    .text               mf_w.l(dfixul.o)
    0x0800085c   0x0800085c   0x00000024   Code   RO         4371    .text               mc_w.l(init.o)
    0x08000880   0x08000880   0x0000000c   Code   RO         3297    i.ADC1_2_IRQHandler  stm32f1xx_it.o
    0x0800088c   0x0800088c   0x0000004a   Code   RO          138    i.ADC_ConversionStop_Disable  stm32f1xx_hal_adc.o
    0x080008d6   0x080008d6   0x0000004e   Code   RO          139    i.ADC_DMAConvCplt   stm32f1xx_hal_adc.o
    0x08000924   0x08000924   0x0000001a   Code   RO          140    i.ADC_DMAError      stm32f1xx_hal_adc.o
    0x0800093e   0x0800093e   0x0000000a   Code   RO          141    i.ADC_DMAHalfConvCplt  stm32f1xx_hal_adc.o
    0x08000948   0x08000948   0x00000070   Code   RO          142    i.ADC_Enable        stm32f1xx_hal_adc.o
    0x080009b8   0x080009b8   0x00000002   Code   RO         3298    i.BusFault_Handler  stm32f1xx_it.o
    0x080009ba   0x080009ba   0x00000002   PAD
    0x080009bc   0x080009bc   0x00000010   Code   RO         2842    i.DESELECT          fatfs_sd.o
    0x080009cc   0x080009cc   0x0000000c   Code   RO         3299    i.DMA1_Channel1_IRQHandler  stm32f1xx_it.o
    0x080009d8   0x080009d8   0x0000002a   Code   RO         2317    i.DMA_SetConfig     stm32f1xx_hal_dma.o
    0x08000a02   0x08000a02   0x00000002   Code   RO         3300    i.DebugMon_Handler  stm32f1xx_it.o
    0x08000a04   0x08000a04   0x0000001c   Code   RO         2977    i.Error_Handler     main.o
    0x08000a20   0x08000a20   0x00000006   Code   RO         3895    i.FATFS_LinkDriver  ff_gen_drv.o
    0x08000a26   0x08000a26   0x00000002   PAD
    0x08000a28   0x08000a28   0x00000040   Code   RO         3896    i.FATFS_LinkDriverEx  ff_gen_drv.o
    0x08000a68   0x08000a68   0x000000c8   Code   RO          318    i.HAL_ADCEx_Calibration_Start  stm32f1xx_hal_adc_ex.o
    0x08000b30   0x08000b30   0x00000002   Code   RO          320    i.HAL_ADCEx_InjectedConvCpltCallback  stm32f1xx_hal_adc_ex.o
    0x08000b32   0x08000b32   0x00000002   PAD
    0x08000b34   0x08000b34   0x000000fc   Code   RO          144    i.HAL_ADC_ConfigChannel  stm32f1xx_hal_adc.o
    0x08000c30   0x08000c30   0x00000002   Code   RO          145    i.HAL_ADC_ConvCpltCallback  stm32f1xx_hal_adc.o
    0x08000c32   0x08000c32   0x00000002   Code   RO          146    i.HAL_ADC_ConvHalfCpltCallback  stm32f1xx_hal_adc.o
    0x08000c34   0x08000c34   0x00000002   Code   RO          148    i.HAL_ADC_ErrorCallback  stm32f1xx_hal_adc.o
    0x08000c36   0x08000c36   0x000000e6   Code   RO          152    i.HAL_ADC_IRQHandler  stm32f1xx_hal_adc.o
    0x08000d1c   0x08000d1c   0x0000011c   Code   RO          153    i.HAL_ADC_Init      stm32f1xx_hal_adc.o
    0x08000e38   0x08000e38   0x00000002   Code   RO          154    i.HAL_ADC_LevelOutOfWindowCallback  stm32f1xx_hal_adc.o
    0x08000e3a   0x08000e3a   0x00000002   PAD
    0x08000e3c   0x08000e3c   0x000000a0   Code   RO         3421    i.HAL_ADC_MspInit   stm32f1xx_hal_msp.o
    0x08000edc   0x08000edc   0x0000010c   Code   RO          160    i.HAL_ADC_Start_DMA  stm32f1xx_hal_adc.o
    0x08000fe8   0x08000fe8   0x000000cc   Code   RO          161    i.HAL_ADC_Start_IT  stm32f1xx_hal_adc.o
    0x080010b4   0x080010b4   0x00000098   Code   RO         2319    i.HAL_DMA_Abort_IT  stm32f1xx_hal_dma.o
    0x0800114c   0x0800114c   0x00000158   Code   RO         2323    i.HAL_DMA_IRQHandler  stm32f1xx_hal_dma.o
    0x080012a4   0x080012a4   0x0000005c   Code   RO         2324    i.HAL_DMA_Init      stm32f1xx_hal_dma.o
    0x08001300   0x08001300   0x00000070   Code   RO         2328    i.HAL_DMA_Start_IT  stm32f1xx_hal_dma.o
    0x08001370   0x08001370   0x00000024   Code   RO         1958    i.HAL_Delay         stm32f1xx_hal.o
    0x08001394   0x08001394   0x000001c8   Code   RO         2254    i.HAL_GPIO_Init     stm32f1xx_hal_gpio.o
    0x0800155c   0x0800155c   0x00000008   Code   RO         2257    i.HAL_GPIO_TogglePin  stm32f1xx_hal_gpio.o
    0x08001564   0x08001564   0x0000000a   Code   RO         2258    i.HAL_GPIO_WritePin  stm32f1xx_hal_gpio.o
    0x0800156e   0x0800156e   0x00000002   PAD
    0x08001570   0x08001570   0x0000000c   Code   RO         1962    i.HAL_GetTick       stm32f1xx_hal.o
    0x0800157c   0x0800157c   0x00000010   Code   RO         1966    i.HAL_IncTick       stm32f1xx_hal.o
    0x0800158c   0x0800158c   0x00000024   Code   RO         1967    i.HAL_Init          stm32f1xx_hal.o
    0x080015b0   0x080015b0   0x00000040   Code   RO         1968    i.HAL_InitTick      stm32f1xx_hal.o
    0x080015f0   0x080015f0   0x0000003c   Code   RO         3422    i.HAL_MspInit       stm32f1xx_hal_msp.o
    0x0800162c   0x0800162c   0x00000016   Code   RO         2414    i.HAL_NVIC_EnableIRQ  stm32f1xx_hal_cortex.o
    0x08001642   0x08001642   0x00000002   PAD
    0x08001644   0x08001644   0x00000040   Code   RO         2420    i.HAL_NVIC_SetPriority  stm32f1xx_hal_cortex.o
    0x08001684   0x08001684   0x00000024   Code   RO         2421    i.HAL_NVIC_SetPriorityGrouping  stm32f1xx_hal_cortex.o
    0x080016a8   0x080016a8   0x000000c4   Code   RO         2216    i.HAL_RCCEx_GetPeriphCLKFreq  stm32f1xx_hal_rcc_ex.o
    0x0800176c   0x0800176c   0x000000e8   Code   RO         2217    i.HAL_RCCEx_PeriphCLKConfig  stm32f1xx_hal_rcc_ex.o
    0x08001854   0x08001854   0x00000168   Code   RO         2114    i.HAL_RCC_ClockConfig  stm32f1xx_hal_rcc.o
    0x080019bc   0x080019bc   0x00000020   Code   RO         2121    i.HAL_RCC_GetPCLK1Freq  stm32f1xx_hal_rcc.o
    0x080019dc   0x080019dc   0x00000020   Code   RO         2122    i.HAL_RCC_GetPCLK2Freq  stm32f1xx_hal_rcc.o
    0x080019fc   0x080019fc   0x0000006c   Code   RO         2123    i.HAL_RCC_GetSysClockFreq  stm32f1xx_hal_rcc.o
    0x08001a68   0x08001a68   0x000002f8   Code   RO         2126    i.HAL_RCC_OscConfig  stm32f1xx_hal_rcc.o
    0x08001d60   0x08001d60   0x00000006   Code   RO          423    i.HAL_SPI_GetState  stm32f1xx_hal_spi.o
    0x08001d66   0x08001d66   0x00000082   Code   RO          737    i.HAL_SPI_Init      stm32f1xx_hal_spi_ex.o
    0x08001de8   0x08001de8   0x00000070   Code   RO         3424    i.HAL_SPI_MspInit   stm32f1xx_hal_msp.o
    0x08001e58   0x08001e58   0x00000164   Code   RO          433    i.HAL_SPI_Transmit  stm32f1xx_hal_spi.o
    0x08001fbc   0x08001fbc   0x000001ca   Code   RO          434    i.HAL_SPI_TransmitReceive  stm32f1xx_hal_spi.o
    0x08002186   0x08002186   0x00000028   Code   RO         2425    i.HAL_SYSTICK_Config  stm32f1xx_hal_cortex.o
    0x080021ae   0x080021ae   0x00000002   Code   RO         1392    i.HAL_TIMEx_BreakCallback  stm32f1xx_hal_tim_ex.o
    0x080021b0   0x080021b0   0x00000002   Code   RO         1393    i.HAL_TIMEx_CommutationCallback  stm32f1xx_hal_tim_ex.o
    0x080021b2   0x080021b2   0x0000005a   Code   RO         1394    i.HAL_TIMEx_ConfigBreakDeadTime  stm32f1xx_hal_tim_ex.o
    0x0800220c   0x0800220c   0x00000050   Code   RO         1409    i.HAL_TIMEx_MasterConfigSynchronization  stm32f1xx_hal_tim_ex.o
    0x0800225c   0x0800225c   0x00000036   Code   RO          763    i.HAL_TIM_Base_Init  stm32f1xx_hal_tim.o
    0x08002292   0x08002292   0x00000002   PAD
    0x08002294   0x08002294   0x00000078   Code   RO         3426    i.HAL_TIM_Base_MspInit  stm32f1xx_hal_msp.o
    0x0800230c   0x0800230c   0x00000018   Code   RO          768    i.HAL_TIM_Base_Start_IT  stm32f1xx_hal_tim.o
    0x08002324   0x08002324   0x0000002a   Code   RO          771    i.HAL_TIM_Base_Stop_IT  stm32f1xx_hal_tim.o
    0x0800234e   0x0800234e   0x000000f0   Code   RO          772    i.HAL_TIM_ConfigClockSource  stm32f1xx_hal_tim.o
    0x0800243e   0x0800243e   0x00000002   Code   RO          792    i.HAL_TIM_IC_CaptureCallback  stm32f1xx_hal_tim.o
    0x08002440   0x08002440   0x00000166   Code   RO          805    i.HAL_TIM_IRQHandler  stm32f1xx_hal_tim.o
    0x080025a6   0x080025a6   0x00000002   PAD
    0x080025a8   0x080025a8   0x0000004c   Code   RO         3427    i.HAL_TIM_MspPostInit  stm32f1xx_hal_msp.o
    0x080025f4   0x080025f4   0x00000002   Code   RO          808    i.HAL_TIM_OC_DelayElapsedCallback  stm32f1xx_hal_tim.o
    0x080025f6   0x080025f6   0x000000d0   Code   RO          829    i.HAL_TIM_PWM_ConfigChannel  stm32f1xx_hal_tim.o
    0x080026c6   0x080026c6   0x00000036   Code   RO          832    i.HAL_TIM_PWM_Init  stm32f1xx_hal_tim.o
    0x080026fc   0x080026fc   0x00000002   Code   RO          834    i.HAL_TIM_PWM_MspInit  stm32f1xx_hal_tim.o
    0x080026fe   0x080026fe   0x00000002   Code   RO          835    i.HAL_TIM_PWM_PulseFinishedCallback  stm32f1xx_hal_tim.o
    0x08002700   0x08002700   0x00000030   Code   RO          836    i.HAL_TIM_PWM_Start  stm32f1xx_hal_tim.o
    0x08002730   0x08002730   0x00000002   Code   RO          842    i.HAL_TIM_PeriodElapsedCallback  stm32f1xx_hal_tim.o
    0x08002732   0x08002732   0x00000002   Code   RO          846    i.HAL_TIM_TriggerCallback  stm32f1xx_hal_tim.o
    0x08002734   0x08002734   0x00000002   Code   RO         1646    i.HAL_UART_ErrorCallback  stm32f1xx_hal_uart.o
    0x08002736   0x08002736   0x00000002   PAD
    0x08002738   0x08002738   0x00000110   Code   RO         1649    i.HAL_UART_IRQHandler  stm32f1xx_hal_uart.o
    0x08002848   0x08002848   0x00000062   Code   RO         1650    i.HAL_UART_Init     stm32f1xx_hal_uart.o
    0x080028aa   0x080028aa   0x00000002   PAD
    0x080028ac   0x080028ac   0x000000e8   Code   RO         3429    i.HAL_UART_MspInit  stm32f1xx_hal_msp.o
    0x08002994   0x08002994   0x000000ba   Code   RO         1653    i.HAL_UART_Receive  stm32f1xx_hal_uart.o
    0x08002a4e   0x08002a4e   0x00000002   Code   RO         1656    i.HAL_UART_RxCpltCallback  stm32f1xx_hal_uart.o
    0x08002a50   0x08002a50   0x000000ba   Code   RO         1658    i.HAL_UART_Transmit  stm32f1xx_hal_uart.o
    0x08002b0a   0x08002b0a   0x00000002   Code   RO         1661    i.HAL_UART_TxCpltCallback  stm32f1xx_hal_uart.o
    0x08002b0c   0x08002b0c   0x00000002   Code   RO         3301    i.HardFault_Handler  stm32f1xx_it.o
    0x08002b0e   0x08002b0e   0x00000002   PAD
    0x08002b10   0x08002b10   0x00000080   Code   RO         2978    i.MX_ADC1_Init      main.o
    0x08002b90   0x08002b90   0x0000001c   Code   RO         3255    i.MX_FATFS_Init     fatfs.o
    0x08002bac   0x08002bac   0x0000009c   Code   RO         2979    i.MX_GPIO_Init      main.o
    0x08002c48   0x08002c48   0x00000044   Code   RO         2980    i.MX_SPI1_Init      main.o
    0x08002c8c   0x08002c8c   0x000000cc   Code   RO         2981    i.MX_TIM1_Init      main.o
    0x08002d58   0x08002d58   0x0000005c   Code   RO         2982    i.MX_TIM2_Init      main.o
    0x08002db4   0x08002db4   0x00000060   Code   RO         2983    i.MX_TIM3_Init      main.o
    0x08002e14   0x08002e14   0x00000002   Code   RO         3302    i.MemManage_Handler  stm32f1xx_it.o
    0x08002e16   0x08002e16   0x00000002   Code   RO         3303    i.NMI_Handler       stm32f1xx_it.o
    0x08002e18   0x08002e18   0x00000020   Code   RO         2427    i.NVIC_SetPriority  stm32f1xx_hal_cortex.o
    0x08002e38   0x08002e38   0x00000002   Code   RO         3304    i.PendSV_Handler    stm32f1xx_it.o
    0x08002e3a   0x08002e3a   0x00000002   PAD
    0x08002e3c   0x08002e3c   0x00000020   Code   RO         3305    i.SDTimer_Handler   stm32f1xx_it.o
    0x08002e5c   0x08002e5c   0x00000070   Code   RO         2843    i.SD_PowerOn        fatfs_sd.o
    0x08002ecc   0x08002ecc   0x00000020   Code   RO         2844    i.SD_ReadyWait      fatfs_sd.o
    0x08002eec   0x08002eec   0x00000048   Code   RO         2845    i.SD_RxDataBlock    fatfs_sd.o
    0x08002f34   0x08002f34   0x00000066   Code   RO         2846    i.SD_SendCmd        fatfs_sd.o
    0x08002f9a   0x08002f9a   0x0000006e   Code   RO         2847    i.SD_TxDataBlock    fatfs_sd.o
    0x08003008   0x08003008   0x00000138   Code   RO         2848    i.SD_disk_initialize  fatfs_sd.o
    0x08003140   0x08003140   0x00000144   Code   RO         2849    i.SD_disk_ioctl     fatfs_sd.o
    0x08003284   0x08003284   0x00000088   Code   RO         2850    i.SD_disk_read      fatfs_sd.o
    0x0800330c   0x0800330c   0x00000010   Code   RO         2851    i.SD_disk_status    fatfs_sd.o
    0x0800331c   0x0800331c   0x000000a8   Code   RO         2852    i.SD_disk_write     fatfs_sd.o
    0x080033c4   0x080033c4   0x00000010   Code   RO         2853    i.SELECT            fatfs_sd.o
    0x080033d4   0x080033d4   0x00000020   Code   RO          449    i.SPI_CheckFlag_BSY  stm32f1xx_hal_spi.o
    0x080033f4   0x080033f4   0x00000034   Code   RO         2854    i.SPI_RxByte        fatfs_sd.o
    0x08003428   0x08003428   0x00000020   Code   RO         2855    i.SPI_TxByte        fatfs_sd.o
    0x08003448   0x08003448   0x00000096   Code   RO          468    i.SPI_WaitFlagStateUntilTimeout  stm32f1xx_hal_spi.o
    0x080034de   0x080034de   0x00000002   Code   RO         3306    i.SVC_Handler       stm32f1xx_it.o
    0x080034e0   0x080034e0   0x00000024   Code   RO         3307    i.SysTick_Handler   stm32f1xx_it.o
    0x08003504   0x08003504   0x0000006e   Code   RO         2984    i.SystemClock_Config  main.o
    0x08003572   0x08003572   0x00000002   PAD
    0x08003574   0x08003574   0x00000048   Code   RO         4009    i.SystemInit        system_stm32f1xx.o
    0x080035bc   0x080035bc   0x00000098   Code   RO         3308    i.TIM2_IRQHandler   stm32f1xx_it.o
    0x08003654   0x08003654   0x00000020   Code   RO         3309    i.TIM3_IRQHandler   stm32f1xx_it.o
    0x08003674   0x08003674   0x0000006c   Code   RO          847    i.TIM_Base_SetConfig  stm32f1xx_hal_tim.o
    0x080036e0   0x080036e0   0x00000016   Code   RO          848    i.TIM_CCxChannelCmd  stm32f1xx_hal_tim.o
    0x080036f6   0x080036f6   0x00000014   Code   RO          854    i.TIM_ETR_SetConfig  stm32f1xx_hal_tim.o
    0x0800370a   0x0800370a   0x00000010   Code   RO          855    i.TIM_ITRx_SetConfig  stm32f1xx_hal_tim.o
    0x0800371a   0x0800371a   0x00000002   PAD
    0x0800371c   0x0800371c   0x00000058   Code   RO          856    i.TIM_OC1_SetConfig  stm32f1xx_hal_tim.o
    0x08003774   0x08003774   0x0000005c   Code   RO          857    i.TIM_OC2_SetConfig  stm32f1xx_hal_tim.o
    0x080037d0   0x080037d0   0x00000058   Code   RO          858    i.TIM_OC3_SetConfig  stm32f1xx_hal_tim.o
    0x08003828   0x08003828   0x00000044   Code   RO          859    i.TIM_OC4_SetConfig  stm32f1xx_hal_tim.o
    0x0800386c   0x0800386c   0x00000022   Code   RO          861    i.TIM_TI1_ConfigInputStage  stm32f1xx_hal_tim.o
    0x0800388e   0x0800388e   0x00000024   Code   RO          863    i.TIM_TI2_ConfigInputStage  stm32f1xx_hal_tim.o
    0x080038b2   0x080038b2   0x00000010   Code   RO         1663    i.UART_DMAAbortOnError  stm32f1xx_hal_uart.o
    0x080038c2   0x080038c2   0x0000001c   Code   RO         1673    i.UART_EndRxTransfer  stm32f1xx_hal_uart.o
    0x080038de   0x080038de   0x00000096   Code   RO         1675    i.UART_Receive_IT   stm32f1xx_hal_uart.o
    0x08003974   0x08003974   0x00000170   Code   RO         1676    i.UART_SetConfig    stm32f1xx_hal_uart.o
    0x08003ae4   0x08003ae4   0x00000062   Code   RO         1677    i.UART_Transmit_IT  stm32f1xx_hal_uart.o
    0x08003b46   0x08003b46   0x00000062   Code   RO         1678    i.UART_WaitOnFlagUntilTimeout  stm32f1xx_hal_uart.o
    0x08003ba8   0x08003ba8   0x00000040   Code   RO         3310    i.USART1_IRQHandler  stm32f1xx_it.o
    0x08003be8   0x08003be8   0x0000000c   Code   RO         3311    i.USART3_IRQHandler  stm32f1xx_it.o
    0x08003bf4   0x08003bf4   0x00000004   Code   RO         3188    i.USER_initialize   user_diskio.o
    0x08003bf8   0x08003bf8   0x00000004   Code   RO         3189    i.USER_ioctl        user_diskio.o
    0x08003bfc   0x08003bfc   0x00000004   Code   RO         3190    i.USER_read         user_diskio.o
    0x08003c00   0x08003c00   0x00000004   Code   RO         3191    i.USER_status       user_diskio.o
    0x08003c04   0x08003c04   0x00000004   Code   RO         3192    i.USER_write        user_diskio.o
    0x08003c08   0x08003c08   0x00000002   Code   RO         3312    i.UsageFault_Handler  stm32f1xx_it.o
    0x08003c0a   0x08003c0a   0x00000002   PAD
    0x08003c0c   0x08003c0c   0x00000028   Code   RO         4285    i.__0sprintf        mc_w.l(printfa.o)
    0x08003c34   0x08003c34   0x0000000e   Code   RO         4377    i.__scatterload_copy  mc_w.l(handlers.o)
    0x08003c42   0x08003c42   0x00000002   Code   RO         4378    i.__scatterload_null  mc_w.l(handlers.o)
    0x08003c44   0x08003c44   0x0000000e   Code   RO         4379    i.__scatterload_zeroinit  mc_w.l(handlers.o)
    0x08003c52   0x08003c52   0x00000002   PAD
    0x08003c54   0x08003c54   0x00000184   Code   RO         4290    i._fp_digits        mc_w.l(printfa.o)
    0x08003dd8   0x08003dd8   0x000006dc   Code   RO         4291    i._printf_core      mc_w.l(printfa.o)
    0x080044b4   0x080044b4   0x00000024   Code   RO         4292    i._printf_post_padding  mc_w.l(printfa.o)
    0x080044d8   0x080044d8   0x0000002e   Code   RO         4293    i._printf_pre_padding  mc_w.l(printfa.o)
    0x08004506   0x08004506   0x0000000a   Code   RO         4295    i._sputc            mc_w.l(printfa.o)
    0x08004510   0x08004510   0x00000018   Code   RO         2985    i.change_page       main.o
    0x08004528   0x08004528   0x00000060   Code   RO         3554    i.check_fs          ff.o
    0x08004588   0x08004588   0x00000010   Code   RO         3555    i.chk_chr           ff.o
    0x08004598   0x08004598   0x00000068   Code   RO         3556    i.chk_lock          ff.o
    0x08004600   0x08004600   0x00000024   Code   RO         3557    i.clear_lock        ff.o
    0x08004624   0x08004624   0x0000002e   Code   RO         3558    i.clmt_clust        ff.o
    0x08004652   0x08004652   0x0000001c   Code   RO         3559    i.clust2sect        ff.o
    0x0800466e   0x0800466e   0x000000a4   Code   RO         3560    i.create_chain      ff.o
    0x08004712   0x08004712   0x00000002   PAD
    0x08004714   0x08004714   0x000001e0   Code   RO         3561    i.create_name       ff.o
    0x080048f4   0x080048f4   0x0000003c   Code   RO         3562    i.dec_lock          ff.o
    0x08004930   0x08004930   0x00000130   Code   RO         3563    i.dir_find          ff.o
    0x08004a60   0x08004a60   0x0000011c   Code   RO         3564    i.dir_next          ff.o
    0x08004b7c   0x08004b7c   0x000001b4   Code   RO         3566    i.dir_register      ff.o
    0x08004d30   0x08004d30   0x0000009a   Code   RO         3568    i.dir_sdi           ff.o
    0x08004dca   0x08004dca   0x00000002   PAD
    0x08004dcc   0x08004dcc   0x00000028   Code   RO         3499    i.disk_initialize   diskio.o
    0x08004df4   0x08004df4   0x0000001c   Code   RO         3500    i.disk_ioctl        diskio.o
    0x08004e10   0x08004e10   0x0000001c   Code   RO         3501    i.disk_read         diskio.o
    0x08004e2c   0x08004e2c   0x00000018   Code   RO         3502    i.disk_status       diskio.o
    0x08004e44   0x08004e44   0x0000001c   Code   RO         3503    i.disk_write        diskio.o
    0x08004e60   0x08004e60   0x0000002a   Code   RO         3570    i.f_close           ff.o
    0x08004e8a   0x08004e8a   0x000000c2   Code   RO         3572    i.f_getfree         ff.o
    0x08004f4c   0x08004f4c   0x00000248   Code   RO         3574    i.f_lseek           ff.o
    0x08005194   0x08005194   0x00000060   Code   RO         3577    i.f_mount           ff.o
    0x080051f4   0x080051f4   0x000001e4   Code   RO         3578    i.f_open            ff.o
    0x080053d8   0x080053d8   0x000001e4   Code   RO         3580    i.f_printf          ff.o
    0x080055bc   0x080055bc   0x000000a2   Code   RO         3587    i.f_sync            ff.o
    0x0800565e   0x0800565e   0x000001b2   Code   RO         3591    i.f_write           ff.o
    0x08005810   0x08005810   0x00000038   Code   RO         3976    i.ff_convert        ccsbcs.o
    0x08005848   0x08005848   0x00000024   Code   RO         3977    i.ff_wtoupper       ccsbcs.o
    0x0800586c   0x0800586c   0x00000268   Code   RO         3592    i.find_volume       ff.o
    0x08005ad4   0x08005ad4   0x0000006a   Code   RO         3593    i.follow_path       ff.o
    0x08005b3e   0x08005b3e   0x00000002   PAD
    0x08005b40   0x08005b40   0x0000007c   Code   RO         3594    i.gen_numname       ff.o
    0x08005bbc   0x08005bbc   0x000000e6   Code   RO         3595    i.get_fat           ff.o
    0x08005ca2   0x08005ca2   0x00000004   Code   RO         3256    i.get_fattime       fatfs.o
    0x08005ca6   0x08005ca6   0x0000003c   Code   RO         3597    i.get_ldnumber      ff.o
    0x08005ce2   0x08005ce2   0x00000002   PAD
    0x08005ce4   0x08005ce4   0x00000094   Code   RO         3598    i.inc_lock          ff.o
    0x08005d78   0x08005d78   0x00000016   Code   RO         3599    i.ld_clust          ff.o
    0x08005d8e   0x08005d8e   0x00000002   PAD
    0x08005d90   0x08005d90   0x000008c8   Code   RO         2986    i.main              main.o
    0x08006658   0x08006658   0x00000010   Code   RO         3600    i.mem_cpy           ff.o
    0x08006668   0x08006668   0x0000000e   Code   RO         3601    i.mem_set           ff.o
    0x08006676   0x08006676   0x00000038   Code   RO         3602    i.move_window       ff.o
    0x080066ae   0x080066ae   0x0000011e   Code   RO         3603    i.put_fat           ff.o
    0x080067cc   0x080067cc   0x00000046   Code   RO         3604    i.putc_bfd          ff.o
    0x08006812   0x08006812   0x00000066   Code   RO         3605    i.remove_chain      ff.o
    0x08006878   0x08006878   0x000000c0   Code   RO         2987    i.sdcard_write      main.o
    0x08006938   0x08006938   0x00000028   Code   RO         2989    i.send_data_to_variable_point  main.o
    0x08006960   0x08006960   0x00000010   Code   RO         3606    i.st_clust          ff.o
    0x08006970   0x08006970   0x0000001a   Code   RO         3607    i.sum_sfn           ff.o
    0x0800698a   0x0800698a   0x000000a8   Code   RO         3608    i.sync_fs           ff.o
    0x08006a32   0x08006a32   0x00000052   Code   RO         3609    i.sync_window       ff.o
    0x08006a84   0x08006a84   0x000000bc   Code   RO         2990    i.temp_val_calculate  main.o
    0x08006b40   0x08006b40   0x0000002a   Code   RO         3610    i.validate          ff.o
    0x08006b6a   0x08006b6a   0x000000ba   Data   RO         3612    .constdata          ff.o
    0x08006c24   0x08006c24   0x000004c0   Data   RO         3978    .constdata          ccsbcs.o
    0x080070e4   0x080070e4   0x00000010   Data   RO         4010    .constdata          system_stm32f1xx.o
    0x080070f4   0x080070f4   0x00000008   Data   RO         4011    .constdata          system_stm32f1xx.o
    0x080070fc   0x080070fc   0x00000020   Data   RO         4375    Region$$Table       anon$$obj.o


    Execution Region RW_IRAM1 (Exec base: 0x20000000, Load base: 0x0800711c, Size: 0x000029b8, Max: 0x00005000, ABSOLUTE)

    Exec Addr    Load Addr    Size         Type   Attr      Idx    E Section Name        Object

    0x20000000   0x0800711c   0x0000000c   Data   RW         1974    .data               stm32f1xx_hal.o
    0x2000000c   0x08007128   0x00000003   Data   RW         2856    .data               fatfs_sd.o
    0x2000000f   0x0800712b   0x00000001   PAD
    0x20000010   0x0800712c   0x0000007d   Data   RW         2996    .data               main.o
    0x2000008d   0x080071a9   0x00000003   PAD
    0x20000090   0x080071ac   0x00000014   Data   RW         3193    .data               user_diskio.o
    0x200000a4   0x080071c0   0x00000005   Data   RW         3259    .data               fatfs.o
    0x200000a9   0x080071c5   0x00000003   PAD
    0x200000ac   0x080071c8   0x00000028   Data   RW         3315    .data               stm32f1xx_it.o
    0x200000d4   0x080071f0   0x00000008   Data   RW         3613    .data               ff.o
    0x200000dc   0x080071f8   0x00000004   Data   RW         4012    .data               system_stm32f1xx.o
    0x200000e0        -       0x00002248   Zero   RW         2991    .bss                main.o
    0x20002328        -       0x00000044   Zero   RW         2992    .bss                main.o
    0x2000236c        -       0x00000028   Zero   RW         3314    .bss                stm32f1xx_it.o
    0x20002394        -       0x00000218   Zero   RW         3611    .bss                ff.o
    0x200025ac        -       0x0000000c   Zero   RW         3899    .bss                ff_gen_drv.o
    0x200025b8        -       0x00000400   Zero   RW            1    STACK               startup_stm32f103xb.o


==============================================================================

Image component sizes


      Code (inc. data)   RO Data    RW Data    ZI Data      Debug   Object Name

        92         12       1216          0          0       2027   ccsbcs.o
       148         24          0          0          0       3609   diskio.o
        32         10          0          5          0       1464   fatfs.o
      1500         60          0          3          0      11707   fatfs_sd.o
      6872         82        186          8        536      43399   ff.o
        70          4          0          0         12       1595   ff_gen_drv.o
      3574        390          0        125       8844     459850   main.o
        36          8        236          0       1024        808   startup_stm32f103xb.o
       164         28          0         12          0       5937   stm32f1xx_hal.o
      1546         68          0          0          0      10845   stm32f1xx_hal_adc.o
       202          6          0          0          0       2027   stm32f1xx_hal_adc_ex.o
       194         14          0          0          0      25751   stm32f1xx_hal_cortex.o
       742         36          0          0          0       4350   stm32f1xx_hal_dma.o
       474         34          0          0          0       3461   stm32f1xx_hal_gpio.o
         0          0          0          0          0     457088   stm32f1xx_hal_gpio_ex.o
       760         88          0          0          0       4530   stm32f1xx_hal_msp.o
      1292         96          0          0          0       5380   stm32f1xx_hal_rcc.o
       428         44          0          0          0       2637   stm32f1xx_hal_rcc_ex.o
      1002          0          0          0          0       5432   stm32f1xx_hal_spi.o
       130          0          0          0          0       1075   stm32f1xx_hal_spi_ex.o
      1612         40          0          0          0      17323   stm32f1xx_hal_tim.o
       174          0          0          0          0       3194   stm32f1xx_hal_tim_ex.o
      1506         10          0          0          0      10310   stm32f1xx_hal_uart.o
       368         80          0         40         40       8584   stm32f1xx_it.o
         0          0          0          0          0        524   syscall.o
        72         16         24          4          0       1175   system_stm32f1xx.o
        20          0          0         20          0       6964   user_diskio.o

    ----------------------------------------------------------------------
     23050       1150       1694        224      10456    1101046   Object Totals
         0          0         32          0          0          0   (incl. Generated)
        40          0          0          7          0          0   (incl. Padding)

    ----------------------------------------------------------------------

      Code (inc. data)   RO Data    RW Data    ZI Data      Debug   Library Member Name

         0          0          0          0          0          0   entry.o
         0          0          0          0          0          0   entry10a.o
         0          0          0          0          0          0   entry11a.o
         8          4          0          0          0          0   entry2.o
         4          0          0          0          0          0   entry5.o
         0          0          0          0          0          0   entry7b.o
         0          0          0          0          0          0   entry8b.o
         8          4          0          0          0          0   entry9a.o
        30          0          0          0          0          0   handlers.o
        36          8          0          0          0         68   init.o
         0          0          0          0          0          0   iusefp.o
        30          0          0          0          0         68   llshl.o
        36          0          0          0          0         68   llsshr.o
        32          0          0          0          0         68   llushr.o
        36          0          0          0          0        108   memseta.o
      2276         86          0          0          0        520   printfa.o
        44          0          0          0          0         80   uidiv.o
        98          0          0          0          0         92   uldiv.o
        48          0          0          0          0         68   cdcmple.o
        48          0          0          0          0         68   cdrcmple.o
        56          0          0          0          0         88   d2f.o
       334          0          0          0          0        148   dadd.o
       222          0          0          0          0        100   ddiv.o
       186          0          0          0          0        176   depilogue.o
        62          0          0          0          0         80   dfixi.o
        50          0          0          0          0         76   dfixui.o
        48          0          0          0          0         68   dfixul.o
        34          0          0          0          0         76   dflti.o
        26          0          0          0          0         76   dfltui.o
       228          0          0          0          0         96   dmul.o
        46          0          0          0          0         80   dscalb.o
        38          0          0          0          0         68   f2d.o
       110          0          0          0          0        168   fepilogue.o
        10          0          0          0          0         68   ffltui.o
        24          0          0          0          0         68   fscalb.o

    ----------------------------------------------------------------------
      4212        102          0          0          0       2644   Library Totals
         4          0          0          0          0          0   (incl. Padding)

    ----------------------------------------------------------------------

      Code (inc. data)   RO Data    RW Data    ZI Data      Debug   Library Name

      2638        102          0          0          0       1072   mc_w.l
      1570          0          0          0          0       1572   mf_w.l

    ----------------------------------------------------------------------
      4212        102          0          0          0       2644   Library Totals

    ----------------------------------------------------------------------

==============================================================================


      Code (inc. data)   RO Data    RW Data    ZI Data      Debug   

     27262       1252       1694        224      10456    1092558   Grand Totals
     27262       1252       1694        224      10456    1092558   ELF Image Totals
     27262       1252       1694        224          0          0   ROM Totals

==============================================================================

    Total RO  Size (Code + RO Data)                28956 (  28.28kB)
    Total RW  Size (RW Data + ZI Data)             10680 (  10.43kB)
    Total ROM Size (Code + RO Data + RW Data)      29180 (  28.50kB)

==============================================================================

