Component: ARM Compiler 5.06 update 6 (build 750) Tool: armlink [4d35ed]

==============================================================================

Section Cross References

    startup_stm32f103xb.o(RESET) refers to startup_stm32f103xb.o(STACK) for __initial_sp
    startup_stm32f103xb.o(RESET) refers to startup_stm32f103xb.o(.text) for Reset_Handler
    startup_stm32f103xb.o(RESET) refers to stm32f1xx_it.o(i.NMI_Handler) for NMI_Handler
    startup_stm32f103xb.o(RESET) refers to stm32f1xx_it.o(i.HardFault_Handler) for HardFault_Handler
    startup_stm32f103xb.o(RESET) refers to stm32f1xx_it.o(i.MemManage_Handler) for MemManage_Handler
    startup_stm32f103xb.o(RESET) refers to stm32f1xx_it.o(i.BusFault_Handler) for BusFault_Handler
    startup_stm32f103xb.o(RESET) refers to stm32f1xx_it.o(i.UsageFault_Handler) for UsageFault_Handler
    startup_stm32f103xb.o(RESET) refers to stm32f1xx_it.o(i.SVC_Handler) for SVC_Handler
    startup_stm32f103xb.o(RESET) refers to stm32f1xx_it.o(i.DebugMon_Handler) for DebugMon_Handler
    startup_stm32f103xb.o(RESET) refers to stm32f1xx_it.o(i.PendSV_Handler) for PendSV_Handler
    startup_stm32f103xb.o(RESET) refers to stm32f1xx_it.o(i.SysTick_Handler) for SysTick_Handler
    startup_stm32f103xb.o(RESET) refers to stm32f1xx_it.o(i.DMA1_Channel1_IRQHandler) for DMA1_Channel1_IRQHandler
    startup_stm32f103xb.o(RESET) refers to stm32f1xx_it.o(i.ADC1_2_IRQHandler) for ADC1_2_IRQHandler
    startup_stm32f103xb.o(RESET) refers to stm32f1xx_it.o(i.TIM3_IRQHandler) for TIM3_IRQHandler
    startup_stm32f103xb.o(.text) refers to system_stm32f1xx.o(i.SystemInit) for SystemInit
    startup_stm32f103xb.o(.text) refers to entry.o(.ARM.Collect$$$$00000000) for __main
    stm32f1xx_hal_adc.o(i.ADC_ConversionStop_Disable) refers to stm32f1xx_hal.o(i.HAL_GetTick) for HAL_GetTick
    stm32f1xx_hal_adc.o(i.ADC_DMAConvCplt) refers to main.o(i.HAL_ADC_ConvCpltCallback) for HAL_ADC_ConvCpltCallback
    stm32f1xx_hal_adc.o(i.ADC_DMAError) refers to stm32f1xx_hal_adc.o(i.HAL_ADC_ErrorCallback) for HAL_ADC_ErrorCallback
    stm32f1xx_hal_adc.o(i.ADC_DMAHalfConvCplt) refers to stm32f1xx_hal_adc.o(i.HAL_ADC_ConvHalfCpltCallback) for HAL_ADC_ConvHalfCpltCallback
    stm32f1xx_hal_adc.o(i.ADC_Enable) refers to stm32f1xx_hal.o(i.HAL_GetTick) for HAL_GetTick
    stm32f1xx_hal_adc.o(i.ADC_Enable) refers to system_stm32f1xx.o(.data) for SystemCoreClock
    stm32f1xx_hal_adc.o(i.HAL_ADC_ConfigChannel) refers to system_stm32f1xx.o(.data) for SystemCoreClock
    stm32f1xx_hal_adc.o(i.HAL_ADC_DeInit) refers to stm32f1xx_hal_adc.o(i.ADC_ConversionStop_Disable) for ADC_ConversionStop_Disable
    stm32f1xx_hal_adc.o(i.HAL_ADC_DeInit) refers to stm32f1xx_hal_msp.o(i.HAL_ADC_MspDeInit) for HAL_ADC_MspDeInit
    stm32f1xx_hal_adc.o(i.HAL_ADC_IRQHandler) refers to main.o(i.HAL_ADC_ConvCpltCallback) for HAL_ADC_ConvCpltCallback
    stm32f1xx_hal_adc.o(i.HAL_ADC_IRQHandler) refers to stm32f1xx_hal_adc_ex.o(i.HAL_ADCEx_InjectedConvCpltCallback) for HAL_ADCEx_InjectedConvCpltCallback
    stm32f1xx_hal_adc.o(i.HAL_ADC_IRQHandler) refers to stm32f1xx_hal_adc.o(i.HAL_ADC_LevelOutOfWindowCallback) for HAL_ADC_LevelOutOfWindowCallback
    stm32f1xx_hal_adc.o(i.HAL_ADC_Init) refers to stm32f1xx_hal_msp.o(i.HAL_ADC_MspInit) for HAL_ADC_MspInit
    stm32f1xx_hal_adc.o(i.HAL_ADC_Init) refers to stm32f1xx_hal_adc.o(i.ADC_ConversionStop_Disable) for ADC_ConversionStop_Disable
    stm32f1xx_hal_adc.o(i.HAL_ADC_PollForConversion) refers to stm32f1xx_hal.o(i.HAL_GetTick) for HAL_GetTick
    stm32f1xx_hal_adc.o(i.HAL_ADC_PollForConversion) refers to stm32f1xx_hal_rcc_ex.o(i.HAL_RCCEx_GetPeriphCLKFreq) for HAL_RCCEx_GetPeriphCLKFreq
    stm32f1xx_hal_adc.o(i.HAL_ADC_PollForConversion) refers to system_stm32f1xx.o(.data) for SystemCoreClock
    stm32f1xx_hal_adc.o(i.HAL_ADC_PollForEvent) refers to stm32f1xx_hal.o(i.HAL_GetTick) for HAL_GetTick
    stm32f1xx_hal_adc.o(i.HAL_ADC_Start) refers to stm32f1xx_hal_adc.o(i.ADC_Enable) for ADC_Enable
    stm32f1xx_hal_adc.o(i.HAL_ADC_Start_DMA) refers to stm32f1xx_hal_adc.o(i.ADC_Enable) for ADC_Enable
    stm32f1xx_hal_adc.o(i.HAL_ADC_Start_DMA) refers to stm32f1xx_hal_dma.o(i.HAL_DMA_Start_IT) for HAL_DMA_Start_IT
    stm32f1xx_hal_adc.o(i.HAL_ADC_Start_DMA) refers to stm32f1xx_hal_adc.o(i.ADC_DMAConvCplt) for ADC_DMAConvCplt
    stm32f1xx_hal_adc.o(i.HAL_ADC_Start_DMA) refers to stm32f1xx_hal_adc.o(i.ADC_DMAHalfConvCplt) for ADC_DMAHalfConvCplt
    stm32f1xx_hal_adc.o(i.HAL_ADC_Start_DMA) refers to stm32f1xx_hal_adc.o(i.ADC_DMAError) for ADC_DMAError
    stm32f1xx_hal_adc.o(i.HAL_ADC_Start_IT) refers to stm32f1xx_hal_adc.o(i.ADC_Enable) for ADC_Enable
    stm32f1xx_hal_adc.o(i.HAL_ADC_Stop) refers to stm32f1xx_hal_adc.o(i.ADC_ConversionStop_Disable) for ADC_ConversionStop_Disable
    stm32f1xx_hal_adc.o(i.HAL_ADC_Stop_DMA) refers to stm32f1xx_hal_adc.o(i.ADC_ConversionStop_Disable) for ADC_ConversionStop_Disable
[...]
    ../clib/microlib/init/entry.s            0x00000000   Number         0  entry5.o ABSOLUTE
    ../clib/microlib/init/entry.s            0x00000000   Number         0  entry2.o ABSOLUTE
    ../clib/microlib/init/entry.s            0x00000000   Number         0  entry.o ABSOLUTE
    ../clib/microlib/init/entry.s            0x00000000   Number         0  entry7b.o ABSOLUTE
    ../clib/microlib/init/entry.s            0x00000000   Number         0  entry11b.o ABSOLUTE
    ../clib/microlib/init/entry.s            0x00000000   Number         0  entry11a.o ABSOLUTE
    ../clib/microlib/init/entry.s            0x00000000   Number         0  entry10b.o ABSOLUTE
    ../clib/microlib/init/entry.s            0x00000000   Number         0  entry10a.o ABSOLUTE
    ../clib/microlib/longlong.c              0x00000000   Number         0  llushr.o ABSOLUTE
    ../clib/microlib/longlong.c              0x00000000   Number         0  llsshr.o ABSOLUTE
    ../clib/microlib/longlong.c              0x00000000   Number         0  llshl.o ABSOLUTE
    ../clib/microlib/string/memset.c         0x00000000   Number         0  memseta.o ABSOLUTE
    ../clib/microlib/stubs.s                 0x00000000   Number         0  iusefp.o ABSOLUTE
    ../fplib/microlib/d2f.c                  0x00000000   Number         0  d2f.o ABSOLUTE
    ../fplib/microlib/f2d.c                  0x00000000   Number         0  f2d.o ABSOLUTE
    ../fplib/microlib/fpadd.c                0x00000000   Number         0  dadd.o ABSOLUTE
    ../fplib/microlib/fpdiv.c                0x00000000   Number         0  ddiv.o ABSOLUTE
    ../fplib/microlib/fpepilogue.c           0x00000000   Number         0  depilogue.o ABSOLUTE
    ../fplib/microlib/fpepilogue.c           0x00000000   Number         0  fepilogue.o ABSOLUTE
    ../fplib/microlib/fpfix.c                0x00000000   Number         0  dfixui.o ABSOLUTE
    ../fplib/microlib/fpfix.c                0x00000000   Number         0  ffixi.o ABSOLUTE
    ../fplib/microlib/fpflt.c                0x00000000   Number         0  dfltui.o ABSOLUTE
    ../fplib/microlib/fpflt.c                0x00000000   Number         0  ffltui.o ABSOLUTE
    ../fplib/microlib/fpmul.c                0x00000000   Number         0  dmul.o ABSOLUTE
    ../fplib/microlib/fpscalb.c              0x00000000   Number         0  fscalb.o ABSOLUTE
    ../fplib/microlib/fpscalb.c              0x00000000   Number         0  dscalb.o ABSOLUTE
    ..\Drivers\STM32F1xx_HAL_Driver\Src\stm32f1xx_hal.c 0x00000000   Number         0  stm32f1xx_hal.o ABSOLUTE
    ..\Drivers\STM32F1xx_HAL_Driver\Src\stm32f1xx_hal_adc.c 0x00000000   Number         0  stm32f1xx_hal_adc.o ABSOLUTE
    ..\Drivers\STM32F1xx_HAL_Driver\Src\stm32f1xx_hal_adc_ex.c 0x00000000   Number         0  stm32f1xx_hal_adc_ex.o ABSOLUTE
    ..\Drivers\STM32F1xx_HAL_Driver\Src\stm32f1xx_hal_cortex.c 0x00000000   Number         0  stm32f1xx_hal_cortex.o ABSOLUTE
    ..\Drivers\STM32F1xx_HAL_Driver\Src\stm32f1xx_hal_dma.c 0x00000000   Number         0  stm32f1xx_hal_dma.o ABSOLUTE
    ..\Drivers\STM32F1xx_HAL_Driver\Src\stm32f1xx_hal_flash.c 0x00000000   Number         0  stm32f1xx_hal_flash.o ABSOLUTE
    ..\Drivers\STM32F1xx_HAL_Driver\Src\stm32f1xx_hal_flash_ex.c 0x00000000   Number         0  stm32f1xx_hal_flash_ex.o ABSOLUTE
    ..\Drivers\STM32F1xx_HAL_Driver\Src\stm32f1xx_hal_gpio.c 0x00000000   Number         0  stm32f1xx_hal_gpio.o ABSOLUTE
    ..\Drivers\STM32F1xx_HAL_Driver\Src\stm32f1xx_hal_gpio_ex.c 0x00000000   Number         0  stm32f1xx_hal_gpio_ex.o ABSOLUTE
    ..\Drivers\STM32F1xx_HAL_Driver\Src\stm32f1xx_hal_pwr.c 0x00000000   Number         0  stm32f1xx_hal_pwr.o ABSOLUTE
    ..\Drivers\STM32F1xx_HAL_Driver\Src\stm32f1xx_hal_rcc.c 0x00000000   Number         0  stm32f1xx_hal_rcc.o ABSOLUTE
    ..\Drivers\STM32F1xx_HAL_Driver\Src\stm32f1xx_hal_rcc_ex.c 0x00000000   Number         0  stm32f1xx_hal_rcc_ex.o ABSOLUTE
    ..\Drivers\STM32F1xx_HAL_Driver\Src\stm32f1xx_hal_spi.c 0x00000000   Number         0  stm32f1xx_hal_spi.o ABSOLUTE
    ..\Drivers\STM32F1xx_HAL_Driver\Src\stm32f1xx_hal_spi_ex.c 0x00000000   Number         0  stm32f1xx_hal_spi_ex.o ABSOLUTE
    ..\Drivers\STM32F1xx_HAL_Driver\Src\stm32f1xx_hal_tim.c 0x00000000   Number         0  stm32f1xx_hal_tim.o ABSOLUTE
    ..\Drivers\STM32F1xx_HAL_Driver\Src\stm32f1xx_hal_tim_ex.c 0x00000000   Number         0  stm32f1xx_hal_tim_ex.o ABSOLUTE
    ..\Middlewares\Third_Party\FatFs\src\diskio.c 0x00000000   Number         0  diskio.o ABSOLUTE
    ..\Middlewares\Third_Party\FatFs\src\ff.c 0x00000000   Number         0  ff.o ABSOLUTE
    ..\Middlewares\Third_Party\FatFs\src\ff_gen_drv.c 0x00000000   Number         0  ff_gen_drv.o ABSOLUTE
    ..\Middlewares\Third_Party\FatFs\src\option\ccsbcs.c 0x00000000   Number         0  ccsbcs.o ABSOLUTE
    ..\Middlewares\Third_Party\FatFs\src\option\syscall.c 0x00000000   Number         0  syscall.o ABSOLUTE
    ..\Src\fatfs.c                           0x00000000   Number         0  fatfs.o ABSOLUTE
    ..\Src\fatfs_sd.c                        0x00000000   Number         0  fatfs_sd.o ABSOLUTE
    ..\Src\main.c                            0x00000000   Number         0  main.o ABSOLUTE
    ..\Src\stm32f1xx_hal_msp.c               0x00000000   Number         0  stm32f1xx_hal_msp.o ABSOLUTE
    ..\Src\stm32f1xx_it.c                    0x00000000   Number         0  stm32f1xx_it.o ABSOLUTE
    ..\Src\system_stm32f1xx.c                0x00000000   Number         0  system_stm32f1xx.o ABSOLUTE
    ..\Src\user_diskio.c                     0x00000000   Number         0  user_diskio.o ABSOLUTE
    ..\\Src\\fatfs_sd.c                      0x00000000   Number         0  fatfs_sd.o ABSOLUTE
    ..\\dwt_stm32_delay.c                    0x00000000   Number         0  dwt_stm32_delay.o ABSOLUTE
    ..\dwt_stm32_delay.c                     0x00000000   Number         0  dwt_stm32_delay.o ABSOLUTE
    dc.s                                     0x00000000   Number         0  dc.o ABSOLUTE
    handlers.s                               0x00000000   Number         0  handlers.o ABSOLUTE
    init.s                                   0x00000000   Number         0  init.o ABSOLUTE
    startup_stm32f103xb.s                    0x00000000   Number         0  startup_stm32f103xb.o ABSOLUTE
    RESET                                    0x08000000   Section      236  startup_stm32f103xb.o(RESET)
    .ARM.Collect$$$$00000000                 0x080000ec   Section        0  entry.o(.ARM.Collect$$$$00000000)
    .ARM.Collect$$$$00000001                 0x080000ec   Section        4  entry2.o(.ARM.Collect$$$$00000001)
    .ARM.Collect$$$$00000004                 0x080000f0   Section        4  entry5.o(.ARM.Collect$$$$00000004)
    .ARM.Collect$$$$00000008                 0x080000f4   Section        0  entry7b.o(.ARM.Collect$$$$00000008)
    .ARM.Collect$$$$0000000A                 0x080000f4   Section        0  entry8b.o(.ARM.Collect$$$$0000000A)
    .ARM.Collect$$$$0000000B                 0x080000f4   Section        8  entry9a.o(.ARM.Collect$$$$0000000B)
    .ARM.Collect$$$$0000000D                 0x080000fc   Section        0  entry10a.o(.ARM.Collect$$$$0000000D)
    .ARM.Collect$$$$0000000F                 0x080000fc   Section        0  entry11a.o(.ARM.Collect$$$$0000000F)
    .ARM.Collect$$$$00002712                 0x080000fc   Section        4  entry2.o(.ARM.Collect$$$$00002712)
    __lit__00000000                          0x080000fc   Data           4  entry2.o(.ARM.Collect$$$$00002712)
    .text                                    0x08000100   Section       36  startup_stm32f103xb.o(.text)
    .text                                    0x08000124   Section        0  llushr.o(.text)
    .text                                    0x08000144   Section        0  memseta.o(.text)
    .text                                    0x08000168   Section        0  fscalb.o(.text)
    .text                                    0x08000180   Section        0  dadd.o(.text)
    .text                                    0x080002ce   Section        0  dmul.o(.text)
    .text                                    0x080003b2   Section        0  ddiv.o(.text)
    .text                                    0x08000490   Section        0  dscalb.o(.text)
    .text                                    0x080004be   Section        0  ffltui.o(.text)
    .text                                    0x080004c8   Section        0  dfltui.o(.text)
    .text                                    0x080004e2   Section        0  ffixi.o(.text)
    .text                                    0x08000514   Section        0  dfixui.o(.text)
    .text                                    0x08000546   Section        0  f2d.o(.text)
    .text                                    0x0800056c   Section        0  d2f.o(.text)
    .text                                    0x080005a4   Section        0  llshl.o(.text)
    .text                                    0x080005c2   Section        0  llsshr.o(.text)
    .text                                    0x080005e6   Section        0  fepilogue.o(.text)
    .text                                    0x080005e6   Section        0  iusefp.o(.text)
    .text                                    0x08000654   Section        0  depilogue.o(.text)
    .text                                    0x08000710   Section       36  init.o(.text)
    i.ADC1_2_IRQHandler                      0x08000734   Section        0  stm32f1xx_it.o(i.ADC1_2_IRQHandler)
    i.ADC_ConversionStop_Disable             0x08000740   Section        0  stm32f1xx_hal_adc.o(i.ADC_ConversionStop_Disable)
    i.ADC_DMAConvCplt                        0x0800078a   Section        0  stm32f1xx_hal_adc.o(i.ADC_DMAConvCplt)
    i.ADC_DMAError                           0x080007d8   Section        0  stm32f1xx_hal_adc.o(i.ADC_DMAError)
    i.ADC_DMAHalfConvCplt                    0x080007f2   Section        0  stm32f1xx_hal_adc.o(i.ADC_DMAHalfConvCplt)
    i.ADC_Enable                             0x080007fc   Section        0  stm32f1xx_hal_adc.o(i.ADC_Enable)
    i.BusFault_Handler                       0x0800086c   Section        0  stm32f1xx_it.o(i.BusFault_Handler)
    i.DESELECT                               0x08000870   Section        0  fatfs_sd.o(i.DESELECT)
    DESELECT                                 0x08000871   Thumb Code    10  fatfs_sd.o(i.DESELECT)
    i.DMA1_Channel1_IRQHandler               0x08000880   Section        0  stm32f1xx_it.o(i.DMA1_Channel1_IRQHandler)
    i.DMA_SetConfig                          0x0800088c   Section        0  stm32f1xx_hal_dma.o(i.DMA_SetConfig)
    DMA_SetConfig                            0x0800088d   Thumb Code    42  stm32f1xx_hal_dma.o(i.DMA_SetConfig)
    i.DebugMon_Handler                       0x080008b6   Section        0  stm32f1xx_it.o(i.DebugMon_Handler)
    i.Error_Handler                          0x080008b8   Section        0  main.o(i.Error_Handler)
    i.FATFS_LinkDriver                       0x080008ba   Section        0  ff_gen_drv.o(i.FATFS_LinkDriver)
    i.FATFS_LinkDriverEx                     0x080008c0   Section        0  ff_gen_drv.o(i.FATFS_LinkDriverEx)
    i.HAL_ADCEx_Calibration_Start            0x08000900   Section        0  stm32f1xx_hal_adc_ex.o(i.HAL_ADCEx_Calibration_Start)
    i.HAL_ADCEx_InjectedConvCpltCallback     0x080009c8   Section        0  stm32f1xx_hal_adc_ex.o(i.HAL_ADCEx_InjectedConvCpltCallback)
    i.HAL_ADC_ConfigChannel                  0x080009cc   Section        0  stm32f1xx_hal_adc.o(i.HAL_ADC_ConfigChannel)
    i.HAL_ADC_ConvCpltCallback               0x08000ac8   Section        0  main.o(i.HAL_ADC_ConvCpltCallback)
    i.HAL_ADC_ConvHalfCpltCallback           0x08000aca   Section        0  stm32f1xx_hal_adc.o(i.HAL_ADC_ConvHalfCpltCallback)
    i.HAL_ADC_ErrorCallback                  0x08000acc   Section        0  stm32f1xx_hal_adc.o(i.HAL_ADC_ErrorCallback)
    i.HAL_ADC_IRQHandler                     0x08000ace   Section        0  stm32f1xx_hal_adc.o(i.HAL_ADC_IRQHandler)
    i.HAL_ADC_Init                           0x08000bb4   Section        0  stm32f1xx_hal_adc.o(i.HAL_ADC_Init)
    i.HAL_ADC_LevelOutOfWindowCallback       0x08000cd0   Section        0  stm32f1xx_hal_adc.o(i.HAL_ADC_LevelOutOfWindowCallback)
    i.HAL_ADC_MspInit                        0x08000cd4   Section        0  stm32f1xx_hal_msp.o(i.HAL_ADC_MspInit)
    i.HAL_ADC_Start_DMA                      0x08000d74   Section        0  stm32f1xx_hal_adc.o(i.HAL_ADC_Start_DMA)
    i.HAL_ADC_Start_IT                       0x08000e80   Section        0  stm32f1xx_hal_adc.o(i.HAL_ADC_Start_IT)
    i.HAL_DMA_IRQHandler                     0x08000f4c   Section        0  stm32f1xx_hal_dma.o(i.HAL_DMA_IRQHandler)
    i.HAL_DMA_Init                           0x080010a4   Section        0  stm32f1xx_hal_dma.o(i.HAL_DMA_Init)
    i.HAL_DMA_Start_IT                       0x08001100   Section        0  stm32f1xx_hal_dma.o(i.HAL_DMA_Start_IT)
    i.HAL_Delay                              0x08001170   Section        0  stm32f1xx_hal.o(i.HAL_Delay)
    i.HAL_GPIO_Init                          0x08001194   Section        0  stm32f1xx_hal_gpio.o(i.HAL_GPIO_Init)
    i.HAL_GPIO_TogglePin                     0x0800135c   Section        0  stm32f1xx_hal_gpio.o(i.HAL_GPIO_TogglePin)
    i.HAL_GPIO_WritePin                      0x08001364   Section        0  stm32f1xx_hal_gpio.o(i.HAL_GPIO_WritePin)
    i.HAL_GetTick                            0x08001370   Section        0  stm32f1xx_hal.o(i.HAL_GetTick)
    i.HAL_IncTick                            0x0800137c   Section        0  stm32f1xx_hal.o(i.HAL_IncTick)
    i.HAL_Init                               0x0800138c   Section        0  stm32f1xx_hal.o(i.HAL_Init)
    i.HAL_InitTick                           0x080013b0   Section        0  stm32f1xx_hal.o(i.HAL_InitTick)
    i.HAL_MspInit                            0x080013f0   Section        0  stm32f1xx_hal_msp.o(i.HAL_MspInit)
    i.HAL_NVIC_EnableIRQ                     0x0800142c   Section        0  stm32f1xx_hal_cortex.o(i.HAL_NVIC_EnableIRQ)
    i.HAL_NVIC_SetPriority                   0x08001444   Section        0  stm32f1xx_hal_cortex.o(i.HAL_NVIC_SetPriority)
    i.HAL_NVIC_SetPriorityGrouping           0x08001484   Section        0  stm32f1xx_hal_cortex.o(i.HAL_NVIC_SetPriorityGrouping)
    i.HAL_RCCEx_GetPeriphCLKFreq             0x080014a8   Section        0  stm32f1xx_hal_rcc_ex.o(i.HAL_RCCEx_GetPeriphCLKFreq)
    i.HAL_RCCEx_PeriphCLKConfig              0x0800156c   Section        0  stm32f1xx_hal_rcc_ex.o(i.HAL_RCCEx_PeriphCLKConfig)
    i.HAL_RCC_ClockConfig                    0x08001654   Section        0  stm32f1xx_hal_rcc.o(i.HAL_RCC_ClockConfig)
    i.HAL_RCC_GetPCLK2Freq                   0x080017bc   Section        0  stm32f1xx_hal_rcc.o(i.HAL_RCC_GetPCLK2Freq)
    i.HAL_RCC_GetSysClockFreq                0x080017dc   Section        0  stm32f1xx_hal_rcc.o(i.HAL_RCC_GetSysClockFreq)
    i.HAL_RCC_OscConfig                      0x08001848   Section        0  stm32f1xx_hal_rcc.o(i.HAL_RCC_OscConfig)
    i.HAL_SPI_GetState                       0x08001b40   Section        0  stm32f1xx_hal_spi.o(i.HAL_SPI_GetState)
    i.HAL_SPI_Init                           0x08001b46   Section        0  stm32f1xx_hal_spi_ex.o(i.HAL_SPI_Init)
    i.HAL_SPI_MspInit                        0x08001bc8   Section        0  stm32f1xx_hal_msp.o(i.HAL_SPI_MspInit)
    i.HAL_SPI_Transmit                       0x08001c38   Section        0  stm32f1xx_hal_spi.o(i.HAL_SPI_Transmit)
    i.HAL_SPI_TransmitReceive                0x08001d9c   Section        0  stm32f1xx_hal_spi.o(i.HAL_SPI_TransmitReceive)
    i.HAL_SYSTICK_Config                     0x08001f66   Section        0  stm32f1xx_hal_cortex.o(i.HAL_SYSTICK_Config)
    i.HAL_TIMEx_BreakCallback                0x08001f8e   Section        0  stm32f1xx_hal_tim_ex.o(i.HAL_TIMEx_BreakCallback)
    i.HAL_TIMEx_CommutationCallback          0x08001f90   Section        0  stm32f1xx_hal_tim_ex.o(i.HAL_TIMEx_CommutationCallback)
    i.HAL_TIMEx_ConfigBreakDeadTime          0x08001f92   Section        0  stm32f1xx_hal_tim_ex.o(i.HAL_TIMEx_ConfigBreakDeadTime)
    i.HAL_TIMEx_MasterConfigSynchronization  0x08001fec   Section        0  stm32f1xx_hal_tim_ex.o(i.HAL_TIMEx_MasterConfigSynchronization)
    i.HAL_TIM_Base_Init                      0x0800203c   Section        0  stm32f1xx_hal_tim.o(i.HAL_TIM_Base_Init)
    i.HAL_TIM_Base_MspInit                   0x08002074   Section        0  stm32f1xx_hal_msp.o(i.HAL_TIM_Base_MspInit)
    i.HAL_TIM_Base_Start_IT                  0x080020c8   Section        0  stm32f1xx_hal_tim.o(i.HAL_TIM_Base_Start_IT)
    i.HAL_TIM_Base_Stop_IT                   0x080020e0   Section        0  stm32f1xx_hal_tim.o(i.HAL_TIM_Base_Stop_IT)
    i.HAL_TIM_ConfigClockSource              0x0800210a   Section        0  stm32f1xx_hal_tim.o(i.HAL_TIM_ConfigClockSource)
    i.HAL_TIM_IC_CaptureCallback             0x080021fa   Section        0  stm32f1xx_hal_tim.o(i.HAL_TIM_IC_CaptureCallback)
    i.HAL_TIM_IRQHandler                     0x080021fc   Section        0  stm32f1xx_hal_tim.o(i.HAL_TIM_IRQHandler)
    i.HAL_TIM_MspPostInit                    0x08002364   Section        0  stm32f1xx_hal_msp.o(i.HAL_TIM_MspPostInit)
    i.HAL_TIM_OC_DelayElapsedCallback        0x080023b0   Section        0  stm32f1xx_hal_tim.o(i.HAL_TIM_OC_DelayElapsedCallback)
    i.HAL_TIM_PWM_ConfigChannel              0x080023b2   Section        0  stm32f1xx_hal_tim.o(i.HAL_TIM_PWM_ConfigChannel)
    i.HAL_TIM_PWM_Init                       0x08002482   Section        0  stm32f1xx_hal_tim.o(i.HAL_TIM_PWM_Init)
    i.HAL_TIM_PWM_MspInit                    0x080024b8   Section        0  stm32f1xx_hal_tim.o(i.HAL_TIM_PWM_MspInit)
    i.HAL_TIM_PWM_PulseFinishedCallback      0x080024ba   Section        0  stm32f1xx_hal_tim.o(i.HAL_TIM_PWM_PulseFinishedCallback)
    i.HAL_TIM_PWM_Start                      0x080024bc   Section        0  stm32f1xx_hal_tim.o(i.HAL_TIM_PWM_Start)
    i.HAL_TIM_PeriodElapsedCallback          0x080024ec   Section        0  main.o(i.HAL_TIM_PeriodElapsedCallback)
    i.HAL_TIM_TriggerCallback                0x08002508   Section        0  stm32f1xx_hal_tim.o(i.HAL_TIM_TriggerCallback)
    i.HardFault_Handler                      0x0800250a   Section        0  stm32f1xx_it.o(i.HardFault_Handler)
    i.MX_ADC1_Init                           0x0800250c   Section        0  main.o(i.MX_ADC1_Init)
    MX_ADC1_Init                             0x0800250d   Thumb Code   106  main.o(i.MX_ADC1_Init)
    i.MX_FATFS_Init                          0x08002580   Section        0  fatfs.o(i.MX_FATFS_Init)
    i.MX_GPIO_Init                           0x0800259c   Section        0  main.o(i.MX_GPIO_Init)
    MX_GPIO_Init                             0x0800259d   Thumb Code   144  main.o(i.MX_GPIO_Init)
    i.MX_SPI1_Init                           0x08002638   Section        0  main.o(i.MX_SPI1_Init)
    MX_SPI1_Init                             0x08002639   Thumb Code    56  main.o(i.MX_SPI1_Init)
    i.MX_TIM1_Init                           0x08002678   Section        0  main.o(i.MX_TIM1_Init)
    MX_TIM1_Init                             0x08002679   Thumb Code   208  main.o(i.MX_TIM1_Init)
    i.MX_TIM3_Init                           0x08002750   Section        0  main.o(i.MX_TIM3_Init)
    MX_TIM3_Init                             0x08002751   Thumb Code    88  main.o(i.MX_TIM3_Init)
    i.MemManage_Handler                      0x080027b0   Section        0  stm32f1xx_it.o(i.MemManage_Handler)
    i.NMI_Handler                            0x080027b2   Section        0  stm32f1xx_it.o(i.NMI_Handler)
    i.NVIC_SetPriority                       0x080027b4   Section        0  stm32f1xx_hal_cortex.o(i.NVIC_SetPriority)
    NVIC_SetPriority                         0x080027b5   Thumb Code    32  stm32f1xx_hal_cortex.o(i.NVIC_SetPriority)
    i.PendSV_Handler                         0x080027d4   Section        0  stm32f1xx_it.o(i.PendSV_Handler)
    i.SDTimer_Handler                        0x080027d8   Section        0  stm32f1xx_it.o(i.SDTimer_Handler)
    i.SD_PowerOn                             0x080027f8   Section        0  fatfs_sd.o(i.SD_PowerOn)
    SD_PowerOn                               0x080027f9   Thumb Code   108  fatfs_sd.o(i.SD_PowerOn)
    i.SD_ReadyWait                           0x08002868   Section        0  fatfs_sd.o(i.SD_ReadyWait)
    SD_ReadyWait                             0x08002869   Thumb Code    28  fatfs_sd.o(i.SD_ReadyWait)
    i.SD_RxDataBlock                         0x08002888   Section        0  fatfs_sd.o(i.SD_RxDataBlock)
    SD_RxDataBlock                           0x08002889   Thumb Code    68  fatfs_sd.o(i.SD_RxDataBlock)
    i.SD_SendCmd                             0x080028d0   Section        0  fatfs_sd.o(i.SD_SendCmd)
    SD_SendCmd                               0x080028d1   Thumb Code   102  fatfs_sd.o(i.SD_SendCmd)
    i.SD_TxDataBlock                         0x08002936   Section        0  fatfs_sd.o(i.SD_TxDataBlock)
    SD_TxDataBlock                           0x08002937   Thumb Code   110  fatfs_sd.o(i.SD_TxDataBlock)
    i.SD_disk_initialize                     0x080029a4   Section        0  fatfs_sd.o(i.SD_disk_initialize)
    i.SD_disk_ioctl                          0x08002adc   Section        0  fatfs_sd.o(i.SD_disk_ioctl)
    i.SD_disk_read                           0x08002c20   Section        0  fatfs_sd.o(i.SD_disk_read)
    i.SD_disk_status                         0x08002ca8   Section        0  fatfs_sd.o(i.SD_disk_status)
    i.SD_disk_write                          0x08002cb8   Section        0  fatfs_sd.o(i.SD_disk_write)
    i.SELECT                                 0x08002d60   Section        0  fatfs_sd.o(i.SELECT)
    SELECT                                   0x08002d61   Thumb Code    10  fatfs_sd.o(i.SELECT)
    i.SPI_CheckFlag_BSY                      0x08002d70   Section        0  stm32f1xx_hal_spi.o(i.SPI_CheckFlag_BSY)
    SPI_CheckFlag_BSY                        0x08002d71   Thumb Code    32  stm32f1xx_hal_spi.o(i.SPI_CheckFlag_BSY)
    i.SPI_RxByte                             0x08002d90   Section        0  fatfs_sd.o(i.SPI_RxByte)
    SPI_RxByte                               0x08002d91   Thumb Code    48  fatfs_sd.o(i.SPI_RxByte)
    i.SPI_TxByte                             0x08002dc4   Section        0  fatfs_sd.o(i.SPI_TxByte)
    SPI_TxByte                               0x08002dc5   Thumb Code    28  fatfs_sd.o(i.SPI_TxByte)
    i.SPI_WaitFlagStateUntilTimeout          0x08002de4   Section        0  stm32f1xx_hal_spi.o(i.SPI_WaitFlagStateUntilTimeout)
    SPI_WaitFlagStateUntilTimeout            0x08002de5   Thumb Code   150  stm32f1xx_hal_spi.o(i.SPI_WaitFlagStateUntilTimeout)
    i.SVC_Handler                            0x08002e7a   Section        0  stm32f1xx_it.o(i.SVC_Handler)
    i.SysTick_Handler                        0x08002e7c   Section        0  stm32f1xx_it.o(i.SysTick_Handler)
    i.SystemClock_Config                     0x08002ea0   Section        0  main.o(i.SystemClock_Config)
    i.SystemInit                             0x08002f14   Section        0  system_stm32f1xx.o(i.SystemInit)
    i.TIM3_IRQHandler                        0x08002f5c   Section        0  stm32f1xx_it.o(i.TIM3_IRQHandler)
    i.TIM_Base_SetConfig                     0x08002f68   Section        0  stm32f1xx_hal_tim.o(i.TIM_Base_SetConfig)
    i.TIM_CCxChannelCmd                      0x08002fd4   Section        0  stm32f1xx_hal_tim.o(i.TIM_CCxChannelCmd)
    i.TIM_ETR_SetConfig                      0x08002fea   Section        0  stm32f1xx_hal_tim.o(i.TIM_ETR_SetConfig)
    TIM_ETR_SetConfig                        0x08002feb   Thumb Code    20  stm32f1xx_hal_tim.o(i.TIM_ETR_SetConfig)
    i.TIM_ITRx_SetConfig                     0x08002ffe   Section        0  stm32f1xx_hal_tim.o(i.TIM_ITRx_SetConfig)
    TIM_ITRx_SetConfig                       0x08002fff   Thumb Code    16  stm32f1xx_hal_tim.o(i.TIM_ITRx_SetConfig)
    i.TIM_OC1_SetConfig                      0x08003010   Section        0  stm32f1xx_hal_tim.o(i.TIM_OC1_SetConfig)
    TIM_OC1_SetConfig                        0x08003011   Thumb Code    82  stm32f1xx_hal_tim.o(i.TIM_OC1_SetConfig)
    i.TIM_OC2_SetConfig                      0x08003068   Section        0  stm32f1xx_hal_tim.o(i.TIM_OC2_SetConfig)
    i.TIM_OC3_SetConfig                      0x080030c4   Section        0  stm32f1xx_hal_tim.o(i.TIM_OC3_SetConfig)
    TIM_OC3_SetConfig                        0x080030c5   Thumb Code    84  stm32f1xx_hal_tim.o(i.TIM_OC3_SetConfig)
    i.TIM_OC4_SetConfig                      0x0800311c   Section        0  stm32f1xx_hal_tim.o(i.TIM_OC4_SetConfig)
    TIM_OC4_SetConfig                        0x0800311d   Thumb Code    64  stm32f1xx_hal_tim.o(i.TIM_OC4_SetConfig)
    i.TIM_TI1_ConfigInputStage               0x08003160   Section        0  stm32f1xx_hal_tim.o(i.TIM_TI1_ConfigInputStage)
    TIM_TI1_ConfigInputStage                 0x08003161   Thumb Code    34  stm32f1xx_hal_tim.o(i.TIM_TI1_ConfigInputStage)
    i.TIM_TI2_ConfigInputStage               0x08003182   Section        0  stm32f1xx_hal_tim.o(i.TIM_TI2_ConfigInputStage)
    TIM_TI2_ConfigInputStage                 0x08003183   Thumb Code    36  stm32f1xx_hal_tim.o(i.TIM_TI2_ConfigInputStage)
    i.USER_initialize                        0x080031a6   Section        0  user_diskio.o(i.USER_initialize)
    i.USER_ioctl                             0x080031aa   Section        0  user_diskio.o(i.USER_ioctl)
    i.USER_read                              0x080031ae   Section        0  user_diskio.o(i.USER_read)
    i.USER_status                            0x080031b2   Section        0  user_diskio.o(i.USER_status)
    i.USER_write                             0x080031b6   Section        0  user_diskio.o(i.USER_write)
    i.UsageFault_Handler                     0x080031ba   Section        0  stm32f1xx_it.o(i.UsageFault_Handler)
    i.__scatterload_copy                     0x080031bc   Section       14  handlers.o(i.__scatterload_copy)
    i.__scatterload_null                     0x080031ca   Section        2  handlers.o(i.__scatterload_null)
    i.__scatterload_zeroinit                 0x080031cc   Section       14  handlers.o(i.__scatterload_zeroinit)
    i.check_fs                               0x080031dc   Section        0  ff.o(i.check_fs)
    check_fs                                 0x080031dd   Thumb Code    90  ff.o(i.check_fs)
    i.chk_chr                                0x0800323c   Section        0  ff.o(i.chk_chr)
    chk_chr                                  0x0800323d   Thumb Code    16  ff.o(i.chk_chr)
    i.chk_lock                               0x0800324c   Section        0  ff.o(i.chk_lock)
    chk_lock                                 0x0800324d   Thumb Code   100  ff.o(i.chk_lock)
    i.clear_lock                             0x080032b4   Section        0  ff.o(i.clear_lock)
    clear_lock                               0x080032b5   Thumb Code    32  ff.o(i.clear_lock)
    i.clmt_clust                             0x080032d8   Section        0  ff.o(i.clmt_clust)
    clmt_clust                               0x080032d9   Thumb Code    46  ff.o(i.clmt_clust)
    i.clust2sect                             0x08003306   Section        0  ff.o(i.clust2sect)
    i.create_chain                           0x08003322   Section        0  ff.o(i.create_chain)
    create_chain                             0x08003323   Thumb Code   164  ff.o(i.create_chain)
    i.create_name                            0x080033c8   Section        0  ff.o(i.create_name)
    create_name                              0x080033c9   Thumb Code   456  ff.o(i.create_name)
    i.dec_lock                               0x080035a8   Section        0  ff.o(i.dec_lock)
    dec_lock                                 0x080035a9   Thumb Code    54  ff.o(i.dec_lock)
    i.dir_find                               0x080035e4   Section        0  ff.o(i.dir_find)
    dir_find                                 0x080035e5   Thumb Code   300  ff.o(i.dir_find)
    i.dir_next                               0x08003714   Section        0  ff.o(i.dir_next)
    dir_next                                 0x08003715   Thumb Code   284  ff.o(i.dir_next)
    i.dir_register                           0x08003830   Section        0  ff.o(i.dir_register)
    dir_register                             0x08003831   Thumb Code   432  ff.o(i.dir_register)
    i.dir_sdi                                0x080039e4   Section        0  ff.o(i.dir_sdi)
    dir_sdi                                  0x080039e5   Thumb Code   154  ff.o(i.dir_sdi)
    i.disk_initialize                        0x08003a80   Section        0  diskio.o(i.disk_initialize)
    i.disk_ioctl                             0x08003aa8   Section        0  diskio.o(i.disk_ioctl)
    i.disk_read                              0x08003ac4   Section        0  diskio.o(i.disk_read)
    i.disk_status                            0x08003ae0   Section        0  diskio.o(i.disk_status)
    i.disk_write                             0x08003af8   Section        0  diskio.o(i.disk_write)
    i.f_close                                0x08003b14   Section        0  ff.o(i.f_close)
    i.f_getfree                              0x08003b3e   Section        0  ff.o(i.f_getfree)
    i.f_gets                                 0x08003c00   Section        0  ff.o(i.f_gets)
    i.f_lseek                                0x08003c48   Section        0  ff.o(i.f_lseek)
    i.f_mount                                0x08003e90   Section        0  ff.o(i.f_mount)
    i.f_open                                 0x08003ef0   Section        0  ff.o(i.f_open)
    i.f_printf                               0x080040d4   Section        0  ff.o(i.f_printf)
    i.f_puts                                 0x080042b8   Section        0  ff.o(i.f_puts)
    i.f_read                                 0x080042fe   Section        0  ff.o(i.f_read)
    i.f_sync                                 0x08004476   Section        0  ff.o(i.f_sync)
    i.f_write                                0x08004518   Section        0  ff.o(i.f_write)
    i.ff_convert                             0x080046cc   Section        0  ccsbcs.o(i.ff_convert)
    i.ff_wtoupper                            0x08004704   Section        0  ccsbcs.o(i.ff_wtoupper)
    i.find_volume                            0x08004728   Section        0  ff.o(i.find_volume)
    find_volume                              0x08004729   Thumb Code   604  ff.o(i.find_volume)
    i.follow_path                            0x08004990   Section        0  ff.o(i.follow_path)
    follow_path                              0x08004991   Thumb Code   106  ff.o(i.follow_path)
    i.gen_numname                            0x080049fc   Section        0  ff.o(i.gen_numname)
    gen_numname                              0x080049fd   Thumb Code   120  ff.o(i.gen_numname)
    i.get_fat                                0x08004a78   Section        0  ff.o(i.get_fat)
    i.get_fattime                            0x08004b5e   Section        0  fatfs.o(i.get_fattime)
    i.get_ldnumber                           0x08004b62   Section        0  ff.o(i.get_ldnumber)
    get_ldnumber                             0x08004b63   Thumb Code    60  ff.o(i.get_ldnumber)
    i.inc_lock                               0x08004ba0   Section        0  ff.o(i.inc_lock)
    inc_lock                                 0x08004ba1   Thumb Code   144  ff.o(i.inc_lock)
    i.ld_clust                               0x08004c34   Section        0  ff.o(i.ld_clust)
    ld_clust                                 0x08004c35   Thumb Code    22  ff.o(i.ld_clust)
    i.main                                   0x08004c4c   Section        0  main.o(i.main)
    i.mem_cpy                                0x08004edc   Section        0  ff.o(i.mem_cpy)
    mem_cpy                                  0x08004edd   Thumb Code    16  ff.o(i.mem_cpy)
    i.mem_set                                0x08004eec   Section        0  ff.o(i.mem_set)
    mem_set                                  0x08004eed   Thumb Code    14  ff.o(i.mem_set)
    i.move_window                            0x08004efa   Section        0  ff.o(i.move_window)
    move_window                              0x08004efb   Thumb Code    56  ff.o(i.move_window)
    i.put_fat                                0x08004f32   Section        0  ff.o(i.put_fat)
    i.putc_bfd                               0x08005050   Section        0  ff.o(i.putc_bfd)
    putc_bfd                                 0x08005051   Thumb Code    70  ff.o(i.putc_bfd)
    i.remove_chain                           0x08005096   Section        0  ff.o(i.remove_chain)
    remove_chain                             0x08005097   Thumb Code   102  ff.o(i.remove_chain)
    i.sdcard_write                           0x080050fc   Section        0  main.o(i.sdcard_write)
    i.st_clust                               0x080051d8   Section        0  ff.o(i.st_clust)
    st_clust                                 0x080051d9   Thumb Code    16  ff.o(i.st_clust)
    i.sum_sfn                                0x080051e8   Section        0  ff.o(i.sum_sfn)
    sum_sfn                                  0x080051e9   Thumb Code    26  ff.o(i.sum_sfn)
    i.sync_fs                                0x08005202   Section        0  ff.o(i.sync_fs)
    sync_fs                                  0x08005203   Thumb Code   168  ff.o(i.sync_fs)
    i.sync_window                            0x080052aa   Section        0  ff.o(i.sync_window)
    sync_window                              0x080052ab   Thumb Code    82  ff.o(i.sync_window)
    i.validate                               0x080052fc   Section        0  ff.o(i.validate)
    validate                                 0x080052fd   Thumb Code    42  ff.o(i.validate)
    .constdata                               0x08005326   Section      186  ff.o(.constdata)
    ExCvt                                    0x08005326   Data         128  ff.o(.constdata)
    LfnOfs                                   0x080053a6   Data          13  ff.o(.constdata)
    vst                                      0x080053b4   Data          22  ff.o(.constdata)
    cst                                      0x080053ca   Data          22  ff.o(.constdata)
    .constdata                               0x080053e0   Section     1216  ccsbcs.o(.constdata)
    Tbl                                      0x080053e0   Data         256  ccsbcs.o(.constdata)
    tbl_lower                                0x080054e0   Data         480  ccsbcs.o(.constdata)
    tbl_upper                                0x080056c0   Data         480  ccsbcs.o(.constdata)
    .constdata                               0x080058a0   Section       16  system_stm32f1xx.o(.constdata)
    .constdata                               0x080058b0   Section        8  system_stm32f1xx.o(.constdata)
    .data                                    0x20000000   Section       12  stm32f1xx_hal.o(.data)
    .data                                    0x2000000c   Section        3  fatfs_sd.o(.data)
    Stat                                     0x2000000c   Data           1  fatfs_sd.o(.data)
    PowerFlag                                0x2000000d   Data           1  fatfs_sd.o(.data)
    CardType                                 0x2000000e   Data           1  fatfs_sd.o(.data)
    .data                                    0x20000010   Section       32  main.o(.data)
    .data                                    0x20000030   Section       20  user_diskio.o(.data)
    .data                                    0x20000044   Section        5  fatfs.o(.data)
    .data                                    0x20000049   Section        3  stm32f1xx_it.o(.data)
    .data                                    0x2000004c   Section        8  ff.o(.data)
    Fsid                                     0x2000004c   Data           2  ff.o(.data)
    FatFs                                    0x20000050   Data           4  ff.o(.data)
    .data                                    0x20000054   Section        4  system_stm32f1xx.o(.data)
    .bss                                     0x20000058   Section     8660  main.o(.bss)
    .bss                                     0x2000222c   Section       68  main.o(.bss)
    .bss                                     0x20002270   Section      536  ff.o(.bss)
    Files                                    0x20002270   Data          24  ff.o(.bss)
    LfnBuf                                   0x20002288   Data         512  ff.o(.bss)
    .bss                                     0x20002488   Section       12  ff_gen_drv.o(.bss)
    STACK                                    0x20002498   Section     1024  startup_stm32f103xb.o(STACK)

    Global Symbols

    Symbol Name                              Value     Ov Type        Size  Object(Section)

    BuildAttributes$$THM_ISAv4$P$D$K$B$S$PE$A:L22UL41UL21$X:L11$S22US41US21$IEEE1$IW$USESV6$~STKCKD$USESV7$~SHL$OTIME$ROPI$EBA8$MICROLIB$REQ8$PRES8$EABIv2 0x00000000   Number         0  anon$$obj.o ABSOLUTE
    __ARM_use_no_argv                        0x00000000   Number         0  main.o ABSOLUTE
    __cpp_initialize__aeabi_                  - Undefined Weak Reference
    __cxa_finalize                            - Undefined Weak Reference
    __decompress                              - Undefined Weak Reference
    _clock_init                               - Undefined Weak Reference
    _microlib_exit                            - Undefined Weak Reference
    __Vectors_Size                           0x000000ec   Number         0  startup_stm32f103xb.o ABSOLUTE
    __Vectors                                0x08000000   Data           4  startup_stm32f103xb.o(RESET)
    __Vectors_End                            0x080000ec   Data           0  startup_stm32f103xb.o(RESET)
    __main                                   0x080000ed   Thumb Code     0  entry.o(.ARM.Collect$$$$00000000)
    _main_stk                                0x080000ed   Thumb Code     0  entry2.o(.ARM.Collect$$$$00000001)
    _main_scatterload                        0x080000f1   Thumb Code     0  entry5.o(.ARM.Collect$$$$00000004)
    __main_after_scatterload                 0x080000f5   Thumb Code     0  entry5.o(.ARM.Collect$$$$00000004)
    _main_clock                              0x080000f5   Thumb Code     0  entry7b.o(.ARM.Collect$$$$00000008)
    _main_cpp_init                           0x080000f5   Thumb Code     0  entry8b.o(.ARM.Collect$$$$0000000A)
    _main_init                               0x080000f5   Thumb Code     0  entry9a.o(.ARM.Collect$$$$0000000B)
    __rt_final_cpp                           0x080000fd   Thumb Code     0  entry10a.o(.ARM.Collect$$$$0000000D)
    __rt_final_exit                          0x080000fd   Thumb Code     0  entry11a.o(.ARM.Collect$$$$0000000F)
    Reset_Handler                            0x08000101   Thumb Code     8  startup_stm32f103xb.o(.text)
    CAN1_RX1_IRQHandler                      0x0800011b   Thumb Code     0  startup_stm32f103xb.o(.text)
    CAN1_SCE_IRQHandler                      0x0800011b   Thumb Code     0  startup_stm32f103xb.o(.text)
    DMA1_Channel2_IRQHandler                 0x0800011b   Thumb Code     0  startup_stm32f103xb.o(.text)
    DMA1_Channel3_IRQHandler                 0x0800011b   Thumb Code     0  startup_stm32f103xb.o(.text)
    DMA1_Channel4_IRQHandler                 0x0800011b   Thumb Code     0  startup_stm32f103xb.o(.text)
    DMA1_Channel5_IRQHandler                 0x0800011b   Thumb Code     0  startup_stm32f103xb.o(.text)
    DMA1_Channel6_IRQHandler                 0x0800011b   Thumb Code     0  startup_stm32f103xb.o(.text)
    DMA1_Channel7_IRQHandler                 0x0800011b   Thumb Code     0  startup_stm32f103xb.o(.text)
    EXTI0_IRQHandler                         0x0800011b   Thumb Code     0  startup_stm32f103xb.o(.text)
    EXTI15_10_IRQHandler                     0x0800011b   Thumb Code     0  startup_stm32f103xb.o(.text)
    EXTI1_IRQHandler                         0x0800011b   Thumb Code     0  startup_stm32f103xb.o(.text)
    EXTI2_IRQHandler                         0x0800011b   Thumb Code     0  startup_stm32f103xb.o(.text)
    EXTI3_IRQHandler                         0x0800011b   Thumb Code     0  startup_stm32f103xb.o(.text)
    EXTI4_IRQHandler                         0x0800011b   Thumb Code     0  startup_stm32f103xb.o(.text)
    EXTI9_5_IRQHandler                       0x0800011b   Thumb Code     0  startup_stm32f103xb.o(.text)
    FLASH_IRQHandler                         0x0800011b   Thumb Code     0  startup_stm32f103xb.o(.text)
    I2C1_ER_IRQHandler                       0x0800011b   Thumb Code     0  startup_stm32f103xb.o(.text)
    I2C1_EV_IRQHandler                       0x0800011b   Thumb Code     0  startup_stm32f103xb.o(.text)
    I2C2_ER_IRQHandler                       0x0800011b   Thumb Code     0  startup_stm32f103xb.o(.text)
    I2C2_EV_IRQHandler                       0x0800011b   Thumb Code     0  startup_stm32f103xb.o(.text)
    PVD_IRQHandler                           0x0800011b   Thumb Code     0  startup_stm32f103xb.o(.text)
    RCC_IRQHandler                           0x0800011b   Thumb Code     0  startup_stm32f103xb.o(.text)
    RTC_Alarm_IRQHandler                     0x0800011b   Thumb Code     0  startup_stm32f103xb.o(.text)
    RTC_IRQHandler                           0x0800011b   Thumb Code     0  startup_stm32f103xb.o(.text)
    SPI1_IRQHandler                          0x0800011b   Thumb Code     0  startup_stm32f103xb.o(.text)
    SPI2_IRQHandler                          0x0800011b   Thumb Code     0  startup_stm32f103xb.o(.text)
    TAMPER_IRQHandler                        0x0800011b   Thumb Code     0  startup_stm32f103xb.o(.text)
    TIM1_BRK_IRQHandler                      0x0800011b   Thumb Code     0  startup_stm32f103xb.o(.text)
    TIM1_CC_IRQHandler                       0x0800011b   Thumb Code     0  startup_stm32f103xb.o(.text)
    TIM1_TRG_COM_IRQHandler                  0x0800011b   Thumb Code     0  startup_stm32f103xb.o(.text)
    TIM1_UP_IRQHandler                       0x0800011b   Thumb Code     0  startup_stm32f103xb.o(.text)
    TIM2_IRQHandler                          0x0800011b   Thumb Code     0  startup_stm32f103xb.o(.text)
    TIM4_IRQHandler                          0x0800011b   Thumb Code     0  startup_stm32f103xb.o(.text)
    USART1_IRQHandler                        0x0800011b   Thumb Code     0  startup_stm32f103xb.o(.text)
    USART2_IRQHandler                        0x0800011b   Thumb Code     0  startup_stm32f103xb.o(.text)
    USART3_IRQHandler                        0x0800011b   Thumb Code     0  startup_stm32f103xb.o(.text)
    USBWakeUp_IRQHandler                     0x0800011b   Thumb Code     0  startup_stm32f103xb.o(.text)
    USB_HP_CAN1_TX_IRQHandler                0x0800011b   Thumb Code     0  startup_stm32f103xb.o(.text)
    USB_LP_CAN1_RX0_IRQHandler               0x0800011b   Thumb Code     0  startup_stm32f103xb.o(.text)
    WWDG_IRQHandler                          0x0800011b   Thumb Code     0  startup_stm32f103xb.o(.text)
    __aeabi_llsr                             0x08000125   Thumb Code    32  llushr.o(.text)
    _ll_ushift_r                             0x08000125   Thumb Code     0  llushr.o(.text)
    __aeabi_memset                           0x08000145   Thumb Code    14  memseta.o(.text)
    __aeabi_memset4                          0x08000145   Thumb Code     0  memseta.o(.text)
    __aeabi_memset8                          0x08000145   Thumb Code     0  memseta.o(.text)
    __aeabi_memclr                           0x08000153   Thumb Code     4  memseta.o(.text)
    __aeabi_memclr4                          0x08000153   Thumb Code     0  memseta.o(.text)
    __aeabi_memclr8                          0x08000153   Thumb Code     0  memseta.o(.text)
    _memset$wrapper                          0x08000157   Thumb Code    18  memseta.o(.text)
    __ARM_scalbnf                            0x08000169   Thumb Code    24  fscalb.o(.text)
    scalbnf                                  0x08000169   Thumb Code     0  fscalb.o(.text)
    __aeabi_dadd                             0x08000181   Thumb Code   322  dadd.o(.text)
    __aeabi_dsub                             0x080002c3   Thumb Code     6  dadd.o(.text)
    __aeabi_drsub                            0x080002c9   Thumb Code     6  dadd.o(.text)
    __aeabi_dmul                             0x080002cf   Thumb Code   228  dmul.o(.text)
    __aeabi_ddiv                             0x080003b3   Thumb Code   222  ddiv.o(.text)
    __ARM_scalbn                             0x08000491   Thumb Code    46  dscalb.o(.text)
    scalbn                                   0x08000491   Thumb Code     0  dscalb.o(.text)
    __aeabi_ui2f                             0x080004bf   Thumb Code    10  ffltui.o(.text)
    __aeabi_ui2d                             0x080004c9   Thumb Code    26  dfltui.o(.text)
    __aeabi_f2iz                             0x080004e3   Thumb Code    50  ffixi.o(.text)
    __aeabi_d2uiz                            0x08000515   Thumb Code    50  dfixui.o(.text)
    __aeabi_f2d                              0x08000547   Thumb Code    38  f2d.o(.text)
    __aeabi_d2f                              0x0800056d   Thumb Code    56  d2f.o(.text)
    __aeabi_llsl                             0x080005a5   Thumb Code    30  llshl.o(.text)
    _ll_shift_l                              0x080005a5   Thumb Code     0  llshl.o(.text)
    __aeabi_lasr                             0x080005c3   Thumb Code    36  llsshr.o(.text)
    _ll_sshift_r                             0x080005c3   Thumb Code     0  llsshr.o(.text)
    __I$use$fp                               0x080005e7   Thumb Code     0  iusefp.o(.text)
    _float_round                             0x080005e7   Thumb Code    18  fepilogue.o(.text)
    _float_epilogue                          0x080005f9   Thumb Code    92  fepilogue.o(.text)
    _double_round                            0x08000655   Thumb Code    30  depilogue.o(.text)
    _double_epilogue                         0x08000673   Thumb Code   156  depilogue.o(.text)
    __scatterload                            0x08000711   Thumb Code    28  init.o(.text)
    __scatterload_rt2                        0x08000711   Thumb Code     0  init.o(.text)
    ADC1_2_IRQHandler                        0x08000735   Thumb Code     6  stm32f1xx_it.o(i.ADC1_2_IRQHandler)
    ADC_ConversionStop_Disable               0x08000741   Thumb Code    74  stm32f1xx_hal_adc.o(i.ADC_ConversionStop_Disable)
    ADC_DMAConvCplt                          0x0800078b   Thumb Code    78  stm32f1xx_hal_adc.o(i.ADC_DMAConvCplt)
    ADC_DMAError                             0x080007d9   Thumb Code    26  stm32f1xx_hal_adc.o(i.ADC_DMAError)
    ADC_DMAHalfConvCplt                      0x080007f3   Thumb Code    10  stm32f1xx_hal_adc.o(i.ADC_DMAHalfConvCplt)
    ADC_Enable                               0x080007fd   Thumb Code   102  stm32f1xx_hal_adc.o(i.ADC_Enable)
    BusFault_Handler                         0x0800086d   Thumb Code     2  stm32f1xx_it.o(i.BusFault_Handler)
    DMA1_Channel1_IRQHandler                 0x08000881   Thumb Code     6  stm32f1xx_it.o(i.DMA1_Channel1_IRQHandler)
    DebugMon_Handler                         0x080008b7   Thumb Code     2  stm32f1xx_it.o(i.DebugMon_Handler)
    Error_Handler                            0x080008b9   Thumb Code     2  main.o(i.Error_Handler)
    FATFS_LinkDriver                         0x080008bb   Thumb Code     6  ff_gen_drv.o(i.FATFS_LinkDriver)
    FATFS_LinkDriverEx                       0x080008c1   Thumb Code    60  ff_gen_drv.o(i.FATFS_LinkDriverEx)
    HAL_ADCEx_Calibration_Start              0x08000901   Thumb Code   194  stm32f1xx_hal_adc_ex.o(i.HAL_ADCEx_Calibration_Start)
    HAL_ADCEx_InjectedConvCpltCallback       0x080009c9   Thumb Code     2  stm32f1xx_hal_adc_ex.o(i.HAL_ADCEx_InjectedConvCpltCallback)
    HAL_ADC_ConfigChannel                    0x080009cd   Thumb Code   240  stm32f1xx_hal_adc.o(i.HAL_ADC_ConfigChannel)
    HAL_ADC_ConvCpltCallback                 0x08000ac9   Thumb Code     2  main.o(i.HAL_ADC_ConvCpltCallback)
    HAL_ADC_ConvHalfCpltCallback             0x08000acb   Thumb Code     2  stm32f1xx_hal_adc.o(i.HAL_ADC_ConvHalfCpltCallback)
    HAL_ADC_ErrorCallback                    0x08000acd   Thumb Code     2  stm32f1xx_hal_adc.o(i.HAL_ADC_ErrorCallback)
    HAL_ADC_IRQHandler                       0x08000acf   Thumb Code   230  stm32f1xx_hal_adc.o(i.HAL_ADC_IRQHandler)
    HAL_ADC_Init                             0x08000bb5   Thumb Code   270  stm32f1xx_hal_adc.o(i.HAL_ADC_Init)
    HAL_ADC_LevelOutOfWindowCallback         0x08000cd1   Thumb Code     2  stm32f1xx_hal_adc.o(i.HAL_ADC_LevelOutOfWindowCallback)
    HAL_ADC_MspInit                          0x08000cd5   Thumb Code   138  stm32f1xx_hal_msp.o(i.HAL_ADC_MspInit)
    HAL_ADC_Start_DMA                        0x08000d75   Thumb Code   246  stm32f1xx_hal_adc.o(i.HAL_ADC_Start_DMA)
    HAL_ADC_Start_IT                         0x08000e81   Thumb Code   194  stm32f1xx_hal_adc.o(i.HAL_ADC_Start_IT)
    HAL_DMA_IRQHandler                       0x08000f4d   Thumb Code   320  stm32f1xx_hal_dma.o(i.HAL_DMA_IRQHandler)
    HAL_DMA_Init                             0x080010a5   Thumb Code    84  stm32f1xx_hal_dma.o(i.HAL_DMA_Init)
    HAL_DMA_Start_IT                         0x08001101   Thumb Code   112  stm32f1xx_hal_dma.o(i.HAL_DMA_Start_IT)
    HAL_Delay                                0x08001171   Thumb Code    32  stm32f1xx_hal.o(i.HAL_Delay)
    HAL_GPIO_Init                            0x08001195   Thumb Code   422  stm32f1xx_hal_gpio.o(i.HAL_GPIO_Init)
    HAL_GPIO_TogglePin                       0x0800135d   Thumb Code     8  stm32f1xx_hal_gpio.o(i.HAL_GPIO_TogglePin)
    HAL_GPIO_WritePin                        0x08001365   Thumb Code    10  stm32f1xx_hal_gpio.o(i.HAL_GPIO_WritePin)
    HAL_GetTick                              0x08001371   Thumb Code     6  stm32f1xx_hal.o(i.HAL_GetTick)
    HAL_IncTick                              0x0800137d   Thumb Code    12  stm32f1xx_hal.o(i.HAL_IncTick)
    HAL_Init                                 0x0800138d   Thumb Code    32  stm32f1xx_hal.o(i.HAL_Init)
    HAL_InitTick                             0x080013b1   Thumb Code    54  stm32f1xx_hal.o(i.HAL_InitTick)
    HAL_MspInit                              0x080013f1   Thumb Code    52  stm32f1xx_hal_msp.o(i.HAL_MspInit)
    HAL_NVIC_EnableIRQ                       0x0800142d   Thumb Code    22  stm32f1xx_hal_cortex.o(i.HAL_NVIC_EnableIRQ)
    HAL_NVIC_SetPriority                     0x08001445   Thumb Code    60  stm32f1xx_hal_cortex.o(i.HAL_NVIC_SetPriority)
    HAL_NVIC_SetPriorityGrouping             0x08001485   Thumb Code    26  stm32f1xx_hal_cortex.o(i.HAL_NVIC_SetPriorityGrouping)
    HAL_RCCEx_GetPeriphCLKFreq               0x080014a9   Thumb Code   164  stm32f1xx_hal_rcc_ex.o(i.HAL_RCCEx_GetPeriphCLKFreq)
    HAL_RCCEx_PeriphCLKConfig                0x0800156d   Thumb Code   220  stm32f1xx_hal_rcc_ex.o(i.HAL_RCCEx_PeriphCLKConfig)
    HAL_RCC_ClockConfig                      0x08001655   Thumb Code   342  stm32f1xx_hal_rcc.o(i.HAL_RCC_ClockConfig)
    HAL_RCC_GetPCLK2Freq                     0x080017bd   Thumb Code    20  stm32f1xx_hal_rcc.o(i.HAL_RCC_GetPCLK2Freq)
    HAL_RCC_GetSysClockFreq                  0x080017dd   Thumb Code    74  stm32f1xx_hal_rcc.o(i.HAL_RCC_GetSysClockFreq)
    HAL_RCC_OscConfig                        0x08001849   Thumb Code   740  stm32f1xx_hal_rcc.o(i.HAL_RCC_OscConfig)
    HAL_SPI_GetState                         0x08001b41   Thumb Code     6  stm32f1xx_hal_spi.o(i.HAL_SPI_GetState)
    HAL_SPI_Init                             0x08001b47   Thumb Code   130  stm32f1xx_hal_spi_ex.o(i.HAL_SPI_Init)
    HAL_SPI_MspInit                          0x08001bc9   Thumb Code    98  stm32f1xx_hal_msp.o(i.HAL_SPI_MspInit)
    HAL_SPI_Transmit                         0x08001c39   Thumb Code   356  stm32f1xx_hal_spi.o(i.HAL_SPI_Transmit)
    HAL_SPI_TransmitReceive                  0x08001d9d   Thumb Code   458  stm32f1xx_hal_spi.o(i.HAL_SPI_TransmitReceive)
    HAL_SYSTICK_Config                       0x08001f67   Thumb Code    40  stm32f1xx_hal_cortex.o(i.HAL_SYSTICK_Config)
    HAL_TIMEx_BreakCallback                  0x08001f8f   Thumb Code     2  stm32f1xx_hal_tim_ex.o(i.HAL_TIMEx_BreakCallback)
    HAL_TIMEx_CommutationCallback            0x08001f91   Thumb Code     2  stm32f1xx_hal_tim_ex.o(i.HAL_TIMEx_CommutationCallback)
    HAL_TIMEx_ConfigBreakDeadTime            0x08001f93   Thumb Code    90  stm32f1xx_hal_tim_ex.o(i.HAL_TIMEx_ConfigBreakDeadTime)
    HAL_TIMEx_MasterConfigSynchronization    0x08001fed   Thumb Code    80  stm32f1xx_hal_tim_ex.o(i.HAL_TIMEx_MasterConfigSynchronization)
    HAL_TIM_Base_Init                        0x0800203d   Thumb Code    54  stm32f1xx_hal_tim.o(i.HAL_TIM_Base_Init)
    HAL_TIM_Base_MspInit                     0x08002075   Thumb Code    72  stm32f1xx_hal_msp.o(i.HAL_TIM_Base_MspInit)
    HAL_TIM_Base_Start_IT                    0x080020c9   Thumb Code    24  stm32f1xx_hal_tim.o(i.HAL_TIM_Base_Start_IT)
    HAL_TIM_Base_Stop_IT                     0x080020e1   Thumb Code    42  stm32f1xx_hal_tim.o(i.HAL_TIM_Base_Stop_IT)
    HAL_TIM_ConfigClockSource                0x0800210b   Thumb Code   240  stm32f1xx_hal_tim.o(i.HAL_TIM_ConfigClockSource)
    HAL_TIM_IC_CaptureCallback               0x080021fb   Thumb Code     2  stm32f1xx_hal_tim.o(i.HAL_TIM_IC_CaptureCallback)
    HAL_TIM_IRQHandler                       0x080021fd   Thumb Code   358  stm32f1xx_hal_tim.o(i.HAL_TIM_IRQHandler)
    HAL_TIM_MspPostInit                      0x08002365   Thumb Code    64  stm32f1xx_hal_msp.o(i.HAL_TIM_MspPostInit)
    HAL_TIM_OC_DelayElapsedCallback          0x080023b1   Thumb Code     2  stm32f1xx_hal_tim.o(i.HAL_TIM_OC_DelayElapsedCallback)
    HAL_TIM_PWM_ConfigChannel                0x080023b3   Thumb Code   208  stm32f1xx_hal_tim.o(i.HAL_TIM_PWM_ConfigChannel)
    HAL_TIM_PWM_Init                         0x08002483   Thumb Code    54  stm32f1xx_hal_tim.o(i.HAL_TIM_PWM_Init)
    HAL_TIM_PWM_MspInit                      0x080024b9   Thumb Code     2  stm32f1xx_hal_tim.o(i.HAL_TIM_PWM_MspInit)
    HAL_TIM_PWM_PulseFinishedCallback        0x080024bb   Thumb Code     2  stm32f1xx_hal_tim.o(i.HAL_TIM_PWM_PulseFinishedCallback)
    HAL_TIM_PWM_Start                        0x080024bd   Thumb Code    42  stm32f1xx_hal_tim.o(i.HAL_TIM_PWM_Start)
    HAL_TIM_PeriodElapsedCallback            0x080024ed   Thumb Code    18  main.o(i.HAL_TIM_PeriodElapsedCallback)
    HAL_TIM_TriggerCallback                  0x08002509   Thumb Code     2  stm32f1xx_hal_tim.o(i.HAL_TIM_TriggerCallback)
    HardFault_Handler                        0x0800250b   Thumb Code     2  stm32f1xx_it.o(i.HardFault_Handler)
    MX_FATFS_Init                            0x08002581   Thumb Code    18  fatfs.o(i.MX_FATFS_Init)
    MemManage_Handler                        0x080027b1   Thumb Code     2  stm32f1xx_it.o(i.MemManage_Handler)
    NMI_Handler                              0x080027b3   Thumb Code     2  stm32f1xx_it.o(i.NMI_Handler)
    PendSV_Handler                           0x080027d5   Thumb Code     2  stm32f1xx_it.o(i.PendSV_Handler)
    SDTimer_Handler                          0x080027d9   Thumb Code    26  stm32f1xx_it.o(i.SDTimer_Handler)
    SD_disk_initialize                       0x080029a5   Thumb Code   302  fatfs_sd.o(i.SD_disk_initialize)
    SD_disk_ioctl                            0x08002add   Thumb Code   318  fatfs_sd.o(i.SD_disk_ioctl)
    SD_disk_read                             0x08002c21   Thumb Code   132  fatfs_sd.o(i.SD_disk_read)
    SD_disk_status                           0x08002ca9   Thumb Code    12  fatfs_sd.o(i.SD_disk_status)
    SD_disk_write                            0x08002cb9   Thumb Code   164  fatfs_sd.o(i.SD_disk_write)
    SVC_Handler                              0x08002e7b   Thumb Code     2  stm32f1xx_it.o(i.SVC_Handler)
    SysTick_Handler                          0x08002e7d   Thumb Code    32  stm32f1xx_it.o(i.SysTick_Handler)
    SystemClock_Config                       0x08002ea1   Thumb Code   116  main.o(i.SystemClock_Config)
    SystemInit                               0x08002f15   Thumb Code    56  system_stm32f1xx.o(i.SystemInit)
    TIM3_IRQHandler                          0x08002f5d   Thumb Code     6  stm32f1xx_it.o(i.TIM3_IRQHandler)
    TIM_Base_SetConfig                       0x08002f69   Thumb Code    94  stm32f1xx_hal_tim.o(i.TIM_Base_SetConfig)
    TIM_CCxChannelCmd                        0x08002fd5   Thumb Code    22  stm32f1xx_hal_tim.o(i.TIM_CCxChannelCmd)
    TIM_OC2_SetConfig                        0x08003069   Thumb Code    86  stm32f1xx_hal_tim.o(i.TIM_OC2_SetConfig)
    USER_initialize                          0x080031a7   Thumb Code     4  user_diskio.o(i.USER_initialize)
    USER_ioctl                               0x080031ab   Thumb Code     4  user_diskio.o(i.USER_ioctl)
    USER_read                                0x080031af   Thumb Code     4  user_diskio.o(i.USER_read)
    USER_status                              0x080031b3   Thumb Code     4  user_diskio.o(i.USER_status)
    USER_write                               0x080031b7   Thumb Code     4  user_diskio.o(i.USER_write)
    UsageFault_Handler                       0x080031bb   Thumb Code     2  stm32f1xx_it.o(i.UsageFault_Handler)
    __scatterload_copy                       0x080031bd   Thumb Code    14  handlers.o(i.__scatterload_copy)
    __scatterload_null                       0x080031cb   Thumb Code     2  handlers.o(i.__scatterload_null)
    __scatterload_zeroinit                   0x080031cd   Thumb Code    14  handlers.o(i.__scatterload_zeroinit)
    clust2sect                               0x08003307   Thumb Code    28  ff.o(i.clust2sect)
    disk_initialize                          0x08003a81   Thumb Code    36  diskio.o(i.disk_initialize)
    disk_ioctl                               0x08003aa9   Thumb Code    22  diskio.o(i.disk_ioctl)
    disk_read                                0x08003ac5   Thumb Code    24  diskio.o(i.disk_read)
    disk_status                              0x08003ae1   Thumb Code    18  diskio.o(i.disk_status)
    disk_write                               0x08003af9   Thumb Code    24  diskio.o(i.disk_write)
    f_close                                  0x08003b15   Thumb Code    42  ff.o(i.f_close)
    f_getfree                                0x08003b3f   Thumb Code   194  ff.o(i.f_getfree)
    f_gets                                   0x08003c01   Thumb Code    72  ff.o(i.f_gets)
    f_lseek                                  0x08003c49   Thumb Code   584  ff.o(i.f_lseek)
    f_mount                                  0x08003e91   Thumb Code    92  ff.o(i.f_mount)
    f_open                                   0x08003ef1   Thumb Code   478  ff.o(i.f_open)
    f_printf                                 0x080040d5   Thumb Code   484  ff.o(i.f_printf)
    f_puts                                   0x080042b9   Thumb Code    70  ff.o(i.f_puts)
    f_read                                   0x080042ff   Thumb Code   376  ff.o(i.f_read)
    f_sync                                   0x08004477   Thumb Code   162  ff.o(i.f_sync)
    f_write                                  0x08004519   Thumb Code   434  ff.o(i.f_write)
    ff_convert                               0x080046cd   Thumb Code    52  ccsbcs.o(i.ff_convert)
    ff_wtoupper                              0x08004705   Thumb Code    28  ccsbcs.o(i.ff_wtoupper)
    get_fat                                  0x08004a79   Thumb Code   230  ff.o(i.get_fat)
    get_fattime                              0x08004b5f   Thumb Code     4  fatfs.o(i.get_fattime)
    main                                     0x08004c4d   Thumb Code   546  main.o(i.main)
    put_fat                                  0x08004f33   Thumb Code   286  ff.o(i.put_fat)
    sdcard_write                             0x080050fd   Thumb Code   172  main.o(i.sdcard_write)
    AHBPrescTable                            0x080058a0   Data          16  system_stm32f1xx.o(.constdata)
    APBPrescTable                            0x080058b0   Data           8  system_stm32f1xx.o(.constdata)
    Region$$Table$$Base                      0x080058b8   Number         0  anon$$obj.o(Region$$Table)
    Region$$Table$$Limit                     0x080058d8   Number         0  anon$$obj.o(Region$$Table)
    uwTickFreq                               0x20000000   Data           1  stm32f1xx_hal.o(.data)
    uwTickPrio                               0x20000004   Data           4  stm32f1xx_hal.o(.data)
    uwTick                                   0x20000008   Data           4  stm32f1xx_hal.o(.data)
    pfs                                      0x20000010   Data           4  main.o(.data)
    fre_clust                                0x20000014   Data           4  main.o(.data)
    total                                    0x20000018   Data           4  main.o(.data)
    free                                     0x2000001c   Data           4  main.o(.data)
    t_adc                                    0x20000020   Data           4  main.o(.data)
    vsense                                   0x20000024   Data           4  main.o(.data)
    temp_val                                 0x20000028   Data           4  main.o(.data)
    temp_val_int                             0x2000002c   Data           4  main.o(.data)
    USER_Driver                              0x20000030   Data          20  user_diskio.o(.data)
    retUSER                                  0x20000044   Data           1  fatfs.o(.data)
    USERPath                                 0x20000045   Data           4  fatfs.o(.data)
    FatFsCnt                                 0x20000049   Data           1  stm32f1xx_it.o(.data)
    Timer1                                   0x2000004a   Data           1  stm32f1xx_it.o(.data)
    Timer2                                   0x2000004b   Data           1  stm32f1xx_it.o(.data)
    SystemCoreClock                          0x20000054   Data           4  system_stm32f1xx.o(.data)
    hadc1                                    0x20000058   Data          48  main.o(.bss)
    hspi1                                    0x20000088   Data          88  main.o(.bss)
    htim1                                    0x200000e0   Data          64  main.o(.bss)
    htim3                                    0x20000120   Data          64  main.o(.bss)
    fs                                       0x20000160   Data        4144  main.o(.bss)
    fil                                      0x20001190   Data        4140  main.o(.bss)
    buffer                                   0x200021bc   Data         100  main.o(.bss)
    ADC_BUF                                  0x20002220   Data          12  main.o(.bss)
    hdma_adc1                                0x2000222c   Data          68  main.o(.bss)
    disk                                     0x20002488   Data          12  ff_gen_drv.o(.bss)
    __initial_sp                             0x20002898   Data           0  startup_stm32f103xb.o(STACK)



==============================================================================

Memory Map of the image

  Image Entry point : 0x080000ed

  Load Region LR_IROM1 (Base: 0x08000000, Size: 0x00005930, Max: 0x00010000, ABSOLUTE)

    Execution Region ER_IROM1 (Exec base: 0x08000000, Load base: 0x08000000, Size: 0x000058d8, Max: 0x00010000, ABSOLUTE)

    Exec Addr    Load Addr    Size         Type   Attr      Idx    E Section Name        Object

    0x08000000   0x08000000   0x000000ec   Data   RO            3    RESET               startup_stm32f103xb.o
    0x080000ec   0x080000ec   0x00000000   Code   RO         3662  * .ARM.Collect$$$$00000000  mc_w.l(entry.o)
    0x080000ec   0x080000ec   0x00000004   Code   RO         3691    .ARM.Collect$$$$00000001  mc_w.l(entry2.o)
    0x080000f0   0x080000f0   0x00000004   Code   RO         3694    .ARM.Collect$$$$00000004  mc_w.l(entry5.o)
    0x080000f4   0x080000f4   0x00000000   Code   RO         3696    .ARM.Collect$$$$00000008  mc_w.l(entry7b.o)
    0x080000f4   0x080000f4   0x00000000   Code   RO         3698    .ARM.Collect$$$$0000000A  mc_w.l(entry8b.o)
    0x080000f4   0x080000f4   0x00000008   Code   RO         3699    .ARM.Collect$$$$0000000B  mc_w.l(entry9a.o)
    0x080000fc   0x080000fc   0x00000000   Code   RO         3701    .ARM.Collect$$$$0000000D  mc_w.l(entry10a.o)
    0x080000fc   0x080000fc   0x00000000   Code   RO         3703    .ARM.Collect$$$$0000000F  mc_w.l(entry11a.o)
    0x080000fc   0x080000fc   0x00000004   Code   RO         3692    .ARM.Collect$$$$00002712  mc_w.l(entry2.o)
    0x08000100   0x08000100   0x00000024   Code   RO            4    .text               startup_stm32f103xb.o
    0x08000124   0x08000124   0x00000020   Code   RO         3665    .text               mc_w.l(llushr.o)
    0x08000144   0x08000144   0x00000024   Code   RO         3667    .text               mc_w.l(memseta.o)
    0x08000168   0x08000168   0x00000018   Code   RO         3669    .text               mf_w.l(fscalb.o)
    0x08000180   0x08000180   0x0000014e   Code   RO         3671    .text               mf_w.l(dadd.o)
    0x080002ce   0x080002ce   0x000000e4   Code   RO         3673    .text               mf_w.l(dmul.o)
    0x080003b2   0x080003b2   0x000000de   Code   RO         3675    .text               mf_w.l(ddiv.o)
    0x08000490   0x08000490   0x0000002e   Code   RO         3677    .text               mf_w.l(dscalb.o)
    0x080004be   0x080004be   0x0000000a   Code   RO         3679    .text               mf_w.l(ffltui.o)
    0x080004c8   0x080004c8   0x0000001a   Code   RO         3681    .text               mf_w.l(dfltui.o)
    0x080004e2   0x080004e2   0x00000032   Code   RO         3683    .text               mf_w.l(ffixi.o)
    0x08000514   0x08000514   0x00000032   Code   RO         3685    .text               mf_w.l(dfixui.o)
    0x08000546   0x08000546   0x00000026   Code   RO         3687    .text               mf_w.l(f2d.o)
    0x0800056c   0x0800056c   0x00000038   Code   RO         3689    .text               mf_w.l(d2f.o)
    0x080005a4   0x080005a4   0x0000001e   Code   RO         3705    .text               mc_w.l(llshl.o)
    0x080005c2   0x080005c2   0x00000024   Code   RO         3707    .text               mc_w.l(llsshr.o)
    0x080005e6   0x080005e6   0x00000000   Code   RO         3709    .text               mc_w.l(iusefp.o)
    0x080005e6   0x080005e6   0x0000006e   Code   RO         3710    .text               mf_w.l(fepilogue.o)
    0x08000654   0x08000654   0x000000ba   Code   RO         3712    .text               mf_w.l(depilogue.o)
    0x0800070e   0x0800070e   0x00000002   PAD
    0x08000710   0x08000710   0x00000024   Code   RO         3714    .text               mc_w.l(init.o)
    0x08000734   0x08000734   0x0000000c   Code   RO         2948    i.ADC1_2_IRQHandler  stm32f1xx_it.o
    0x08000740   0x08000740   0x0000004a   Code   RO          135    i.ADC_ConversionStop_Disable  stm32f1xx_hal_adc.o
    0x0800078a   0x0800078a   0x0000004e   Code   RO          136    i.ADC_DMAConvCplt   stm32f1xx_hal_adc.o
    0x080007d8   0x080007d8   0x0000001a   Code   RO          137    i.ADC_DMAError      stm32f1xx_hal_adc.o
    0x080007f2   0x080007f2   0x0000000a   Code   RO          138    i.ADC_DMAHalfConvCplt  stm32f1xx_hal_adc.o
    0x080007fc   0x080007fc   0x00000070   Code   RO          139    i.ADC_Enable        stm32f1xx_hal_adc.o
    0x0800086c   0x0800086c   0x00000002   Code   RO         2949    i.BusFault_Handler  stm32f1xx_it.o
    0x0800086e   0x0800086e   0x00000002   PAD
    0x08000870   0x08000870   0x00000010   Code   RO         2587    i.DESELECT          fatfs_sd.o
    0x08000880   0x08000880   0x0000000c   Code   RO         2950    i.DMA1_Channel1_IRQHandler  stm32f1xx_it.o
    0x0800088c   0x0800088c   0x0000002a   Code   RO         2062    i.DMA_SetConfig     stm32f1xx_hal_dma.o
    0x080008b6   0x080008b6   0x00000002   Code   RO         2951    i.DebugMon_Handler  stm32f1xx_it.o
    0x080008b8   0x080008b8   0x00000002   Code   RO         2722    i.Error_Handler     main.o
    0x080008ba   0x080008ba   0x00000006   Code   RO         3514    i.FATFS_LinkDriver  ff_gen_drv.o
    0x080008c0   0x080008c0   0x00000040   Code   RO         3515    i.FATFS_LinkDriverEx  ff_gen_drv.o
    0x08000900   0x08000900   0x000000c8   Code   RO          315    i.HAL_ADCEx_Calibration_Start  stm32f1xx_hal_adc_ex.o
    0x080009c8   0x080009c8   0x00000002   Code   RO          317    i.HAL_ADCEx_InjectedConvCpltCallback  stm32f1xx_hal_adc_ex.o
    0x080009ca   0x080009ca   0x00000002   PAD
    0x080009cc   0x080009cc   0x000000fc   Code   RO          141    i.HAL_ADC_ConfigChannel  stm32f1xx_hal_adc.o
    0x08000ac8   0x08000ac8   0x00000002   Code   RO         2723    i.HAL_ADC_ConvCpltCallback  main.o
    0x08000aca   0x08000aca   0x00000002   Code   RO          143    i.HAL_ADC_ConvHalfCpltCallback  stm32f1xx_hal_adc.o
    0x08000acc   0x08000acc   0x00000002   Code   RO          145    i.HAL_ADC_ErrorCallback  stm32f1xx_hal_adc.o
    0x08000ace   0x08000ace   0x000000e6   Code   RO          149    i.HAL_ADC_IRQHandler  stm32f1xx_hal_adc.o
    0x08000bb4   0x08000bb4   0x0000011c   Code   RO          150    i.HAL_ADC_Init      stm32f1xx_hal_adc.o
    0x08000cd0   0x08000cd0   0x00000002   Code   RO          151    i.HAL_ADC_LevelOutOfWindowCallback  stm32f1xx_hal_adc.o
    0x08000cd2   0x08000cd2   0x00000002   PAD
    0x08000cd4   0x08000cd4   0x000000a0   Code   RO         3052    i.HAL_ADC_MspInit   stm32f1xx_hal_msp.o
    0x08000d74   0x08000d74   0x0000010c   Code   RO          157    i.HAL_ADC_Start_DMA  stm32f1xx_hal_adc.o
    0x08000e80   0x08000e80   0x000000cc   Code   RO          158    i.HAL_ADC_Start_IT  stm32f1xx_hal_adc.o
    0x08000f4c   0x08000f4c   0x00000158   Code   RO         2068    i.HAL_DMA_IRQHandler  stm32f1xx_hal_dma.o
    0x080010a4   0x080010a4   0x0000005c   Code   RO         2069    i.HAL_DMA_Init      stm32f1xx_hal_dma.o
    0x08001100   0x08001100   0x00000070   Code   RO         2073    i.HAL_DMA_Start_IT  stm32f1xx_hal_dma.o
    0x08001170   0x08001170   0x00000024   Code   RO         1629    i.HAL_Delay         stm32f1xx_hal.o
    0x08001194   0x08001194   0x000001c8   Code   RO         1999    i.HAL_GPIO_Init     stm32f1xx_hal_gpio.o
    0x0800135c   0x0800135c   0x00000008   Code   RO         2002    i.HAL_GPIO_TogglePin  stm32f1xx_hal_gpio.o
    0x08001364   0x08001364   0x0000000a   Code   RO         2003    i.HAL_GPIO_WritePin  stm32f1xx_hal_gpio.o
    0x0800136e   0x0800136e   0x00000002   PAD
    0x08001370   0x08001370   0x0000000c   Code   RO         1633    i.HAL_GetTick       stm32f1xx_hal.o
    0x0800137c   0x0800137c   0x00000010   Code   RO         1637    i.HAL_IncTick       stm32f1xx_hal.o
    0x0800138c   0x0800138c   0x00000024   Code   RO         1638    i.HAL_Init          stm32f1xx_hal.o
    0x080013b0   0x080013b0   0x00000040   Code   RO         1639    i.HAL_InitTick      stm32f1xx_hal.o
    0x080013f0   0x080013f0   0x0000003c   Code   RO         3053    i.HAL_MspInit       stm32f1xx_hal_msp.o
    0x0800142c   0x0800142c   0x00000016   Code   RO         2159    i.HAL_NVIC_EnableIRQ  stm32f1xx_hal_cortex.o
    0x08001442   0x08001442   0x00000002   PAD
    0x08001444   0x08001444   0x00000040   Code   RO         2165    i.HAL_NVIC_SetPriority  stm32f1xx_hal_cortex.o
    0x08001484   0x08001484   0x00000024   Code   RO         2166    i.HAL_NVIC_SetPriorityGrouping  stm32f1xx_hal_cortex.o
    0x080014a8   0x080014a8   0x000000c4   Code   RO         1961    i.HAL_RCCEx_GetPeriphCLKFreq  stm32f1xx_hal_rcc_ex.o
    0x0800156c   0x0800156c   0x000000e8   Code   RO         1962    i.HAL_RCCEx_PeriphCLKConfig  stm32f1xx_hal_rcc_ex.o
    0x08001654   0x08001654   0x00000168   Code   RO         1859    i.HAL_RCC_ClockConfig  stm32f1xx_hal_rcc.o
    0x080017bc   0x080017bc   0x00000020   Code   RO         1867    i.HAL_RCC_GetPCLK2Freq  stm32f1xx_hal_rcc.o
    0x080017dc   0x080017dc   0x0000006c   Code   RO         1868    i.HAL_RCC_GetSysClockFreq  stm32f1xx_hal_rcc.o
    0x08001848   0x08001848   0x000002f8   Code   RO         1871    i.HAL_RCC_OscConfig  stm32f1xx_hal_rcc.o
    0x08001b40   0x08001b40   0x00000006   Code   RO          420    i.HAL_SPI_GetState  stm32f1xx_hal_spi.o
    0x08001b46   0x08001b46   0x00000082   Code   RO          734    i.HAL_SPI_Init      stm32f1xx_hal_spi_ex.o
    0x08001bc8   0x08001bc8   0x00000070   Code   RO         3055    i.HAL_SPI_MspInit   stm32f1xx_hal_msp.o
    0x08001c38   0x08001c38   0x00000164   Code   RO          430    i.HAL_SPI_Transmit  stm32f1xx_hal_spi.o
    0x08001d9c   0x08001d9c   0x000001ca   Code   RO          431    i.HAL_SPI_TransmitReceive  stm32f1xx_hal_spi.o
    0x08001f66   0x08001f66   0x00000028   Code   RO         2170    i.HAL_SYSTICK_Config  stm32f1xx_hal_cortex.o
    0x08001f8e   0x08001f8e   0x00000002   Code   RO         1389    i.HAL_TIMEx_BreakCallback  stm32f1xx_hal_tim_ex.o
    0x08001f90   0x08001f90   0x00000002   Code   RO         1390    i.HAL_TIMEx_CommutationCallback  stm32f1xx_hal_tim_ex.o
    0x08001f92   0x08001f92   0x0000005a   Code   RO         1391    i.HAL_TIMEx_ConfigBreakDeadTime  stm32f1xx_hal_tim_ex.o
    0x08001fec   0x08001fec   0x00000050   Code   RO         1406    i.HAL_TIMEx_MasterConfigSynchronization  stm32f1xx_hal_tim_ex.o
    0x0800203c   0x0800203c   0x00000036   Code   RO          760    i.HAL_TIM_Base_Init  stm32f1xx_hal_tim.o
    0x08002072   0x08002072   0x00000002   PAD
    0x08002074   0x08002074   0x00000054   Code   RO         3057    i.HAL_TIM_Base_MspInit  stm32f1xx_hal_msp.o
    0x080020c8   0x080020c8   0x00000018   Code   RO          765    i.HAL_TIM_Base_Start_IT  stm32f1xx_hal_tim.o
    0x080020e0   0x080020e0   0x0000002a   Code   RO          768    i.HAL_TIM_Base_Stop_IT  stm32f1xx_hal_tim.o
    0x0800210a   0x0800210a   0x000000f0   Code   RO          769    i.HAL_TIM_ConfigClockSource  stm32f1xx_hal_tim.o
    0x080021fa   0x080021fa   0x00000002   Code   RO          789    i.HAL_TIM_IC_CaptureCallback  stm32f1xx_hal_tim.o
    0x080021fc   0x080021fc   0x00000166   Code   RO          802    i.HAL_TIM_IRQHandler  stm32f1xx_hal_tim.o
    0x08002362   0x08002362   0x00000002   PAD
    0x08002364   0x08002364   0x0000004c   Code   RO         3058    i.HAL_TIM_MspPostInit  stm32f1xx_hal_msp.o
    0x080023b0   0x080023b0   0x00000002   Code   RO          805    i.HAL_TIM_OC_DelayElapsedCallback  stm32f1xx_hal_tim.o
    0x080023b2   0x080023b2   0x000000d0   Code   RO          826    i.HAL_TIM_PWM_ConfigChannel  stm32f1xx_hal_tim.o
    0x08002482   0x08002482   0x00000036   Code   RO          829    i.HAL_TIM_PWM_Init  stm32f1xx_hal_tim.o
    0x080024b8   0x080024b8   0x00000002   Code   RO          831    i.HAL_TIM_PWM_MspInit  stm32f1xx_hal_tim.o
    0x080024ba   0x080024ba   0x00000002   Code   RO          832    i.HAL_TIM_PWM_PulseFinishedCallback  stm32f1xx_hal_tim.o
    0x080024bc   0x080024bc   0x00000030   Code   RO          833    i.HAL_TIM_PWM_Start  stm32f1xx_hal_tim.o
    0x080024ec   0x080024ec   0x0000001c   Code   RO         2724    i.HAL_TIM_PeriodElapsedCallback  main.o
    0x08002508   0x08002508   0x00000002   Code   RO          843    i.HAL_TIM_TriggerCallback  stm32f1xx_hal_tim.o
    0x0800250a   0x0800250a   0x00000002   Code   RO         2952    i.HardFault_Handler  stm32f1xx_it.o
    0x0800250c   0x0800250c   0x00000074   Code   RO         2725    i.MX_ADC1_Init      main.o
    0x08002580   0x08002580   0x0000001c   Code   RO         2906    i.MX_FATFS_Init     fatfs.o
    0x0800259c   0x0800259c   0x0000009c   Code   RO         2726    i.MX_GPIO_Init      main.o
    0x08002638   0x08002638   0x00000040   Code   RO         2727    i.MX_SPI1_Init      main.o
    0x08002678   0x08002678   0x000000d8   Code   RO         2728    i.MX_TIM1_Init      main.o
    0x08002750   0x08002750   0x00000060   Code   RO         2729    i.MX_TIM3_Init      main.o
    0x080027b0   0x080027b0   0x00000002   Code   RO         2953    i.MemManage_Handler  stm32f1xx_it.o
    0x080027b2   0x080027b2   0x00000002   Code   RO         2954    i.NMI_Handler       stm32f1xx_it.o
    0x080027b4   0x080027b4   0x00000020   Code   RO         2172    i.NVIC_SetPriority  stm32f1xx_hal_cortex.o
    0x080027d4   0x080027d4   0x00000002   Code   RO         2955    i.PendSV_Handler    stm32f1xx_it.o
    0x080027d6   0x080027d6   0x00000002   PAD
    0x080027d8   0x080027d8   0x00000020   Code   RO         2956    i.SDTimer_Handler   stm32f1xx_it.o
    0x080027f8   0x080027f8   0x00000070   Code   RO         2588    i.SD_PowerOn        fatfs_sd.o
    0x08002868   0x08002868   0x00000020   Code   RO         2589    i.SD_ReadyWait      fatfs_sd.o
    0x08002888   0x08002888   0x00000048   Code   RO         2590    i.SD_RxDataBlock    fatfs_sd.o
    0x080028d0   0x080028d0   0x00000066   Code   RO         2591    i.SD_SendCmd        fatfs_sd.o
    0x08002936   0x08002936   0x0000006e   Code   RO         2592    i.SD_TxDataBlock    fatfs_sd.o
    0x080029a4   0x080029a4   0x00000138   Code   RO         2593    i.SD_disk_initialize  fatfs_sd.o
    0x08002adc   0x08002adc   0x00000144   Code   RO         2594    i.SD_disk_ioctl     fatfs_sd.o
    0x08002c20   0x08002c20   0x00000088   Code   RO         2595    i.SD_disk_read      fatfs_sd.o
    0x08002ca8   0x08002ca8   0x00000010   Code   RO         2596    i.SD_disk_status    fatfs_sd.o
    0x08002cb8   0x08002cb8   0x000000a8   Code   RO         2597    i.SD_disk_write     fatfs_sd.o
    0x08002d60   0x08002d60   0x00000010   Code   RO         2598    i.SELECT            fatfs_sd.o
    0x08002d70   0x08002d70   0x00000020   Code   RO          446    i.SPI_CheckFlag_BSY  stm32f1xx_hal_spi.o
    0x08002d90   0x08002d90   0x00000034   Code   RO         2599    i.SPI_RxByte        fatfs_sd.o
    0x08002dc4   0x08002dc4   0x00000020   Code   RO         2600    i.SPI_TxByte        fatfs_sd.o
    0x08002de4   0x08002de4   0x00000096   Code   RO          465    i.SPI_WaitFlagStateUntilTimeout  stm32f1xx_hal_spi.o
    0x08002e7a   0x08002e7a   0x00000002   Code   RO         2957    i.SVC_Handler       stm32f1xx_it.o
    0x08002e7c   0x08002e7c   0x00000024   Code   RO         2958    i.SysTick_Handler   stm32f1xx_it.o
    0x08002ea0   0x08002ea0   0x00000074   Code   RO         2730    i.SystemClock_Config  main.o
    0x08002f14   0x08002f14   0x00000048   Code   RO         3628    i.SystemInit        system_stm32f1xx.o
    0x08002f5c   0x08002f5c   0x0000000c   Code   RO         2959    i.TIM3_IRQHandler   stm32f1xx_it.o
    0x08002f68   0x08002f68   0x0000006c   Code   RO          844    i.TIM_Base_SetConfig  stm32f1xx_hal_tim.o
    0x08002fd4   0x08002fd4   0x00000016   Code   RO          845    i.TIM_CCxChannelCmd  stm32f1xx_hal_tim.o
    0x08002fea   0x08002fea   0x00000014   Code   RO          851    i.TIM_ETR_SetConfig  stm32f1xx_hal_tim.o
    0x08002ffe   0x08002ffe   0x00000010   Code   RO          852    i.TIM_ITRx_SetConfig  stm32f1xx_hal_tim.o
    0x0800300e   0x0800300e   0x00000002   PAD
    0x08003010   0x08003010   0x00000058   Code   RO          853    i.TIM_OC1_SetConfig  stm32f1xx_hal_tim.o
    0x08003068   0x08003068   0x0000005c   Code   RO          854    i.TIM_OC2_SetConfig  stm32f1xx_hal_tim.o
    0x080030c4   0x080030c4   0x00000058   Code   RO          855    i.TIM_OC3_SetConfig  stm32f1xx_hal_tim.o
    0x0800311c   0x0800311c   0x00000044   Code   RO          856    i.TIM_OC4_SetConfig  stm32f1xx_hal_tim.o
    0x08003160   0x08003160   0x00000022   Code   RO          858    i.TIM_TI1_ConfigInputStage  stm32f1xx_hal_tim.o
    0x08003182   0x08003182   0x00000024   Code   RO          860    i.TIM_TI2_ConfigInputStage  stm32f1xx_hal_tim.o
    0x080031a6   0x080031a6   0x00000004   Code   RO         2839    i.USER_initialize   user_diskio.o
    0x080031aa   0x080031aa   0x00000004   Code   RO         2840    i.USER_ioctl        user_diskio.o
    0x080031ae   0x080031ae   0x00000004   Code   RO         2841    i.USER_read         user_diskio.o
    0x080031b2   0x080031b2   0x00000004   Code   RO         2842    i.USER_status       user_diskio.o
    0x080031b6   0x080031b6   0x00000004   Code   RO         2843    i.USER_write        user_diskio.o
    0x080031ba   0x080031ba   0x00000002   Code   RO         2960    i.UsageFault_Handler  stm32f1xx_it.o
    0x080031bc   0x080031bc   0x0000000e   Code   RO         3718    i.__scatterload_copy  mc_w.l(handlers.o)
    0x080031ca   0x080031ca   0x00000002   Code   RO         3719    i.__scatterload_null  mc_w.l(handlers.o)
    0x080031cc   0x080031cc   0x0000000e   Code   RO         3720    i.__scatterload_zeroinit  mc_w.l(handlers.o)
    0x080031da   0x080031da   0x00000002   PAD
    0x080031dc   0x080031dc   0x00000060   Code   RO         3173    i.check_fs          ff.o
    0x0800323c   0x0800323c   0x00000010   Code   RO         3174    i.chk_chr           ff.o
    0x0800324c   0x0800324c   0x00000068   Code   RO         3175    i.chk_lock          ff.o
    0x080032b4   0x080032b4   0x00000024   Code   RO         3176    i.clear_lock        ff.o
    0x080032d8   0x080032d8   0x0000002e   Code   RO         3177    i.clmt_clust        ff.o
    0x08003306   0x08003306   0x0000001c   Code   RO         3178    i.clust2sect        ff.o
    0x08003322   0x08003322   0x000000a4   Code   RO         3179    i.create_chain      ff.o
    0x080033c6   0x080033c6   0x00000002   PAD
    0x080033c8   0x080033c8   0x000001e0   Code   RO         3180    i.create_name       ff.o
    0x080035a8   0x080035a8   0x0000003c   Code   RO         3181    i.dec_lock          ff.o
    0x080035e4   0x080035e4   0x00000130   Code   RO         3182    i.dir_find          ff.o
    0x08003714   0x08003714   0x0000011c   Code   RO         3183    i.dir_next          ff.o
    0x08003830   0x08003830   0x000001b4   Code   RO         3185    i.dir_register      ff.o
    0x080039e4   0x080039e4   0x0000009a   Code   RO         3187    i.dir_sdi           ff.o
    0x08003a7e   0x08003a7e   0x00000002   PAD
    0x08003a80   0x08003a80   0x00000028   Code   RO         3118    i.disk_initialize   diskio.o
    0x08003aa8   0x08003aa8   0x0000001c   Code   RO         3119    i.disk_ioctl        diskio.o
    0x08003ac4   0x08003ac4   0x0000001c   Code   RO         3120    i.disk_read         diskio.o
    0x08003ae0   0x08003ae0   0x00000018   Code   RO         3121    i.disk_status       diskio.o
    0x08003af8   0x08003af8   0x0000001c   Code   RO         3122    i.disk_write        diskio.o
    0x08003b14   0x08003b14   0x0000002a   Code   RO         3189    i.f_close           ff.o
    0x08003b3e   0x08003b3e   0x000000c2   Code   RO         3191    i.f_getfree         ff.o
    0x08003c00   0x08003c00   0x00000048   Code   RO         3192    i.f_gets            ff.o
    0x08003c48   0x08003c48   0x00000248   Code   RO         3193    i.f_lseek           ff.o
    0x08003e90   0x08003e90   0x00000060   Code   RO         3196    i.f_mount           ff.o
    0x08003ef0   0x08003ef0   0x000001e4   Code   RO         3197    i.f_open            ff.o
    0x080040d4   0x080040d4   0x000001e4   Code   RO         3199    i.f_printf          ff.o
    0x080042b8   0x080042b8   0x00000046   Code   RO         3201    i.f_puts            ff.o
    0x080042fe   0x080042fe   0x00000178   Code   RO         3202    i.f_read            ff.o
    0x08004476   0x08004476   0x000000a2   Code   RO         3206    i.f_sync            ff.o
    0x08004518   0x08004518   0x000001b2   Code   RO         3210    i.f_write           ff.o
    0x080046ca   0x080046ca   0x00000002   PAD
    0x080046cc   0x080046cc   0x00000038   Code   RO         3595    i.ff_convert        ccsbcs.o
    0x08004704   0x08004704   0x00000024   Code   RO         3596    i.ff_wtoupper       ccsbcs.o
    0x08004728   0x08004728   0x00000268   Code   RO         3211    i.find_volume       ff.o
    0x08004990   0x08004990   0x0000006a   Code   RO         3212    i.follow_path       ff.o
    0x080049fa   0x080049fa   0x00000002   PAD
    0x080049fc   0x080049fc   0x0000007c   Code   RO         3213    i.gen_numname       ff.o
    0x08004a78   0x08004a78   0x000000e6   Code   RO         3214    i.get_fat           ff.o
    0x08004b5e   0x08004b5e   0x00000004   Code   RO         2907    i.get_fattime       fatfs.o
    0x08004b62   0x08004b62   0x0000003c   Code   RO         3216    i.get_ldnumber      ff.o
    0x08004b9e   0x08004b9e   0x00000002   PAD
    0x08004ba0   0x08004ba0   0x00000094   Code   RO         3217    i.inc_lock          ff.o
    0x08004c34   0x08004c34   0x00000016   Code   RO         3218    i.ld_clust          ff.o
    0x08004c4a   0x08004c4a   0x00000002   PAD
    0x08004c4c   0x08004c4c   0x00000290   Code   RO         2731    i.main              main.o
    0x08004edc   0x08004edc   0x00000010   Code   RO         3219    i.mem_cpy           ff.o
    0x08004eec   0x08004eec   0x0000000e   Code   RO         3220    i.mem_set           ff.o
    0x08004efa   0x08004efa   0x00000038   Code   RO         3221    i.move_window       ff.o
    0x08004f32   0x08004f32   0x0000011e   Code   RO         3222    i.put_fat           ff.o
    0x08005050   0x08005050   0x00000046   Code   RO         3223    i.putc_bfd          ff.o
    0x08005096   0x08005096   0x00000066   Code   RO         3224    i.remove_chain      ff.o
    0x080050fc   0x080050fc   0x000000dc   Code   RO         2732    i.sdcard_write      main.o
    0x080051d8   0x080051d8   0x00000010   Code   RO         3225    i.st_clust          ff.o
    0x080051e8   0x080051e8   0x0000001a   Code   RO         3226    i.sum_sfn           ff.o
    0x08005202   0x08005202   0x000000a8   Code   RO         3227    i.sync_fs           ff.o
    0x080052aa   0x080052aa   0x00000052   Code   RO         3228    i.sync_window       ff.o
    0x080052fc   0x080052fc   0x0000002a   Code   RO         3229    i.validate          ff.o
    0x08005326   0x08005326   0x000000ba   Data   RO         3231    .constdata          ff.o
    0x080053e0   0x080053e0   0x000004c0   Data   RO         3597    .constdata          ccsbcs.o
    0x080058a0   0x080058a0   0x00000010   Data   RO         3629    .constdata          system_stm32f1xx.o
    0x080058b0   0x080058b0   0x00000008   Data   RO         3630    .constdata          system_stm32f1xx.o
    0x080058b8   0x080058b8   0x00000020   Data   RO         3716    Region$$Table       anon$$obj.o


    Execution Region RW_IRAM1 (Exec base: 0x20000000, Load base: 0x080058d8, Size: 0x00002898, Max: 0x00005000, ABSOLUTE)

    Exec Addr    Load Addr    Size         Type   Attr      Idx    E Section Name        Object

    0x20000000   0x080058d8   0x0000000c   Data   RW         1645    .data               stm32f1xx_hal.o
    0x2000000c   0x080058e4   0x00000003   Data   RW         2601    .data               fatfs_sd.o
    0x2000000f   0x080058e7   0x00000001   PAD
    0x20000010   0x080058e8   0x00000020   Data   RW         2736    .data               main.o
    0x20000030   0x08005908   0x00000014   Data   RW         2844    .data               user_diskio.o
    0x20000044   0x0800591c   0x00000005   Data   RW         2910    .data               fatfs.o
    0x20000049   0x08005921   0x00000003   Data   RW         2961    .data               stm32f1xx_it.o
    0x2000004c   0x08005924   0x00000008   Data   RW         3232    .data               ff.o
    0x20000054   0x0800592c   0x00000004   Data   RW         3631    .data               system_stm32f1xx.o
    0x20000058        -       0x000021d4   Zero   RW         2733    .bss                main.o
    0x2000222c        -       0x00000044   Zero   RW         2734    .bss                main.o
    0x20002270        -       0x00000218   Zero   RW         3230    .bss                ff.o
    0x20002488        -       0x0000000c   Zero   RW         3518    .bss                ff_gen_drv.o
    0x20002494   0x08005930   0x00000004   PAD
    0x20002498        -       0x00000400   Zero   RW            1    STACK               startup_stm32f103xb.o


==============================================================================

Image component sizes


      Code (inc. data)   RO Data    RW Data    ZI Data      Debug   Object Name

        92         12       1216          0          0       1939   ccsbcs.o
       148         24          0          0          0       3481   diskio.o
        32         10          0          5          0       1380   fatfs.o
      1500         60          0          3          0      11327   fatfs_sd.o
      7390         82        186          8        536      45622   ff.o
        70          4          0          0         12       1531   ff_gen_drv.o
      1672        214          0         32       8728      11388   main.o
        36          8        236          0       1024        788   startup_stm32f103xb.o
       164         28          0         12          0     442205   stm32f1xx_hal.o
      1544         68          0          0          0      10002   stm32f1xx_hal_adc.o
       202          6          0          0          0       1963   stm32f1xx_hal_adc_ex.o
       194         14          0          0          0      25619   stm32f1xx_hal_cortex.o
       590         32          0          0          0       3515   stm32f1xx_hal_dma.o
       474         34          0          0          0       3381   stm32f1xx_hal_gpio.o
         0          0          0          0          0     448548   stm32f1xx_hal_gpio_ex.o
       492         68          0          0          0       3487   stm32f1xx_hal_msp.o
      1260         84          0          0          0       4705   stm32f1xx_hal_rcc.o
       428         44          0          0          0       2569   stm32f1xx_hal_rcc_ex.o
      1002          0          0          0          0       5308   stm32f1xx_hal_spi.o
       130          0          0          0          0       1031   stm32f1xx_hal_spi_ex.o
      1610         40          0          0          0      16279   stm32f1xx_hal_tim.o
       174          0          0          0          0       3090   stm32f1xx_hal_tim_ex.o
       120         28          0          3          0       6034   stm32f1xx_it.o
         0          0          0          0          0        504   syscall.o
        72         16         24          4          0       1111   system_stm32f1xx.o
        20          0          0         20          0       6780   user_diskio.o

    ----------------------------------------------------------------------
     19446        876       1694         88      10304    1063587   Object Totals
         0          0         32          0          0          0   (incl. Generated)
        30          0          0          1          4          0   (incl. Padding)

    ----------------------------------------------------------------------

      Code (inc. data)   RO Data    RW Data    ZI Data      Debug   Library Member Name

         0          0          0          0          0          0   entry.o
         0          0          0          0          0          0   entry10a.o
         0          0          0          0          0          0   entry11a.o
         8          4          0          0          0          0   entry2.o
         4          0          0          0          0          0   entry5.o
         0          0          0          0          0          0   entry7b.o
         0          0          0          0          0          0   entry8b.o
         8          4          0          0          0          0   entry9a.o
        30          0          0          0          0          0   handlers.o
        36          8          0          0          0         68   init.o
         0          0          0          0          0          0   iusefp.o
        30          0          0          0          0         68   llshl.o
        36          0          0          0          0         68   llsshr.o
        32          0          0          0          0         68   llushr.o
        36          0          0          0          0        108   memseta.o
        56          0          0          0          0         88   d2f.o
       334          0          0          0          0        148   dadd.o
       222          0          0          0          0        100   ddiv.o
       186          0          0          0          0        176   depilogue.o
        50          0          0          0          0         76   dfixui.o
        26          0          0          0          0         76   dfltui.o
       228          0          0          0          0         96   dmul.o
        46          0          0          0          0         80   dscalb.o
        38          0          0          0          0         68   f2d.o
       110          0          0          0          0        168   fepilogue.o
        50          0          0          0          0         68   ffixi.o
        10          0          0          0          0         68   ffltui.o
        24          0          0          0          0         68   fscalb.o

    ----------------------------------------------------------------------
      1604         16          0          0          0       1660   Library Totals
         4          0          0          0          0          0   (incl. Padding)

    ----------------------------------------------------------------------

      Code (inc. data)   RO Data    RW Data    ZI Data      Debug   Library Name

       220         16          0          0          0        380   mc_w.l
      1380          0          0          0          0       1280   mf_w.l

    ----------------------------------------------------------------------
      1604         16          0          0          0       1660   Library Totals

    ----------------------------------------------------------------------

==============================================================================


      Code (inc. data)   RO Data    RW Data    ZI Data      Debug   

     21050        892       1694         88      10304    1055779   Grand Totals
     21050        892       1694         88      10304    1055779   ELF Image Totals
     21050        892       1694         88          0          0   ROM Totals

==============================================================================

    Total RO  Size (Code + RO Data)                22744 (  22.21kB)
    Total RW  Size (RW Data + ZI Data)             10392 (  10.15kB)
    Total ROM Size (Code + RO Data + RW Data)      22832 (  22.30kB)

==============================================================================

